#
# There is insufficient memory for the Java Runtime Environment to continue.
# Native memory allocation (malloc) failed to allocate 1047568 bytes. Error detail: Chunk::new
# Possible reasons:
#   The system is out of physical RAM or swap space
#   This process is running with CompressedOops enabled, and the Java Heap may be blocking the growth of the native heap
# Possible solutions:
#   Reduce memory load on the system
#   Increase physical memory or swap space
#   Check if swap backing store is full
#   Decrease Java heap size (-Xmx/-Xms)
#   Decrease number of Java threads
#   Decrease Java thread stack sizes (-Xss)
#   Set larger code cache with -XX:ReservedCodeCacheSize=
#   JVM is running with Unscaled Compressed Oops mode in which the Java heap is
#     placed in the first 4GB address space. The Java Heap base address is the
#     maximum limit for the native heap growth. Please use -XX:HeapBaseMinAddress
#     to set the Java Heap base and to place the Java Heap above 4GB virtual address.
# This output file may be truncated or incomplete.
#
#  Out of Memory Error (arena.cpp:168), pid=15984, tid=24724
#
# JRE version: OpenJDK Runtime Environment Temurin-21.0.10+7 (21.0.10+7) (build 21.0.10+7-LTS)
# Java VM: OpenJDK 64-Bit Server VM Temurin-21.0.10+7 (21.0.10+7-LTS, mixed mode, sharing, tiered, compressed oops, compressed class ptrs, g1 gc, windows-amd64)
# No core dump will be written. Minidumps are not enabled by default on client versions of Windows
#

---------------  S U M M A R Y ------------

Command Line: --add-opens=java.base/java.lang=ALL-UNNAMED --add-opens=java.base/java.lang.invoke=ALL-UNNAMED --add-opens=java.base/java.util=ALL-UNNAMED --add-opens=java.prefs/java.util.prefs=ALL-UNNAMED --add-exports=jdk.compiler/com.sun.tools.javac.api=ALL-UNNAMED --add-exports=jdk.compiler/com.sun.tools.javac.util=ALL-UNNAMED --add-opens=java.base/java.util=ALL-UNNAMED --add-opens=java.prefs/java.util.prefs=ALL-UNNAMED --add-opens=java.base/java.nio.charset=ALL-UNNAMED --add-opens=java.base/java.net=ALL-UNNAMED --add-opens=java.base/java.util.concurrent.atomic=ALL-UNNAMED --add-opens=java.xml/javax.xml.namespace=ALL-UNNAMED -Xmx2048m -Dfile.encoding=UTF-8 -Duser.country=US -Duser.language=en -Duser.variant -javaagent:C:\Users\ASUS\.gradle\wrapper\dists\gradle-8.14-bin\38aieal9i53h9rfe7vjup95b9\gradle-8.14\lib\agents\gradle-instrumentation-agent-8.14.jar org.gradle.launcher.daemon.bootstrap.GradleDaemon 8.14

Host: 11th Gen Intel(R) Core(TM) i3-1115G4 @ 3.00GHz, 4 cores, 19G,  Windows 11 , 64 bit Build 26100 (10.0.26100.3575)
Time: Mon May 11 13:51:55 2026 India Standard Time elapsed time: 28.747028 seconds (0d 0h 0m 28s)

---------------  T H R E A D  ---------------

Current thread (0x000001987c66dad0):  JavaThread "C2 CompilerThread0" daemon [_thread_in_native, id=24724, stack(0x0000007769700000,0x0000007769800000) (1024K)]


Current CompileTask:
C2:28747 13389   !   4       org.gradle.cache.internal.DefaultMultiProcessSafeIndexedCache::getIfPresent (25 bytes)

Stack: [0x0000007769700000,0x0000007769800000]
Native frames: (J=compiled Java code, j=interpreted, Vv=VM code, C=native code)
V  [jvm.dll+0x6d7a39]
V  [jvm.dll+0x8b4b26]
V  [jvm.dll+0x8b70de]
V  [jvm.dll+0x8b77c3]
V  [jvm.dll+0x284346]
V  [jvm.dll+0xc66ed]
V  [jvm.dll+0xc6c31]
V  [jvm.dll+0x3bec3b]
V  [jvm.dll+0x38b162]
V  [jvm.dll+0x38a5aa]
V  [jvm.dll+0x24c560]
V  [jvm.dll+0x24bb40]
V  [jvm.dll+0x1cb34e]
V  [jvm.dll+0x25b85d]
V  [jvm.dll+0x259dea]
V  [jvm.dll+0x3f857e]
V  [jvm.dll+0x85f59d]
V  [jvm.dll+0x6d626d]
C  [ucrtbase.dll+0x37b0]
C  [KERNEL32.DLL+0x2e8d7]
C  [ntdll.dll+0xb14fc]


---------------  P R O C E S S  ---------------

Threads class SMR info:
_java_thread_list=0x0000019855e9f450, length=36, elements={
0x000001987473f230, 0x000001987c64b3f0, 0x000001987c64be50, 0x000001987c652540,
0x000001987c657380, 0x000001987c65bb20, 0x000001987c665550, 0x000001987c66dad0,
0x000001987c66fed0, 0x000001987c666f90, 0x000001987c667620, 0x000001987c6689d0,
0x000001987c666270, 0x000001987c665be0, 0x000001987c667cb0, 0x000001987e073b30,
0x000001987e072e10, 0x000001987e074850, 0x000001987e0734a0, 0x000001987e075c00,
0x000001987e076920, 0x000001987e078360, 0x0000019855097bb0, 0x0000019855d12360,
0x0000019856b1d4e0, 0x0000019856b1ad80, 0x0000019856b1e890, 0x0000019856b20ff0,
0x0000019856b202d0, 0x0000019856b1f5b0, 0x0000019856b1fc40, 0x0000019856b20960,
0x0000019856b21680, 0x000001987e071a60, 0x000001987e0720f0, 0x000001987e0741c0
}

Java Threads: ( => current thread )
  0x000001987473f230 JavaThread "main"                              [_thread_blocked, id=10600, stack(0x0000007768900000,0x0000007768a00000) (1024K)]
  0x000001987c64b3f0 JavaThread "Reference Handler"          daemon [_thread_blocked, id=22884, stack(0x0000007769100000,0x0000007769200000) (1024K)]
  0x000001987c64be50 JavaThread "Finalizer"                  daemon [_thread_blocked, id=14260, stack(0x0000007769200000,0x0000007769300000) (1024K)]
  0x000001987c652540 JavaThread "Signal Dispatcher"          daemon [_thread_blocked, id=22488, stack(0x0000007769300000,0x0000007769400000) (1024K)]
  0x000001987c657380 JavaThread "Attach Listener"            daemon [_thread_blocked, id=23388, stack(0x0000007769400000,0x0000007769500000) (1024K)]
  0x000001987c65bb20 JavaThread "Service Thread"             daemon [_thread_blocked, id=26756, stack(0x0000007769500000,0x0000007769600000) (1024K)]
  0x000001987c665550 JavaThread "Monitor Deflation Thread"   daemon [_thread_blocked, id=17216, stack(0x0000007769600000,0x0000007769700000) (1024K)]
=>0x000001987c66dad0 JavaThread "C2 CompilerThread0"         daemon [_thread_in_native, id=24724, stack(0x0000007769700000,0x0000007769800000) (1024K)]
  0x000001987c66fed0 JavaThread "C1 CompilerThread0"         daemon [_thread_blocked, id=23560, stack(0x0000007769800000,0x0000007769900000) (1024K)]
  0x000001987c666f90 JavaThread "Common-Cleaner"             daemon [_thread_blocked, id=13072, stack(0x0000007769900000,0x0000007769a00000) (1024K)]
  0x000001987c667620 JavaThread "Notification Thread"        daemon [_thread_blocked, id=21224, stack(0x0000007769a00000,0x0000007769b00000) (1024K)]
  0x000001987c6689d0 JavaThread "Daemon health stats"               [_thread_blocked, id=19460, stack(0x0000007769f00000,0x000000776a000000) (1024K)]
  0x000001987c666270 JavaThread "Incoming local TCP Connector on port 11699"        [_thread_in_native, id=24024, stack(0x000000776a000000,0x000000776a100000) (1024K)]
  0x000001987c665be0 JavaThread "Daemon periodic checks"            [_thread_blocked, id=25268, stack(0x000000776a100000,0x000000776a200000) (1024K)]
  0x000001987c667cb0 JavaThread "Daemon"                            [_thread_blocked, id=10392, stack(0x000000776a200000,0x000000776a300000) (1024K)]
  0x000001987e073b30 JavaThread "Daemon worker"                     [_thread_in_native, id=3632, stack(0x000000776a500000,0x000000776a600000) (1024K)]
  0x000001987e072e10 JavaThread "Cache worker for journal cache (C:\Users\ASUS\.gradle\caches\journal-1)"        [_thread_blocked, id=13468, stack(0x000000776a900000,0x000000776aa00000) (1024K)]
  0x000001987e074850 JavaThread "File lock request listener"        [_thread_in_native, id=1720, stack(0x000000776aa00000,0x000000776ab00000) (1024K)]
  0x000001987e0734a0 JavaThread "Cache worker for file hash cache (C:\Users\ASUS\.gradle\caches\8.14\fileHashes)"        [_thread_blocked, id=21992, stack(0x000000776ab00000,0x000000776ac00000) (1024K)]
  0x000001987e075c00 JavaThread "File watcher server"        daemon [_thread_in_native, id=21120, stack(0x000000776ae00000,0x000000776af00000) (1024K)]
  0x000001987e076920 JavaThread "File watcher consumer"      daemon [_thread_blocked, id=18820, stack(0x000000776af00000,0x000000776b000000) (1024K)]
  0x000001987e078360 JavaThread "Cache worker for file content cache (C:\Users\ASUS\.gradle\caches\8.14\fileContent)"        [_thread_blocked, id=2936, stack(0x000000776b100000,0x000000776b200000) (1024K)]
  0x0000019855097bb0 JavaThread "Memory manager"                    [_thread_blocked, id=11780, stack(0x000000776b700000,0x000000776b800000) (1024K)]
  0x0000019855d12360 JavaThread "pool-3-thread-1"                   [_thread_blocked, id=27624, stack(0x000000776b900000,0x000000776ba00000) (1024K)]
  0x0000019856b1d4e0 JavaThread "pool-2-thread-1"                   [_thread_in_native, id=3616, stack(0x0000007769e00000,0x0000007769f00000) (1024K)]
  0x0000019856b1ad80 JavaThread "VFS cleanup"                       [_thread_blocked, id=27604, stack(0x000000776a600000,0x000000776a700000) (1024K)]
  0x0000019856b1e890 JavaThread "Handler for socket connection from /127.0.0.1:11699 to /127.0.0.1:2728"        [_thread_in_native, id=9320, stack(0x000000776a300000,0x000000776a400000) (1024K)]
  0x0000019856b20ff0 JavaThread "Cancel handler"                    [_thread_blocked, id=27592, stack(0x000000776a400000,0x000000776a500000) (1024K)]
  0x0000019856b202d0 JavaThread "Asynchronous log dispatcher for DefaultDaemonConnection: socket connection from /127.0.0.1:11699 to /127.0.0.1:2728"        [_thread_blocked, id=27584, stack(0x000000776a700000,0x000000776a800000) (1024K)]
  0x0000019856b1f5b0 JavaThread "Stdin handler"                     [_thread_blocked, id=27580, stack(0x000000776a800000,0x000000776a900000) (1024K)]
  0x0000019856b1fc40 JavaThread "Daemon client event forwarder"        [_thread_blocked, id=27564, stack(0x000000776ac00000,0x000000776ad00000) (1024K)]
  0x0000019856b20960 JavaThread "Cache worker for file hash cache (D:\ShreeGanesh\.gradle\8.14\fileHashes)"        [_thread_blocked, id=19120, stack(0x000000776ad00000,0x000000776ae00000) (1024K)]
  0x0000019856b21680 JavaThread "Cache worker for Build Output Cleanup Cache (D:\ShreeGanesh\.gradle\buildOutputCleanup)"        [_thread_blocked, id=25696, stack(0x000000776b000000,0x000000776b100000) (1024K)]
  0x000001987e071a60 JavaThread "Cache worker for checksums cache (D:\ShreeGanesh\.gradle\8.14\checksums)"        [_thread_blocked, id=7396, stack(0x000000776b300000,0x000000776b400000) (1024K)]
  0x000001987e0720f0 JavaThread "Cache worker for cache directory md-supplier (C:\Users\ASUS\.gradle\caches\8.14\md-supplier)"        [_thread_blocked, id=6900, stack(0x000000776b400000,0x000000776b500000) (1024K)]
  0x000001987e0741c0 JavaThread "Cache worker for cache directory md-rule (C:\Users\ASUS\.gradle\caches\8.14\md-rule)"        [_thread_blocked, id=15912, stack(0x000000776b500000,0x000000776b600000) (1024K)]
Total: 36

Other Threads:
  0x000001987c62fe60 VMThread "VM Thread"                           [id=18624, stack(0x0000007769000000,0x0000007769100000) (1024K)]
  0x000001987c7014d0 WatcherThread "VM Periodic Task Thread"        [id=4368, stack(0x0000007768f00000,0x0000007769000000) (1024K)]
  0x00000198747978d0 WorkerThread "GC Thread#0"                     [id=23744, stack(0x0000007768a00000,0x0000007768b00000) (1024K)]
  0x000001987ca22830 WorkerThread "GC Thread#1"                     [id=2856, stack(0x0000007769b00000,0x0000007769c00000) (1024K)]
  0x000001987ca22be0 WorkerThread "GC Thread#2"                     [id=8672, stack(0x0000007769c00000,0x0000007769d00000) (1024K)]
  0x000001987ca22f90 WorkerThread "GC Thread#3"                     [id=7184, stack(0x0000007769d00000,0x0000007769e00000) (1024K)]
  0x00000198747a9650 ConcurrentGCThread "G1 Main Marker"            [id=1208, stack(0x0000007768b00000,0x0000007768c00000) (1024K)]
  0x00000198747aa070 WorkerThread "G1 Conc#0"                       [id=7844, stack(0x0000007768c00000,0x0000007768d00000) (1024K)]
  0x000001987c5706f0 ConcurrentGCThread "G1 Refine#0"               [id=1064, stack(0x0000007768d00000,0x0000007768e00000) (1024K)]
  0x000001987c570f20 ConcurrentGCThread "G1 Service"                [id=23516, stack(0x0000007768e00000,0x0000007768f00000) (1024K)]
Total: 10

Threads with active compile tasks:
C2 CompilerThread0  28768 13389   !   4       org.gradle.cache.internal.DefaultMultiProcessSafeIndexedCache::getIfPresent (25 bytes)
Total: 1

VM state: not at safepoint (normal execution)

VM Mutex/Monitor currently owned by a thread: None

Heap address: 0x0000000080000000, size: 2048 MB, Compressed Oops mode: 32-bit

CDS archive(s) mapped at: [0x000001980f000000-0x000001980fba0000-0x000001980fba0000), size 12189696, SharedBaseAddress: 0x000001980f000000, ArchiveRelocationMode: 1.
Compressed class space mapped at: 0x0000019810000000-0x0000019850000000, reserved size: 1073741824
Narrow klass base: 0x000001980f000000, Narrow klass shift: 0, Narrow klass range: 0x100000000

GC Precious Log:
 CardTable entry size: 512
 Card Set container configuration: InlinePtr #cards 5 size 8 Array Of Cards #cards 12 size 40 Howl #buckets 4 coarsen threshold 1843 Howl Bitmap #cards 512 size 80 coarsen threshold 460 Card regions per heap region 1 cards per card region 2048
 CPUs: 4 total, 4 available
 Memory: 20174M
 Large Page Support: Disabled
 NUMA Support: Disabled
 Compressed Oops: Enabled (32-bit)
 Heap Region Size: 1M
 Heap Min Capacity: 8M
 Heap Initial Capacity: 316M
 Heap Max Capacity: 2G
 Pre-touch: Disabled
 Parallel Workers: 4
 Concurrent Workers: 1
 Concurrent Refinement Workers: 4
 Periodic GC: Disabled

Heap:
 garbage-first heap   total 188416K, used 134093K [0x0000000080000000, 0x0000000100000000)
  region size 1024K, 23 young (23552K), 5 survivors (5120K)
 Metaspace       used 109739K, committed 112000K, reserved 1179648K
  class space    used 15065K, committed 16192K, reserved 1048576K

Heap Regions: E=young(eden), S=young(survivor), O=old, HS=humongous(starts), HC=humongous(continues), CS=collection set, F=free, TAMS=top-at-mark-start, PB=parsable bottom
|   0|0x0000000080000000, 0x0000000080100000, 0x0000000080100000|100%|HS|  |TAMS 0x0000000080000000| PB 0x0000000080000000| Complete 
|   1|0x0000000080100000, 0x0000000080200000, 0x0000000080200000|100%|HC|  |TAMS 0x0000000080100000| PB 0x0000000080100000| Complete 
|   2|0x0000000080200000, 0x0000000080300000, 0x0000000080300000|100%|HC|  |TAMS 0x0000000080200000| PB 0x0000000080200000| Complete 
|   3|0x0000000080300000, 0x0000000080400000, 0x0000000080400000|100%| O|  |TAMS 0x0000000080300000| PB 0x0000000080300000| Untracked 
|   4|0x0000000080400000, 0x0000000080500000, 0x0000000080500000|100%| O|  |TAMS 0x0000000080400000| PB 0x0000000080400000| Untracked 
|   5|0x0000000080500000, 0x0000000080600000, 0x0000000080600000|100%| O|  |TAMS 0x0000000080500000| PB 0x0000000080500000| Untracked 
|   6|0x0000000080600000, 0x0000000080700000, 0x0000000080700000|100%| O|  |TAMS 0x0000000080600000| PB 0x0000000080600000| Untracked 
|   7|0x0000000080700000, 0x0000000080800000, 0x0000000080800000|100%|HS|  |TAMS 0x0000000080700000| PB 0x0000000080700000| Complete 
|   8|0x0000000080800000, 0x0000000080900000, 0x0000000080900000|100%| O|  |TAMS 0x0000000080800000| PB 0x0000000080800000| Untracked 
|   9|0x0000000080900000, 0x0000000080a00000, 0x0000000080a00000|100%| O|  |TAMS 0x0000000080900000| PB 0x0000000080900000| Untracked 
|  10|0x0000000080a00000, 0x0000000080b00000, 0x0000000080b00000|100%| O|  |TAMS 0x0000000080a00000| PB 0x0000000080a00000| Untracked 
|  11|0x0000000080b00000, 0x0000000080c00000, 0x0000000080c00000|100%| O|  |TAMS 0x0000000080b00000| PB 0x0000000080b00000| Untracked 
|  12|0x0000000080c00000, 0x0000000080d00000, 0x0000000080d00000|100%| O|  |TAMS 0x0000000080c00000| PB 0x0000000080c00000| Untracked 
|  13|0x0000000080d00000, 0x0000000080e00000, 0x0000000080e00000|100%| O|  |TAMS 0x0000000080d00000| PB 0x0000000080d00000| Untracked 
|  14|0x0000000080e00000, 0x0000000080f00000, 0x0000000080f00000|100%| O|  |TAMS 0x0000000080e00000| PB 0x0000000080e00000| Untracked 
|  15|0x0000000080f00000, 0x0000000081000000, 0x0000000081000000|100%| O|  |TAMS 0x0000000080f00000| PB 0x0000000080f00000| Untracked 
|  16|0x0000000081000000, 0x0000000081100000, 0x0000000081100000|100%| O|  |TAMS 0x0000000081000000| PB 0x0000000081000000| Untracked 
|  17|0x0000000081100000, 0x0000000081200000, 0x0000000081200000|100%| O|  |TAMS 0x0000000081100000| PB 0x0000000081100000| Untracked 
|  18|0x0000000081200000, 0x0000000081300000, 0x0000000081300000|100%| O|  |TAMS 0x0000000081200000| PB 0x0000000081200000| Untracked 
|  19|0x0000000081300000, 0x0000000081400000, 0x0000000081400000|100%| O|  |TAMS 0x0000000081300000| PB 0x0000000081300000| Untracked 
|  20|0x0000000081400000, 0x0000000081500000, 0x0000000081500000|100%| O|  |TAMS 0x0000000081400000| PB 0x0000000081400000| Untracked 
|  21|0x0000000081500000, 0x0000000081600000, 0x0000000081600000|100%| O|  |TAMS 0x0000000081500000| PB 0x0000000081500000| Untracked 
|  22|0x0000000081600000, 0x0000000081700000, 0x0000000081700000|100%| O|  |TAMS 0x0000000081600000| PB 0x0000000081600000| Untracked 
|  23|0x0000000081700000, 0x0000000081800000, 0x0000000081800000|100%| O|  |TAMS 0x0000000081700000| PB 0x0000000081700000| Untracked 
|  24|0x0000000081800000, 0x0000000081900000, 0x0000000081900000|100%| O|  |TAMS 0x0000000081800000| PB 0x0000000081800000| Untracked 
|  25|0x0000000081900000, 0x0000000081a00000, 0x0000000081a00000|100%| O|  |TAMS 0x0000000081900000| PB 0x0000000081900000| Untracked 
|  26|0x0000000081a00000, 0x0000000081b00000, 0x0000000081b00000|100%| O|  |TAMS 0x0000000081a00000| PB 0x0000000081a00000| Untracked 
|  27|0x0000000081b00000, 0x0000000081c00000, 0x0000000081c00000|100%| O|  |TAMS 0x0000000081b00000| PB 0x0000000081b00000| Untracked 
|  28|0x0000000081c00000, 0x0000000081d00000, 0x0000000081d00000|100%| O|  |TAMS 0x0000000081c00000| PB 0x0000000081c00000| Untracked 
|  29|0x0000000081d00000, 0x0000000081e00000, 0x0000000081e00000|100%| O|  |TAMS 0x0000000081d00000| PB 0x0000000081d00000| Untracked 
|  30|0x0000000081e00000, 0x0000000081f00000, 0x0000000081f00000|100%| O|  |TAMS 0x0000000081e00000| PB 0x0000000081e00000| Untracked 
|  31|0x0000000081f00000, 0x0000000082000000, 0x0000000082000000|100%| O|  |TAMS 0x0000000081f00000| PB 0x0000000081f00000| Untracked 
|  32|0x0000000082000000, 0x0000000082100000, 0x0000000082100000|100%| O|  |TAMS 0x0000000082000000| PB 0x0000000082000000| Untracked 
|  33|0x0000000082100000, 0x0000000082200000, 0x0000000082200000|100%| O|  |TAMS 0x0000000082100000| PB 0x0000000082100000| Untracked 
|  34|0x0000000082200000, 0x0000000082300000, 0x0000000082300000|100%| O|  |TAMS 0x0000000082200000| PB 0x0000000082200000| Untracked 
|  35|0x0000000082300000, 0x0000000082400000, 0x0000000082400000|100%| O|  |TAMS 0x0000000082300000| PB 0x0000000082300000| Untracked 
|  36|0x0000000082400000, 0x0000000082500000, 0x0000000082500000|100%| O|  |TAMS 0x0000000082400000| PB 0x0000000082400000| Untracked 
|  37|0x0000000082500000, 0x0000000082600000, 0x0000000082600000|100%| O|  |TAMS 0x0000000082500000| PB 0x0000000082500000| Untracked 
|  38|0x0000000082600000, 0x0000000082700000, 0x0000000082700000|100%| O|  |TAMS 0x0000000082600000| PB 0x0000000082600000| Untracked 
|  39|0x0000000082700000, 0x0000000082800000, 0x0000000082800000|100%| O|  |TAMS 0x0000000082700000| PB 0x0000000082700000| Untracked 
|  40|0x0000000082800000, 0x0000000082900000, 0x0000000082900000|100%| O|  |TAMS 0x0000000082800000| PB 0x0000000082800000| Untracked 
|  41|0x0000000082900000, 0x0000000082a00000, 0x0000000082a00000|100%|HS|  |TAMS 0x0000000082900000| PB 0x0000000082900000| Complete 
|  42|0x0000000082a00000, 0x0000000082b00000, 0x0000000082b00000|100%| O|  |TAMS 0x0000000082a00000| PB 0x0000000082a00000| Untracked 
|  43|0x0000000082b00000, 0x0000000082c00000, 0x0000000082c00000|100%| O|  |TAMS 0x0000000082b00000| PB 0x0000000082b00000| Untracked 
|  44|0x0000000082c00000, 0x0000000082d00000, 0x0000000082d00000|100%| O|  |TAMS 0x0000000082c00000| PB 0x0000000082c00000| Untracked 
|  45|0x0000000082d00000, 0x0000000082e00000, 0x0000000082e00000|100%|HS|  |TAMS 0x0000000082d00000| PB 0x0000000082d00000| Complete 
|  46|0x0000000082e00000, 0x0000000082f00000, 0x0000000082f00000|100%| O|  |TAMS 0x0000000082e00000| PB 0x0000000082e00000| Untracked 
|  47|0x0000000082f00000, 0x0000000083000000, 0x0000000083000000|100%| O|  |TAMS 0x0000000082f00000| PB 0x0000000082f00000| Untracked 
|  48|0x0000000083000000, 0x0000000083100000, 0x0000000083100000|100%|HS|  |TAMS 0x0000000083000000| PB 0x0000000083000000| Complete 
|  49|0x0000000083100000, 0x0000000083200000, 0x0000000083200000|100%|HC|  |TAMS 0x0000000083100000| PB 0x0000000083100000| Complete 
|  50|0x0000000083200000, 0x0000000083300000, 0x0000000083300000|100%| O|  |TAMS 0x0000000083200000| PB 0x0000000083200000| Untracked 
|  51|0x0000000083300000, 0x0000000083400000, 0x0000000083400000|100%| O|  |TAMS 0x0000000083300000| PB 0x0000000083300000| Untracked 
|  52|0x0000000083400000, 0x0000000083500000, 0x0000000083500000|100%|HS|  |TAMS 0x0000000083400000| PB 0x0000000083400000| Complete 
|  53|0x0000000083500000, 0x0000000083600000, 0x0000000083600000|100%|HC|  |TAMS 0x0000000083500000| PB 0x0000000083500000| Complete 
|  54|0x0000000083600000, 0x0000000083700000, 0x0000000083700000|100%| O|  |TAMS 0x0000000083600000| PB 0x0000000083600000| Untracked 
|  55|0x0000000083700000, 0x0000000083800000, 0x0000000083800000|100%|HS|  |TAMS 0x0000000083700000| PB 0x0000000083700000| Complete 
|  56|0x0000000083800000, 0x0000000083900000, 0x0000000083900000|100%|HC|  |TAMS 0x0000000083800000| PB 0x0000000083800000| Complete 
|  57|0x0000000083900000, 0x0000000083a00000, 0x0000000083a00000|100%|HC|  |TAMS 0x0000000083900000| PB 0x0000000083900000| Complete 
|  58|0x0000000083a00000, 0x0000000083b00000, 0x0000000083b00000|100%|HS|  |TAMS 0x0000000083a00000| PB 0x0000000083a00000| Complete 
|  59|0x0000000083b00000, 0x0000000083c00000, 0x0000000083c00000|100%|HS|  |TAMS 0x0000000083b00000| PB 0x0000000083b00000| Complete 
|  60|0x0000000083c00000, 0x0000000083d00000, 0x0000000083d00000|100%| O|  |TAMS 0x0000000083c00000| PB 0x0000000083c00000| Untracked 
|  61|0x0000000083d00000, 0x0000000083e00000, 0x0000000083e00000|100%|HS|  |TAMS 0x0000000083d00000| PB 0x0000000083d00000| Complete 
|  62|0x0000000083e00000, 0x0000000083f00000, 0x0000000083f00000|100%|HS|  |TAMS 0x0000000083e00000| PB 0x0000000083e00000| Complete 
|  63|0x0000000083f00000, 0x0000000084000000, 0x0000000084000000|100%| O|  |TAMS 0x0000000083f00000| PB 0x0000000083f00000| Untracked 
|  64|0x0000000084000000, 0x0000000084100000, 0x0000000084100000|100%| O|  |TAMS 0x0000000084000000| PB 0x0000000084000000| Untracked 
|  65|0x0000000084100000, 0x0000000084200000, 0x0000000084200000|100%| O|  |TAMS 0x0000000084100000| PB 0x0000000084100000| Untracked 
|  66|0x0000000084200000, 0x0000000084300000, 0x0000000084300000|100%| O|  |TAMS 0x0000000084200000| PB 0x0000000084200000| Untracked 
|  67|0x0000000084300000, 0x0000000084400000, 0x0000000084400000|100%| O|  |TAMS 0x0000000084300000| PB 0x0000000084300000| Untracked 
|  68|0x0000000084400000, 0x0000000084500000, 0x0000000084500000|100%| O|  |TAMS 0x0000000084400000| PB 0x0000000084400000| Untracked 
|  69|0x0000000084500000, 0x0000000084500000, 0x0000000084600000|  0%| F|  |TAMS 0x0000000084500000| PB 0x0000000084500000| Untracked 
|  70|0x0000000084600000, 0x0000000084700000, 0x0000000084700000|100%| O|  |TAMS 0x0000000084600000| PB 0x0000000084600000| Untracked 
|  71|0x0000000084700000, 0x0000000084800000, 0x0000000084800000|100%| O|  |TAMS 0x0000000084700000| PB 0x0000000084700000| Untracked 
|  72|0x0000000084800000, 0x0000000084900000, 0x0000000084900000|100%|HS|  |TAMS 0x0000000084800000| PB 0x0000000084800000| Complete 
|  73|0x0000000084900000, 0x0000000084a00000, 0x0000000084a00000|100%| O|  |TAMS 0x0000000084900000| PB 0x0000000084900000| Untracked 
|  74|0x0000000084a00000, 0x0000000084b00000, 0x0000000084b00000|100%| O|  |TAMS 0x0000000084a00000| PB 0x0000000084a00000| Untracked 
|  75|0x0000000084b00000, 0x0000000084c00000, 0x0000000084c00000|100%| O|  |TAMS 0x0000000084b00000| PB 0x0000000084b00000| Untracked 
|  76|0x0000000084c00000, 0x0000000084d00000, 0x0000000084d00000|100%| O|  |TAMS 0x0000000084c00000| PB 0x0000000084c00000| Untracked 
|  77|0x0000000084d00000, 0x0000000084e00000, 0x0000000084e00000|100%|HS|  |TAMS 0x0000000084d00000| PB 0x0000000084d00000| Complete 
|  78|0x0000000084e00000, 0x0000000084f00000, 0x0000000084f00000|100%|HC|  |TAMS 0x0000000084e00000| PB 0x0000000084e00000| Complete 
|  79|0x0000000084f00000, 0x0000000085000000, 0x0000000085000000|100%|HC|  |TAMS 0x0000000084f00000| PB 0x0000000084f00000| Complete 
|  80|0x0000000085000000, 0x0000000085000000, 0x0000000085100000|  0%| F|  |TAMS 0x0000000085000000| PB 0x0000000085000000| Untracked 
|  81|0x0000000085100000, 0x0000000085200000, 0x0000000085200000|100%| O|  |TAMS 0x0000000085100000| PB 0x0000000085100000| Untracked 
|  82|0x0000000085200000, 0x0000000085300000, 0x0000000085300000|100%| O|  |TAMS 0x0000000085200000| PB 0x0000000085200000| Untracked 
|  83|0x0000000085300000, 0x0000000085400000, 0x0000000085400000|100%| O|  |TAMS 0x0000000085300000| PB 0x0000000085300000| Untracked 
|  84|0x0000000085400000, 0x0000000085500000, 0x0000000085500000|100%| O|  |TAMS 0x0000000085400000| PB 0x0000000085400000| Untracked 
|  85|0x0000000085500000, 0x0000000085600000, 0x0000000085600000|100%| O|  |TAMS 0x0000000085500000| PB 0x0000000085500000| Untracked 
|  86|0x0000000085600000, 0x0000000085700000, 0x0000000085700000|100%| O|  |TAMS 0x0000000085600000| PB 0x0000000085600000| Untracked 
|  87|0x0000000085700000, 0x0000000085800000, 0x0000000085800000|100%| O|  |TAMS 0x0000000085700000| PB 0x0000000085700000| Untracked 
|  88|0x0000000085800000, 0x0000000085900000, 0x0000000085900000|100%| O|  |TAMS 0x0000000085800000| PB 0x0000000085800000| Untracked 
|  89|0x0000000085900000, 0x0000000085a00000, 0x0000000085a00000|100%| O|  |TAMS 0x0000000085900000| PB 0x0000000085900000| Untracked 
|  90|0x0000000085a00000, 0x0000000085b00000, 0x0000000085b00000|100%| O|  |TAMS 0x0000000085a00000| PB 0x0000000085a00000| Untracked 
|  91|0x0000000085b00000, 0x0000000085c00000, 0x0000000085c00000|100%| O|  |TAMS 0x0000000085b00000| PB 0x0000000085b00000| Untracked 
|  92|0x0000000085c00000, 0x0000000085d00000, 0x0000000085d00000|100%| O|  |TAMS 0x0000000085c00000| PB 0x0000000085c00000| Untracked 
|  93|0x0000000085d00000, 0x0000000085e00000, 0x0000000085e00000|100%| O|  |TAMS 0x0000000085d00000| PB 0x0000000085d00000| Untracked 
|  94|0x0000000085e00000, 0x0000000085f00000, 0x0000000085f00000|100%| O|  |TAMS 0x0000000085e00000| PB 0x0000000085e00000| Untracked 
|  95|0x0000000085f00000, 0x0000000086000000, 0x0000000086000000|100%| O|  |TAMS 0x0000000085f00000| PB 0x0000000085f00000| Untracked 
|  96|0x0000000086000000, 0x0000000086100000, 0x0000000086100000|100%| O|  |TAMS 0x0000000086000000| PB 0x0000000086000000| Untracked 
|  97|0x0000000086100000, 0x0000000086200000, 0x0000000086200000|100%| O|  |TAMS 0x0000000086100000| PB 0x0000000086100000| Untracked 
|  98|0x0000000086200000, 0x0000000086300000, 0x0000000086300000|100%|HS|  |TAMS 0x0000000086200000| PB 0x0000000086200000| Complete 
|  99|0x0000000086300000, 0x0000000086400000, 0x0000000086400000|100%| O|  |TAMS 0x0000000086300000| PB 0x0000000086300000| Untracked 
| 100|0x0000000086400000, 0x0000000086500000, 0x0000000086500000|100%| O|  |TAMS 0x0000000086400000| PB 0x0000000086400000| Untracked 
| 101|0x0000000086500000, 0x0000000086600000, 0x0000000086600000|100%| O|  |TAMS 0x0000000086500000| PB 0x0000000086500000| Untracked 
| 102|0x0000000086600000, 0x0000000086700000, 0x0000000086700000|100%| O|  |TAMS 0x0000000086600000| PB 0x0000000086600000| Untracked 
| 103|0x0000000086700000, 0x0000000086800000, 0x0000000086800000|100%| O|  |TAMS 0x0000000086700000| PB 0x0000000086700000| Untracked 
| 104|0x0000000086800000, 0x0000000086900000, 0x0000000086900000|100%| O|  |TAMS 0x0000000086800000| PB 0x0000000086800000| Untracked 
| 105|0x0000000086900000, 0x0000000086a00000, 0x0000000086a00000|100%| O|  |TAMS 0x0000000086900000| PB 0x0000000086900000| Untracked 
| 106|0x0000000086a00000, 0x0000000086a47420, 0x0000000086b00000| 27%| O|  |TAMS 0x0000000086a00000| PB 0x0000000086a00000| Untracked 
| 107|0x0000000086b00000, 0x0000000086b00000, 0x0000000086c00000|  0%| F|  |TAMS 0x0000000086b00000| PB 0x0000000086b00000| Untracked 
| 108|0x0000000086c00000, 0x0000000086c00000, 0x0000000086d00000|  0%| F|  |TAMS 0x0000000086c00000| PB 0x0000000086c00000| Untracked 
| 109|0x0000000086d00000, 0x0000000086d00000, 0x0000000086e00000|  0%| F|  |TAMS 0x0000000086d00000| PB 0x0000000086d00000| Untracked 
| 110|0x0000000086e00000, 0x0000000086e00000, 0x0000000086f00000|  0%| F|  |TAMS 0x0000000086e00000| PB 0x0000000086e00000| Untracked 
| 111|0x0000000086f00000, 0x0000000087000000, 0x0000000087000000|100%| O|  |TAMS 0x0000000086f00000| PB 0x0000000086f00000| Untracked 
| 112|0x0000000087000000, 0x0000000087000000, 0x0000000087100000|  0%| F|  |TAMS 0x0000000087000000| PB 0x0000000087000000| Untracked 
| 113|0x0000000087100000, 0x00000000871ac1e0, 0x0000000087200000| 67%| S|CS|TAMS 0x0000000087100000| PB 0x0000000087100000| Complete 
| 114|0x0000000087200000, 0x0000000087300000, 0x0000000087300000|100%| S|CS|TAMS 0x0000000087200000| PB 0x0000000087200000| Complete 
| 115|0x0000000087300000, 0x0000000087400000, 0x0000000087400000|100%| S|CS|TAMS 0x0000000087300000| PB 0x0000000087300000| Complete 
| 116|0x0000000087400000, 0x0000000087500000, 0x0000000087500000|100%| S|CS|TAMS 0x0000000087400000| PB 0x0000000087400000| Complete 
| 117|0x0000000087500000, 0x0000000087600000, 0x0000000087600000|100%| S|CS|TAMS 0x0000000087500000| PB 0x0000000087500000| Complete 
| 118|0x0000000087600000, 0x0000000087600000, 0x0000000087700000|  0%| F|  |TAMS 0x0000000087600000| PB 0x0000000087600000| Untracked 
| 119|0x0000000087700000, 0x0000000087700000, 0x0000000087800000|  0%| F|  |TAMS 0x0000000087700000| PB 0x0000000087700000| Untracked 
| 120|0x0000000087800000, 0x0000000087800000, 0x0000000087900000|  0%| F|  |TAMS 0x0000000087800000| PB 0x0000000087800000| Untracked 
| 121|0x0000000087900000, 0x0000000087900000, 0x0000000087a00000|  0%| F|  |TAMS 0x0000000087900000| PB 0x0000000087900000| Untracked 
| 122|0x0000000087a00000, 0x0000000087a00000, 0x0000000087b00000|  0%| F|  |TAMS 0x0000000087a00000| PB 0x0000000087a00000| Untracked 
| 123|0x0000000087b00000, 0x0000000087b00000, 0x0000000087c00000|  0%| F|  |TAMS 0x0000000087b00000| PB 0x0000000087b00000| Untracked 
| 124|0x0000000087c00000, 0x0000000087c00000, 0x0000000087d00000|  0%| F|  |TAMS 0x0000000087c00000| PB 0x0000000087c00000| Untracked 
| 125|0x0000000087d00000, 0x0000000087d00000, 0x0000000087e00000|  0%| F|  |TAMS 0x0000000087d00000| PB 0x0000000087d00000| Untracked 
| 126|0x0000000087e00000, 0x0000000087e00000, 0x0000000087f00000|  0%| F|  |TAMS 0x0000000087e00000| PB 0x0000000087e00000| Untracked 
| 127|0x0000000087f00000, 0x0000000087f00000, 0x0000000088000000|  0%| F|  |TAMS 0x0000000087f00000| PB 0x0000000087f00000| Untracked 
| 128|0x0000000088000000, 0x0000000088000000, 0x0000000088100000|  0%| F|  |TAMS 0x0000000088000000| PB 0x0000000088000000| Untracked 
| 129|0x0000000088100000, 0x0000000088100000, 0x0000000088200000|  0%| F|  |TAMS 0x0000000088100000| PB 0x0000000088100000| Untracked 
| 130|0x0000000088200000, 0x0000000088200000, 0x0000000088300000|  0%| F|  |TAMS 0x0000000088200000| PB 0x0000000088200000| Untracked 
| 131|0x0000000088300000, 0x0000000088300000, 0x0000000088400000|  0%| F|  |TAMS 0x0000000088300000| PB 0x0000000088300000| Untracked 
| 132|0x0000000088400000, 0x0000000088400000, 0x0000000088500000|  0%| F|  |TAMS 0x0000000088400000| PB 0x0000000088400000| Untracked 
| 133|0x0000000088500000, 0x0000000088500000, 0x0000000088600000|  0%| F|  |TAMS 0x0000000088500000| PB 0x0000000088500000| Untracked 
| 134|0x0000000088600000, 0x0000000088600000, 0x0000000088700000|  0%| F|  |TAMS 0x0000000088600000| PB 0x0000000088600000| Untracked 
| 135|0x0000000088700000, 0x0000000088700000, 0x0000000088800000|  0%| F|  |TAMS 0x0000000088700000| PB 0x0000000088700000| Untracked 
| 136|0x0000000088800000, 0x0000000088800000, 0x0000000088900000|  0%| F|  |TAMS 0x0000000088800000| PB 0x0000000088800000| Untracked 
| 137|0x0000000088900000, 0x0000000088900000, 0x0000000088a00000|  0%| F|  |TAMS 0x0000000088900000| PB 0x0000000088900000| Untracked 
| 138|0x0000000088a00000, 0x0000000088a00000, 0x0000000088b00000|  0%| F|  |TAMS 0x0000000088a00000| PB 0x0000000088a00000| Untracked 
| 139|0x0000000088b00000, 0x0000000088b00000, 0x0000000088c00000|  0%| F|  |TAMS 0x0000000088b00000| PB 0x0000000088b00000| Untracked 
| 140|0x0000000088c00000, 0x0000000088c00000, 0x0000000088d00000|  0%| F|  |TAMS 0x0000000088c00000| PB 0x0000000088c00000| Untracked 
| 141|0x0000000088d00000, 0x0000000088d00000, 0x0000000088e00000|  0%| F|  |TAMS 0x0000000088d00000| PB 0x0000000088d00000| Untracked 
| 142|0x0000000088e00000, 0x0000000088e00000, 0x0000000088f00000|  0%| F|  |TAMS 0x0000000088e00000| PB 0x0000000088e00000| Untracked 
| 143|0x0000000088f00000, 0x0000000088f00000, 0x0000000089000000|  0%| F|  |TAMS 0x0000000088f00000| PB 0x0000000088f00000| Untracked 
| 144|0x0000000089000000, 0x0000000089000000, 0x0000000089100000|  0%| F|  |TAMS 0x0000000089000000| PB 0x0000000089000000| Untracked 
| 145|0x0000000089100000, 0x0000000089100000, 0x0000000089200000|  0%| F|  |TAMS 0x0000000089100000| PB 0x0000000089100000| Untracked 
| 146|0x0000000089200000, 0x0000000089200000, 0x0000000089300000|  0%| F|  |TAMS 0x0000000089200000| PB 0x0000000089200000| Untracked 
| 147|0x0000000089300000, 0x0000000089300000, 0x0000000089400000|  0%| F|  |TAMS 0x0000000089300000| PB 0x0000000089300000| Untracked 
| 148|0x0000000089400000, 0x0000000089400000, 0x0000000089500000|  0%| F|  |TAMS 0x0000000089400000| PB 0x0000000089400000| Untracked 
| 149|0x0000000089500000, 0x0000000089500000, 0x0000000089600000|  0%| F|  |TAMS 0x0000000089500000| PB 0x0000000089500000| Untracked 
| 150|0x0000000089600000, 0x0000000089600000, 0x0000000089700000|  0%| F|  |TAMS 0x0000000089600000| PB 0x0000000089600000| Untracked 
| 151|0x0000000089700000, 0x0000000089700000, 0x0000000089800000|  0%| F|  |TAMS 0x0000000089700000| PB 0x0000000089700000| Untracked 
| 152|0x0000000089800000, 0x0000000089800000, 0x0000000089900000|  0%| F|  |TAMS 0x0000000089800000| PB 0x0000000089800000| Untracked 
| 153|0x0000000089900000, 0x0000000089900000, 0x0000000089a00000|  0%| F|  |TAMS 0x0000000089900000| PB 0x0000000089900000| Untracked 
| 154|0x0000000089a00000, 0x0000000089a00000, 0x0000000089b00000|  0%| F|  |TAMS 0x0000000089a00000| PB 0x0000000089a00000| Untracked 
| 155|0x0000000089b00000, 0x0000000089b00000, 0x0000000089c00000|  0%| F|  |TAMS 0x0000000089b00000| PB 0x0000000089b00000| Untracked 
| 156|0x0000000089c00000, 0x0000000089c00000, 0x0000000089d00000|  0%| F|  |TAMS 0x0000000089c00000| PB 0x0000000089c00000| Untracked 
| 157|0x0000000089d00000, 0x0000000089d00000, 0x0000000089e00000|  0%| F|  |TAMS 0x0000000089d00000| PB 0x0000000089d00000| Untracked 
| 158|0x0000000089e00000, 0x0000000089e00000, 0x0000000089f00000|  0%| F|  |TAMS 0x0000000089e00000| PB 0x0000000089e00000| Untracked 
| 159|0x0000000089f00000, 0x0000000089f00000, 0x000000008a000000|  0%| F|  |TAMS 0x0000000089f00000| PB 0x0000000089f00000| Untracked 
| 160|0x000000008a000000, 0x000000008a000000, 0x000000008a100000|  0%| F|  |TAMS 0x000000008a000000| PB 0x000000008a000000| Untracked 
| 161|0x000000008a100000, 0x000000008a100000, 0x000000008a200000|  0%| F|  |TAMS 0x000000008a100000| PB 0x000000008a100000| Untracked 
| 162|0x000000008a200000, 0x000000008a28da48, 0x000000008a300000| 55%| E|  |TAMS 0x000000008a200000| PB 0x000000008a200000| Complete 
| 163|0x000000008a300000, 0x000000008a400000, 0x000000008a400000|100%| E|CS|TAMS 0x000000008a300000| PB 0x000000008a300000| Complete 
| 164|0x000000008a400000, 0x000000008a500000, 0x000000008a500000|100%| E|CS|TAMS 0x000000008a400000| PB 0x000000008a400000| Complete 
| 165|0x000000008a500000, 0x000000008a600000, 0x000000008a600000|100%| E|CS|TAMS 0x000000008a500000| PB 0x000000008a500000| Complete 
| 166|0x000000008a600000, 0x000000008a700000, 0x000000008a700000|100%| E|CS|TAMS 0x000000008a600000| PB 0x000000008a600000| Complete 
| 167|0x000000008a700000, 0x000000008a800000, 0x000000008a800000|100%| E|CS|TAMS 0x000000008a700000| PB 0x000000008a700000| Complete 
| 168|0x000000008a800000, 0x000000008a900000, 0x000000008a900000|100%| E|CS|TAMS 0x000000008a800000| PB 0x000000008a800000| Complete 
| 169|0x000000008a900000, 0x000000008aa00000, 0x000000008aa00000|100%| E|CS|TAMS 0x000000008a900000| PB 0x000000008a900000| Complete 
| 170|0x000000008aa00000, 0x000000008ab00000, 0x000000008ab00000|100%| E|CS|TAMS 0x000000008aa00000| PB 0x000000008aa00000| Complete 
| 171|0x000000008ab00000, 0x000000008ac00000, 0x000000008ac00000|100%| E|CS|TAMS 0x000000008ab00000| PB 0x000000008ab00000| Complete 
| 172|0x000000008ac00000, 0x000000008ad00000, 0x000000008ad00000|100%| E|CS|TAMS 0x000000008ac00000| PB 0x000000008ac00000| Complete 
| 173|0x000000008ad00000, 0x000000008ae00000, 0x000000008ae00000|100%| E|CS|TAMS 0x000000008ad00000| PB 0x000000008ad00000| Complete 
| 174|0x000000008ae00000, 0x000000008af00000, 0x000000008af00000|100%| E|CS|TAMS 0x000000008ae00000| PB 0x000000008ae00000| Complete 
| 315|0x0000000093b00000, 0x0000000093c00000, 0x0000000093c00000|100%| E|CS|TAMS 0x0000000093b00000| PB 0x0000000093b00000| Complete 
|2040|0x00000000ff800000, 0x00000000ff900000, 0x00000000ff900000|100%| E|CS|TAMS 0x00000000ff800000| PB 0x00000000ff800000| Complete 
|2041|0x00000000ff900000, 0x00000000ffa00000, 0x00000000ffa00000|100%| O|  |TAMS 0x00000000ff900000| PB 0x00000000ff900000| Untracked 
|2042|0x00000000ffa00000, 0x00000000ffb00000, 0x00000000ffb00000|100%| O|  |TAMS 0x00000000ffa00000| PB 0x00000000ffa00000| Untracked 
|2043|0x00000000ffb00000, 0x00000000ffc00000, 0x00000000ffc00000|100%| O|  |TAMS 0x00000000ffb00000| PB 0x00000000ffb00000| Untracked 
|2044|0x00000000ffc00000, 0x00000000ffd00000, 0x00000000ffd00000|100%| E|CS|TAMS 0x00000000ffc00000| PB 0x00000000ffc00000| Complete 
|2045|0x00000000ffd00000, 0x00000000ffe00000, 0x00000000ffe00000|100%| E|CS|TAMS 0x00000000ffd00000| PB 0x00000000ffd00000| Complete 
|2046|0x00000000ffe00000, 0x00000000fff00000, 0x00000000fff00000|100%| E|CS|TAMS 0x00000000ffe00000| PB 0x00000000ffe00000| Complete 
|2047|0x00000000fff00000, 0x0000000100000000, 0x0000000100000000|100%| O|  |TAMS 0x00000000fff00000| PB 0x00000000fff00000| Untracked 

Card table byte_map: [0x0000019877d40000,0x0000019878140000] _byte_map_base: 0x0000019877940000

Marking Bits: (CMBitMap*) 0x0000019874797ef0
 Bits: [0x0000019878140000, 0x000001987a140000)

Polling page: 0x0000019872520000

Metaspace:

Usage:
  Non-class:     92.46 MB used.
      Class:     14.71 MB used.
       Both:    107.17 MB used.

Virtual space:
  Non-class space:      128.00 MB reserved,      93.56 MB ( 73%) committed,  2 nodes.
      Class space:        1.00 GB reserved,      15.81 MB (  2%) committed,  1 nodes.
             Both:        1.12 GB reserved,     109.38 MB (  9%) committed. 

Chunk freelists:
   Non-Class:  1.91 MB
       Class:  208.00 KB
        Both:  2.11 MB

MaxMetaspaceSize: unlimited
CompressedClassSpaceSize: 1.00 GB
Initial GC threshold: 21.00 MB
Current GC threshold: 166.81 MB
CDS: on
 - commit_granule_bytes: 65536.
 - commit_granule_words: 8192.
 - virtual_space_node_default_size: 8388608.
 - enlarge_chunks_in_place: 1.
 - use_allocation_guard: 0.


Internal statistics:

num_allocs_failed_limit: 6.
num_arena_births: 4252.
num_arena_deaths: 0.
num_vsnodes_births: 3.
num_vsnodes_deaths: 0.
num_space_committed: 1748.
num_space_uncommitted: 0.
num_chunks_returned_to_freelist: 6.
num_chunks_taken_from_freelist: 9305.
num_chunk_merges: 6.
num_chunk_splits: 6152.
num_chunks_enlarged: 3892.
num_inconsistent_stats: 0.

CodeHeap 'non-profiled nmethods': size=120000Kb used=7285Kb max_used=7285Kb free=112714Kb
 bounds [0x0000019807ad0000, 0x00000198081f0000, 0x000001980f000000]
CodeHeap 'profiled nmethods': size=120000Kb used=21652Kb max_used=21652Kb free=98347Kb
 bounds [0x0000019800000000, 0x0000019801530000, 0x0000019807530000]
CodeHeap 'non-nmethods': size=5760Kb used=2244Kb max_used=2294Kb free=3515Kb
 bounds [0x0000019807530000, 0x00000198077a0000, 0x0000019807ad0000]
CodeCache: size=245760Kb, used=31181Kb, max_used=31231Kb, free=214576Kb
 total_blobs=12355, nmethods=11471, adapters=788, full_count=0
Compilation: enabled, stopped_count=0, restarted_count=0

Compilation events (20 events):
Event: 28.721 Thread 0x000001987c66fed0 nmethod 13436 0x0000019801516310 code [0x0000019801516560, 0x0000019801517000]
Event: 28.725 Thread 0x000001987c66fed0 13437       3       com.google.common.collect.ImmutableList::of (24 bytes)
Event: 28.725 Thread 0x000001987c66fed0 nmethod 13437 0x0000019801517310 code [0x0000019801517540, 0x0000019801517f90]
Event: 28.726 Thread 0x000001987c66fed0 13438       3       org.gradle.internal.component.external.model.AbstractLazyModuleComponentResolveMetadata::populateConfigurationFromDescriptor (56 bytes)
Event: 28.727 Thread 0x000001987c66fed0 nmethod 13438 0x0000019801518210 code [0x0000019801518400, 0x0000019801518928]
Event: 28.727 Thread 0x000001987c66fed0 13440       3       org.gradle.internal.component.external.model.AbstractLazyModuleComponentResolveMetadata::populateHierarchy (64 bytes)
Event: 28.727 Thread 0x000001987c66fed0 nmethod 13440 0x0000019801518b10 code [0x0000019801518d40, 0x0000019801519578]
Event: 28.727 Thread 0x000001987c66fed0 13439       3       org.gradle.internal.component.external.model.AbstractLazyModuleComponentResolveMetadata::constructHierarchy (39 bytes)
Event: 28.728 Thread 0x000001987c66fed0 nmethod 13439 0x0000019801519810 code [0x0000019801519ae0, 0x000001980151a920]
Event: 28.728 Thread 0x000001987c66fed0 13441       3       org.gradle.internal.component.external.model.maven.DefaultMavenModuleResolveMetadata::createConfiguration (50 bytes)
Event: 28.728 Thread 0x000001987c66fed0 nmethod 13441 0x000001980151ad90 code [0x000001980151afe0, 0x000001980151b9e0]
Event: 28.728 Thread 0x000001987c66fed0 13442       3       org.gradle.internal.component.external.model.maven.DefaultMavenModuleResolveMetadata::getArtifactsForConfiguration (5 bytes)
Event: 28.728 Thread 0x000001987c66fed0 nmethod 13442 0x000001980151be10 code [0x000001980151bfc0, 0x000001980151c0f8]
Event: 28.728 Thread 0x000001987c66fed0 13443       3       org.gradle.internal.component.external.model.maven.RealisedMavenModuleResolveMetadata::getArtifactsForConfiguration (126 bytes)
Event: 28.729 Thread 0x000001987c66fed0 nmethod 13443 0x000001980151c190 code [0x000001980151c5e0, 0x000001980151e558]
Event: 28.729 Thread 0x000001987c66fed0 13444       3       org.gradle.internal.component.model.ComponentIdGenerator::nextComponentId (8 bytes)
Event: 28.729 Thread 0x000001987c66fed0 nmethod 13444 0x000001980151ef10 code [0x000001980151f0c0, 0x000001980151f200]
Event: 28.729 Thread 0x000001987c66fed0 13445       3       org.gradle.internal.component.model.AbstractComponentGraphResolveState::<init> (45 bytes)
Event: 28.730 Thread 0x000001987c66fed0 nmethod 13445 0x000001980151f310 code [0x000001980151f500, 0x000001980151fa70]
Event: 28.730 Thread 0x000001987c66fed0 13446       3       com.google.common.cache.LocalCache$Strength$3::referenceValue (38 bytes)

GC Heap History (20 events):
Event: 19.170 GC heap before
{Heap before GC invocations=27 (full 0):
 garbage-first heap   total 147456K, used 133212K [0x0000000080000000, 0x0000000100000000)
  region size 1024K, 46 young (47104K), 3 survivors (3072K)
 Metaspace       used 78887K, committed 80896K, reserved 1179648K
  class space    used 11045K, committed 12032K, reserved 1048576K
}
Event: 19.178 GC heap after
{Heap after GC invocations=28 (full 0):
 garbage-first heap   total 147456K, used 92717K [0x0000000080000000, 0x0000000100000000)
  region size 1024K, 6 young (6144K), 6 survivors (6144K)
 Metaspace       used 78887K, committed 80896K, reserved 1179648K
  class space    used 11045K, committed 12032K, reserved 1048576K
}
Event: 20.005 GC heap before
{Heap before GC invocations=28 (full 0):
 garbage-first heap   total 147456K, used 133677K [0x0000000080000000, 0x0000000100000000)
  region size 1024K, 47 young (48128K), 6 survivors (6144K)
 Metaspace       used 81013K, committed 83008K, reserved 1179648K
  class space    used 11310K, committed 12288K, reserved 1048576K
}
Event: 20.011 GC heap after
{Heap after GC invocations=29 (full 0):
 garbage-first heap   total 147456K, used 95200K [0x0000000080000000, 0x0000000100000000)
  region size 1024K, 4 young (4096K), 4 survivors (4096K)
 Metaspace       used 81013K, committed 83008K, reserved 1179648K
  class space    used 11310K, committed 12288K, reserved 1048576K
}
Event: 20.808 GC heap before
{Heap before GC invocations=30 (full 0):
 garbage-first heap   total 160768K, used 136160K [0x0000000080000000, 0x0000000100000000)
  region size 1024K, 43 young (44032K), 4 survivors (4096K)
 Metaspace       used 83902K, committed 86080K, reserved 1179648K
  class space    used 11719K, committed 12800K, reserved 1048576K
}
Event: 20.814 GC heap after
{Heap after GC invocations=31 (full 0):
 garbage-first heap   total 160768K, used 97820K [0x0000000080000000, 0x0000000100000000)
  region size 1024K, 3 young (3072K), 3 survivors (3072K)
 Metaspace       used 83902K, committed 86080K, reserved 1179648K
  class space    used 11719K, committed 12800K, reserved 1048576K
}
Event: 21.888 GC heap before
{Heap before GC invocations=31 (full 0):
 garbage-first heap   total 160768K, used 145948K [0x0000000080000000, 0x0000000100000000)
  region size 1024K, 50 young (51200K), 3 survivors (3072K)
 Metaspace       used 87875K, committed 89984K, reserved 1179648K
  class space    used 12438K, committed 13504K, reserved 1048576K
}
Event: 21.892 GC heap after
{Heap after GC invocations=32 (full 0):
 garbage-first heap   total 160768K, used 96684K [0x0000000080000000, 0x0000000100000000)
  region size 1024K, 4 young (4096K), 4 survivors (4096K)
 Metaspace       used 87875K, committed 89984K, reserved 1179648K
  class space    used 12438K, committed 13504K, reserved 1048576K
}
Event: 22.915 GC heap before
{Heap before GC invocations=32 (full 0):
 garbage-first heap   total 160768K, used 145836K [0x0000000080000000, 0x0000000100000000)
  region size 1024K, 52 young (53248K), 4 survivors (4096K)
 Metaspace       used 91214K, committed 93440K, reserved 1179648K
  class space    used 12914K, committed 14016K, reserved 1048576K
}
Event: 22.921 GC heap after
{Heap after GC invocations=33 (full 0):
 garbage-first heap   total 160768K, used 99309K [0x0000000080000000, 0x0000000100000000)
  region size 1024K, 6 young (6144K), 6 survivors (6144K)
 Metaspace       used 91214K, committed 93440K, reserved 1179648K
  class space    used 12914K, committed 14016K, reserved 1048576K
}
Event: 23.872 GC heap before
{Heap before GC invocations=34 (full 0):
 garbage-first heap   total 167936K, used 147437K [0x0000000080000000, 0x0000000100000000)
  region size 1024K, 54 young (55296K), 6 survivors (6144K)
 Metaspace       used 94056K, committed 96320K, reserved 1179648K
  class space    used 13278K, committed 14400K, reserved 1048576K
}
Event: 23.882 GC heap after
{Heap after GC invocations=35 (full 0):
 garbage-first heap   total 167936K, used 103990K [0x0000000080000000, 0x0000000100000000)
  region size 1024K, 7 young (7168K), 7 survivors (7168K)
 Metaspace       used 94056K, committed 96320K, reserved 1179648K
  class space    used 13278K, committed 14400K, reserved 1048576K
}
Event: 25.747 GC heap before
{Heap before GC invocations=35 (full 0):
 garbage-first heap   total 167936K, used 159286K [0x0000000080000000, 0x0000000100000000)
  region size 1024K, 56 young (57344K), 7 survivors (7168K)
 Metaspace       used 97475K, committed 99776K, reserved 1179648K
  class space    used 13632K, committed 14784K, reserved 1048576K
}
Event: 25.757 GC heap after
{Heap after GC invocations=36 (full 0):
 garbage-first heap   total 173056K, used 107520K [0x0000000080000000, 0x0000000100000000)
  region size 1024K, 4 young (4096K), 4 survivors (4096K)
 Metaspace       used 97475K, committed 99776K, reserved 1179648K
  class space    used 13632K, committed 14784K, reserved 1048576K
}
Event: 26.621 GC heap before
{Heap before GC invocations=36 (full 0):
 garbage-first heap   total 173056K, used 159744K [0x0000000080000000, 0x0000000100000000)
  region size 1024K, 55 young (56320K), 4 survivors (4096K)
 Metaspace       used 100036K, committed 102336K, reserved 1179648K
  class space    used 14011K, committed 15168K, reserved 1048576K
}
Event: 26.628 GC heap after
{Heap after GC invocations=37 (full 0):
 garbage-first heap   total 173056K, used 111947K [0x0000000080000000, 0x0000000100000000)
  region size 1024K, 7 young (7168K), 7 survivors (7168K)
 Metaspace       used 100036K, committed 102336K, reserved 1179648K
  class space    used 14011K, committed 15168K, reserved 1048576K
}
Event: 27.704 GC heap before
{Heap before GC invocations=38 (full 0):
 garbage-first heap   total 188416K, used 160075K [0x0000000080000000, 0x0000000100000000)
  region size 1024K, 54 young (55296K), 7 survivors (7168K)
 Metaspace       used 103822K, committed 106112K, reserved 1179648K
  class space    used 14528K, committed 15680K, reserved 1048576K
}
Event: 27.715 GC heap after
{Heap after GC invocations=39 (full 0):
 garbage-first heap   total 188416K, used 115635K [0x0000000080000000, 0x0000000100000000)
  region size 1024K, 3 young (3072K), 3 survivors (3072K)
 Metaspace       used 103822K, committed 106112K, reserved 1179648K
  class space    used 14528K, committed 15680K, reserved 1048576K
}
Event: 28.387 GC heap before
{Heap before GC invocations=39 (full 0):
 garbage-first heap   total 188416K, used 174003K [0x0000000080000000, 0x0000000100000000)
  region size 1024K, 61 young (62464K), 3 survivors (3072K)
 Metaspace       used 108364K, committed 110656K, reserved 1179648K
  class space    used 14956K, committed 16128K, reserved 1048576K
}
Event: 28.393 GC heap after
{Heap after GC invocations=40 (full 0):
 garbage-first heap   total 188416K, used 116685K [0x0000000080000000, 0x0000000100000000)
  region size 1024K, 5 young (5120K), 5 survivors (5120K)
 Metaspace       used 108364K, committed 110656K, reserved 1179648K
  class space    used 14956K, committed 16128K, reserved 1048576K
}

Dll operation events (14 events):
Event: 0.008 Loaded shared library C:\Users\ASUS\.cursor\extensions\redhat.java-1.54.0-win32-x64\jre\21.0.10-win32-x86_64\bin\java.dll
Event: 0.064 Loaded shared library C:\Users\ASUS\.cursor\extensions\redhat.java-1.54.0-win32-x64\jre\21.0.10-win32-x86_64\bin\zip.dll
Event: 0.090 Loaded shared library C:\Users\ASUS\.cursor\extensions\redhat.java-1.54.0-win32-x64\jre\21.0.10-win32-x86_64\bin\instrument.dll
Event: 0.098 Loaded shared library C:\Users\ASUS\.cursor\extensions\redhat.java-1.54.0-win32-x64\jre\21.0.10-win32-x86_64\bin\net.dll
Event: 0.101 Loaded shared library C:\Users\ASUS\.cursor\extensions\redhat.java-1.54.0-win32-x64\jre\21.0.10-win32-x86_64\bin\nio.dll
Event: 0.104 Loaded shared library C:\Users\ASUS\.cursor\extensions\redhat.java-1.54.0-win32-x64\jre\21.0.10-win32-x86_64\bin\zip.dll
Event: 0.523 Loaded shared library C:\Users\ASUS\.cursor\extensions\redhat.java-1.54.0-win32-x64\jre\21.0.10-win32-x86_64\bin\jimage.dll
Event: 0.705 Loaded shared library C:\Users\ASUS\.cursor\extensions\redhat.java-1.54.0-win32-x64\jre\21.0.10-win32-x86_64\bin\verify.dll
Event: 0.788 Loaded shared library C:\Users\ASUS\.gradle\native\1def1411415f61bf3af743bc5b6707747c0891f09f0c88961ee8f79bc544acac\windows-amd64\native-platform.dll
Event: 0.797 Loaded shared library C:\Users\ASUS\.gradle\native\0.2.7\x86_64-windows-gnu\gradle-fileevents.dll
Event: 1.911 Loaded shared library C:\Users\ASUS\.cursor\extensions\redhat.java-1.54.0-win32-x64\jre\21.0.10-win32-x86_64\bin\management.dll
Event: 1.913 Loaded shared library C:\Users\ASUS\.cursor\extensions\redhat.java-1.54.0-win32-x64\jre\21.0.10-win32-x86_64\bin\management_ext.dll
Event: 2.031 Loaded shared library C:\Users\ASUS\.cursor\extensions\redhat.java-1.54.0-win32-x64\jre\21.0.10-win32-x86_64\bin\extnet.dll
Event: 2.194 Loaded shared library C:\Users\ASUS\.cursor\extensions\redhat.java-1.54.0-win32-x64\jre\21.0.10-win32-x86_64\bin\sunmscapi.dll

Deoptimization events (20 events):
Event: 28.688 Thread 0x000001987e073b30 Uncommon trap: trap_request=0xffffffc6 fr.pc=0x0000019807f1ef40 relative=0x00000000000003e0
Event: 28.688 Thread 0x000001987e073b30 Uncommon trap: reason=bimorphic_or_optimized_type_check action=maybe_recompile pc=0x0000019807f1ef40 method=com.google.common.collect.NaturalOrdering.compare(Ljava/lang/Comparable;Ljava/lang/Comparable;)I @ 12 c2
Event: 28.688 Thread 0x000001987e073b30 DEOPT PACKING pc=0x0000019807f1ef40 sp=0x000000776a5f7470
Event: 28.688 Thread 0x000001987e073b30 DEOPT UNPACKING pc=0x0000019807587ba2 sp=0x000000776a5f7398 mode 2
Event: 28.704 Thread 0x000001987e073b30 Uncommon trap: trap_request=0xffffffd6 fr.pc=0x00000198081ec7ac relative=0x00000000000003cc
Event: 28.704 Thread 0x000001987e073b30 Uncommon trap: reason=array_check action=maybe_recompile pc=0x00000198081ec7ac method=java.util.AbstractCollection.toArray([Ljava/lang/Object;)[Ljava/lang/Object; @ 116 c2
Event: 28.704 Thread 0x000001987e073b30 DEOPT PACKING pc=0x00000198081ec7ac sp=0x000000776a5f6430
Event: 28.704 Thread 0x000001987e073b30 DEOPT UNPACKING pc=0x0000019807587ba2 sp=0x000000776a5f63d0 mode 2
Event: 28.704 Thread 0x000001987e073b30 Uncommon trap: trap_request=0xffffffd6 fr.pc=0x00000198081ec7ac relative=0x00000000000003cc
Event: 28.704 Thread 0x000001987e073b30 Uncommon trap: reason=array_check action=maybe_recompile pc=0x00000198081ec7ac method=java.util.AbstractCollection.toArray([Ljava/lang/Object;)[Ljava/lang/Object; @ 116 c2
Event: 28.704 Thread 0x000001987e073b30 DEOPT PACKING pc=0x00000198081ec7ac sp=0x000000776a5f6430
Event: 28.704 Thread 0x000001987e073b30 DEOPT UNPACKING pc=0x0000019807587ba2 sp=0x000000776a5f63d0 mode 2
Event: 28.704 Thread 0x000001987e073b30 Uncommon trap: trap_request=0xffffffd6 fr.pc=0x00000198081ec7ac relative=0x00000000000003cc
Event: 28.704 Thread 0x000001987e073b30 Uncommon trap: reason=array_check action=maybe_recompile pc=0x00000198081ec7ac method=java.util.AbstractCollection.toArray([Ljava/lang/Object;)[Ljava/lang/Object; @ 116 c2
Event: 28.704 Thread 0x000001987e073b30 DEOPT PACKING pc=0x00000198081ec7ac sp=0x000000776a5f6430
Event: 28.704 Thread 0x000001987e073b30 DEOPT UNPACKING pc=0x0000019807587ba2 sp=0x000000776a5f63d0 mode 2
Event: 28.704 Thread 0x000001987e073b30 Uncommon trap: trap_request=0xffffffd6 fr.pc=0x00000198081ec7ac relative=0x00000000000003cc
Event: 28.704 Thread 0x000001987e073b30 Uncommon trap: reason=array_check action=maybe_recompile pc=0x00000198081ec7ac method=java.util.AbstractCollection.toArray([Ljava/lang/Object;)[Ljava/lang/Object; @ 116 c2
Event: 28.704 Thread 0x000001987e073b30 DEOPT PACKING pc=0x00000198081ec7ac sp=0x000000776a5f6430
Event: 28.704 Thread 0x000001987e073b30 DEOPT UNPACKING pc=0x0000019807587ba2 sp=0x000000776a5f63d0 mode 2

Classes loaded (20 events):
Event: 27.659 Loading class sun/reflect/misc/MethodUtil
Event: 27.659 Loading class sun/reflect/misc/MethodUtil done
Event: 27.659 Loading class sun/reflect/misc/MethodUtil$1
Event: 27.659 Loading class sun/reflect/misc/MethodUtil$1 done
Event: 27.749 Loading class java/lang/Short$ShortCache
Event: 27.749 Loading class java/lang/Short$ShortCache done
Event: 27.762 Loading class java/io/CharArrayWriter
Event: 27.762 Loading class java/io/CharArrayWriter done
Event: 27.858 Loading class java/time/Instant$1
Event: 27.858 Loading class java/time/Instant$1 done
Event: 27.887 Loading class java/net/UrlDeserializedState
Event: 27.887 Loading class java/net/UrlDeserializedState done
Event: 27.888 Loading class java/net/Proxy
Event: 27.888 Loading class java/net/Proxy done
Event: 27.897 Loading class java/util/concurrent/CompletableFuture$AsyncRun
Event: 27.899 Loading class java/util/concurrent/CompletableFuture$AsyncRun done
Event: 28.136 Loading class jdk/internal/math/FormattedFPDecimal
Event: 28.136 Loading class jdk/internal/math/FormattedFPDecimal done
Event: 28.413 Loading class java/util/AbstractList$ListItr
Event: 28.413 Loading class java/util/AbstractList$ListItr done

Classes unloaded (0 events):
No events

Classes redefined (0 events):
No events

Internal exceptions (20 events):
Event: 27.738 Thread 0x0000019856b1d4e0 Exception <a 'sun/nio/fs/WindowsException'{0x00000000ffd80d80}> (0x00000000ffd80d80) 
thrown [s\src\hotspot\share\prims\jni.cpp, line 520]
Event: 27.772 Thread 0x000001987e073b30 Exception <a 'sun/nio/fs/WindowsException'{0x000000008ae4e988}> (0x000000008ae4e988) 
thrown [s\src\hotspot\share\prims\jni.cpp, line 520]
Event: 27.820 Thread 0x000001987e073b30 Exception <a 'java/lang/IncompatibleClassChangeError'{0x000000008ac32be8}: Found class java.lang.Object, but interface was expected> (0x000000008ac32be8) 
thrown [s\src\hotspot\share\interpreter\linkResolver.cpp, line 840]
Event: 27.846 Thread 0x000001987e073b30 Implicit null exception at 0x0000019807f4b2bd to 0x0000019807f4b31c
Event: 27.847 Thread 0x000001987e073b30 Exception <a 'java/lang/IncompatibleClassChangeError'{0x000000008ac6f828}: Found class java.lang.Object, but interface was expected> (0x000000008ac6f828) 
thrown [s\src\hotspot\share\interpreter\linkResolver.cpp, line 840]
Event: 27.861 Thread 0x000001987e073b30 Implicit null exception at 0x00000198080c098b to 0x00000198080c930c
Event: 27.861 Thread 0x000001987e073b30 Implicit null exception at 0x0000019807f48e2f to 0x0000019807f4946c
Event: 27.884 Thread 0x000001987c667cb0 Exception <a 'java/lang/NoSuchMethodError'{0x000000008a922048}: static Lorg/gradle/tooling/internal/provider/serialization/ClassLoaderDetails;.<clinit>()V> (0x000000008a922048) 
thrown [s\src\hotspot\share\prims\jni.cpp, line 1111]
Event: 27.886 Thread 0x000001987c667cb0 Exception <a 'java/lang/NoSuchMethodError'{0x000000008a97ba00}: static Lorg/gradle/tooling/internal/provider/serialization/WellKnownClassLoaderRegistry$KnownClassLoaderSpec;.<clinit>()V> (0x000000008a97ba00) 
thrown [s\src\hotspot\share\prims\jni.cpp, line 1111]
Event: 27.886 Thread 0x000001987c667cb0 Exception <a 'java/lang/NoSuchMethodError'{0x000000008a97d198}: static Lorg/gradle/internal/classloader/ClassLoaderSpec;.<clinit>()V> (0x000000008a97d198) 
thrown [s\src\hotspot\share\prims\jni.cpp, line 1111]
Event: 27.887 Thread 0x000001987c667cb0 Exception <a 'java/lang/NoSuchMethodError'{0x000000008a991fd0}: static Lorg/gradle/internal/classloader/ClassLoaderSpec;.<clinit>()V> (0x000000008a991fd0) 
thrown [s\src\hotspot\share\prims\jni.cpp, line 1111]
Event: 27.887 Thread 0x000001987c667cb0 Exception <a 'java/lang/NoSuchMethodError'{0x000000008a99e510}: static Lorg/gradle/internal/classloader/VisitableURLClassLoader$Spec;.<clinit>()V> (0x000000008a99e510) 
thrown [s\src\hotspot\share\prims\jni.cpp, line 1111]
Event: 27.890 Thread 0x000001987c667cb0 Exception <a 'java/lang/NoSuchMethodError'{0x000000008a9c0170}: static [Ljava/net/URL;.<clinit>()V> (0x000000008a9c0170) 
thrown [s\src\hotspot\share\prims\jni.cpp, line 1111]
Event: 28.171 Thread 0x000001987e073b30 Exception <a 'sun/nio/fs/WindowsException'{0x0000000089a5ad10}> (0x0000000089a5ad10) 
thrown [s\src\hotspot\share\prims\jni.cpp, line 520]
Event: 28.171 Thread 0x000001987e073b30 Exception <a 'sun/nio/fs/WindowsException'{0x0000000089a5c1d8}> (0x0000000089a5c1d8) 
thrown [s\src\hotspot\share\prims\jni.cpp, line 520]
Event: 28.171 Thread 0x000001987e073b30 Exception <a 'sun/nio/fs/WindowsException'{0x0000000089a5d698}> (0x0000000089a5d698) 
thrown [s\src\hotspot\share\prims\jni.cpp, line 520]
Event: 28.172 Thread 0x000001987e073b30 Exception <a 'sun/nio/fs/WindowsException'{0x0000000089a5eb48}> (0x0000000089a5eb48) 
thrown [s\src\hotspot\share\prims\jni.cpp, line 520]
Event: 28.283 Thread 0x000001987e073b30 Exception <a 'sun/nio/fs/WindowsException'{0x0000000087a5baa0}> (0x0000000087a5baa0) 
thrown [s\src\hotspot\share\prims\jni.cpp, line 520]
Event: 28.283 Thread 0x000001987e073b30 Exception <a 'sun/nio/fs/WindowsException'{0x0000000087a5d168}> (0x0000000087a5d168) 
thrown [s\src\hotspot\share\prims\jni.cpp, line 520]
Event: 28.284 Thread 0x000001987e073b30 Exception <a 'sun/nio/fs/WindowsException'{0x0000000087a5f4e8}> (0x0000000087a5f4e8) 
thrown [s\src\hotspot\share\prims\jni.cpp, line 520]

ZGC Phase Switch (0 events):
No events

VM Operations (20 events):
Event: 27.226 Executing non-safepoint VM operation: HandshakeAllThreads (Deoptimize)
Event: 27.226 Executing non-safepoint VM operation: HandshakeAllThreads (Deoptimize) done
Event: 27.262 Executing non-safepoint VM operation: HandshakeAllThreads (Deoptimize)
Event: 27.262 Executing non-safepoint VM operation: HandshakeAllThreads (Deoptimize) done
Event: 27.264 Executing non-safepoint VM operation: HandshakeAllThreads (Deoptimize)
Event: 27.264 Executing non-safepoint VM operation: HandshakeAllThreads (Deoptimize) done
Event: 27.501 Executing safepoint VM operation: ICBufferFull
Event: 27.501 Executing safepoint VM operation: ICBufferFull done
Event: 27.571 Executing non-safepoint VM operation: HandshakeAllThreads (Deoptimize)
Event: 27.571 Executing non-safepoint VM operation: HandshakeAllThreads (Deoptimize) done
Event: 27.704 Executing safepoint VM operation: G1CollectForAllocation (G1 Evacuation Pause)
Event: 27.715 Executing safepoint VM operation: G1CollectForAllocation (G1 Evacuation Pause) done
Event: 27.743 Executing non-safepoint VM operation: HandshakeAllThreads (Deoptimize)
Event: 27.743 Executing non-safepoint VM operation: HandshakeAllThreads (Deoptimize) done
Event: 28.230 Executing safepoint VM operation: ICBufferFull
Event: 28.230 Executing safepoint VM operation: ICBufferFull done
Event: 28.387 Executing safepoint VM operation: G1CollectForAllocation (G1 Evacuation Pause)
Event: 28.393 Executing safepoint VM operation: G1CollectForAllocation (G1 Evacuation Pause) done
Event: 28.417 Executing non-safepoint VM operation: HandshakeAllThreads (Deoptimize)
Event: 28.417 Executing non-safepoint VM operation: HandshakeAllThreads (Deoptimize) done

Memory protections (0 events):
No events

Nmethod flushes (20 events):
Event: 26.786 Thread 0x000001987c62fe60 flushing  nmethod 0x000001980066be10
Event: 26.786 Thread 0x000001987c62fe60 flushing  nmethod 0x000001980066ca10
Event: 26.786 Thread 0x000001987c62fe60 flushing  nmethod 0x000001980068ed10
Event: 26.786 Thread 0x000001987c62fe60 flushing  nmethod 0x0000019800691790
Event: 26.786 Thread 0x000001987c62fe60 flushing  nmethod 0x0000019800693a90
Event: 26.786 Thread 0x000001987c62fe60 flushing  nmethod 0x0000019800739190
Event: 26.786 Thread 0x000001987c62fe60 flushing  nmethod 0x0000019800803f90
Event: 26.786 Thread 0x000001987c62fe60 flushing  nmethod 0x0000019800839c90
Event: 26.786 Thread 0x000001987c62fe60 flushing  nmethod 0x00000198008e1110
Event: 26.786 Thread 0x000001987c62fe60 flushing  nmethod 0x0000019800947210
Event: 26.786 Thread 0x000001987c62fe60 flushing  nmethod 0x0000019800947990
Event: 26.786 Thread 0x000001987c62fe60 flushing  nmethod 0x0000019800955c90
Event: 26.786 Thread 0x000001987c62fe60 flushing  nmethod 0x0000019800a03710
Event: 26.786 Thread 0x000001987c62fe60 flushing  nmethod 0x0000019800a04890
Event: 26.786 Thread 0x000001987c62fe60 flushing  nmethod 0x0000019800c30890
Event: 26.786 Thread 0x000001987c62fe60 flushing  nmethod 0x0000019800c30c90
Event: 26.786 Thread 0x000001987c62fe60 flushing  nmethod 0x0000019800d7be90
Event: 26.786 Thread 0x000001987c62fe60 flushing  nmethod 0x0000019800e38890
Event: 26.786 Thread 0x000001987c62fe60 flushing  nmethod 0x00000198011bfd90
Event: 26.786 Thread 0x000001987c62fe60 flushing  nmethod 0x00000198011c2010

Events (20 events):
Event: 27.865 Thread 0x0000019855095ae0 Thread exited: 0x0000019855095ae0
Event: 27.869 Thread 0x000001987e0713d0 Thread exited: 0x000001987e0713d0
Event: 27.869 Thread 0x000001987e072780 Thread exited: 0x000001987e072780
Event: 27.869 Thread 0x000001987e0741c0 Thread exited: 0x000001987e0741c0
Event: 27.900 Thread 0x000001987c667cb0 Thread added: 0x0000019856b1ad80
Event: 27.900 Thread 0x000001987e071a60 Thread exited: 0x000001987e071a60
Event: 27.904 Thread 0x000001987c668340 Thread exited: 0x000001987c668340
Event: 28.118 Thread 0x000001987c667cb0 Thread added: 0x0000019856b1e890
Event: 28.125 Thread 0x0000019856db08f0 Thread exited: 0x0000019856db08f0
Event: 28.126 Thread 0x000001987c667cb0 Thread added: 0x0000019856b20ff0
Event: 28.136 Thread 0x000001987e073b30 Thread added: 0x0000019856b202d0
Event: 28.137 Thread 0x000001987e073b30 Thread added: 0x0000019856b1f5b0
Event: 28.138 Thread 0x000001987e073b30 Thread added: 0x0000019856b1fc40
Event: 28.145 Thread 0x000001987e073b30 Thread added: 0x0000019856b20960
Event: 28.152 Thread 0x000001987e073b30 Thread added: 0x0000019856b21680
Event: 28.173 Thread 0x000001987c66fed0 Thread added: 0x0000019856daf480
Event: 28.180 Thread 0x000001987e073b30 Thread added: 0x000001987e071a60
Event: 28.193 Thread 0x000001987e073b30 Thread added: 0x000001987e0720f0
Event: 28.197 Thread 0x000001987e073b30 Thread added: 0x000001987e0741c0
Event: 28.650 Thread 0x0000019856daf480 Thread exited: 0x0000019856daf480


Dynamic libraries:
0x00007ff741b60000 - 0x00007ff741b6e000 	C:\Users\ASUS\.cursor\extensions\redhat.java-1.54.0-win32-x64\jre\21.0.10-win32-x86_64\bin\java.exe
0x00007fff29260000 - 0x00007fff294c0000 	C:\WINDOWS\SYSTEM32\ntdll.dll
0x00007fff284d0000 - 0x00007fff28597000 	C:\WINDOWS\System32\KERNEL32.DLL
0x00007fff26590000 - 0x00007fff2695a000 	C:\WINDOWS\System32\KERNELBASE.dll
0x00007fff26ad0000 - 0x00007fff26c1b000 	C:\WINDOWS\System32\ucrtbase.dll
0x00007fff096f0000 - 0x00007fff0970e000 	C:\Users\ASUS\.cursor\extensions\redhat.java-1.54.0-win32-x64\jre\21.0.10-win32-x86_64\bin\VCRUNTIME140.dll
0x00007fff098a0000 - 0x00007fff098b8000 	C:\Users\ASUS\.cursor\extensions\redhat.java-1.54.0-win32-x64\jre\21.0.10-win32-x86_64\bin\jli.dll
0x00007fff27dc0000 - 0x00007fff27f8c000 	C:\WINDOWS\System32\USER32.dll
0x00007fff27030000 - 0x00007fff27057000 	C:\WINDOWS\System32\win32u.dll
0x00007fff0a620000 - 0x00007fff0a8b9000 	C:\WINDOWS\WinSxS\amd64_microsoft.windows.common-controls_6595b64144ccf1df_6.0.26100.3575_none_3e0d5430e32ff727\COMCTL32.dll
0x00007fff270d0000 - 0x00007fff270fa000 	C:\WINDOWS\System32\GDI32.dll
0x00007fff28630000 - 0x00007fff286d9000 	C:\WINDOWS\System32\msvcrt.dll
0x00007fff26d70000 - 0x00007fff26ea1000 	C:\WINDOWS\System32\gdi32full.dll
0x00007fff26440000 - 0x00007fff264e3000 	C:\WINDOWS\System32\msvcp_win.dll
0x00007fff28130000 - 0x00007fff2815f000 	C:\WINDOWS\System32\IMM32.DLL
0x00007fff141e0000 - 0x00007fff141ec000 	C:\Users\ASUS\.cursor\extensions\redhat.java-1.54.0-win32-x64\jre\21.0.10-win32-x86_64\bin\vcruntime140_1.dll
0x00007ffef6e80000 - 0x00007ffef6f0d000 	C:\Users\ASUS\.cursor\extensions\redhat.java-1.54.0-win32-x64\jre\21.0.10-win32-x86_64\bin\msvcp140.dll
0x00007ffe8ba60000 - 0x00007ffe8c801000 	C:\Users\ASUS\.cursor\extensions\redhat.java-1.54.0-win32-x64\jre\21.0.10-win32-x86_64\bin\server\jvm.dll
0x00007fff27130000 - 0x00007fff271e2000 	C:\WINDOWS\System32\ADVAPI32.dll
0x00007fff289c0000 - 0x00007fff28a66000 	C:\WINDOWS\System32\sechost.dll
0x00007fff28a70000 - 0x00007fff28b86000 	C:\WINDOWS\System32\RPCRT4.dll
0x00007fff283a0000 - 0x00007fff28414000 	C:\WINDOWS\System32\WS2_32.dll
0x00007fff12f10000 - 0x00007fff12f1b000 	C:\WINDOWS\SYSTEM32\VERSION.dll
0x00007fff262c0000 - 0x00007fff2631e000 	C:\WINDOWS\SYSTEM32\POWRPROF.dll
0x00007fff1c070000 - 0x00007fff1c0a6000 	C:\WINDOWS\SYSTEM32\WINMM.dll
0x00007fff262a0000 - 0x00007fff262b4000 	C:\WINDOWS\SYSTEM32\UMPDC.dll
0x00007fff25250000 - 0x00007fff2526a000 	C:\WINDOWS\SYSTEM32\kernel.appcore.dll
0x00007fff140b0000 - 0x00007fff140ba000 	C:\Users\ASUS\.cursor\extensions\redhat.java-1.54.0-win32-x64\jre\21.0.10-win32-x86_64\bin\jimage.dll
0x00007fff23dc0000 - 0x00007fff24001000 	C:\WINDOWS\SYSTEM32\DBGHELP.DLL
0x00007fff28be0000 - 0x00007fff28f63000 	C:\WINDOWS\System32\combase.dll
0x00007fff28170000 - 0x00007fff28246000 	C:\WINDOWS\System32\OLEAUT32.dll
0x00007ffefe9c0000 - 0x00007ffefe9f9000 	C:\WINDOWS\SYSTEM32\dbgcore.DLL
0x00007fff264f0000 - 0x00007fff26589000 	C:\WINDOWS\System32\bcryptPrimitives.dll
0x00007fff09980000 - 0x00007fff0998f000 	C:\Users\ASUS\.cursor\extensions\redhat.java-1.54.0-win32-x64\jre\21.0.10-win32-x86_64\bin\instrument.dll
0x00007fff09380000 - 0x00007fff093a0000 	C:\Users\ASUS\.cursor\extensions\redhat.java-1.54.0-win32-x64\jre\21.0.10-win32-x86_64\bin\java.dll
0x00007fff27200000 - 0x00007fff27929000 	C:\WINDOWS\System32\SHELL32.dll
0x00007fff26960000 - 0x00007fff26ac8000 	C:\WINDOWS\System32\wintypes.dll
0x00007fff240b0000 - 0x00007fff24903000 	C:\WINDOWS\SYSTEM32\windows.storage.dll
0x00007fff28fd0000 - 0x00007fff290bd000 	C:\WINDOWS\System32\SHCORE.dll
0x00007fff27060000 - 0x00007fff270c5000 	C:\WINDOWS\System32\shlwapi.dll
0x00007fff26350000 - 0x00007fff2637f000 	C:\WINDOWS\SYSTEM32\profapi.dll
0x00007fff090b0000 - 0x00007fff090c8000 	C:\Users\ASUS\.cursor\extensions\redhat.java-1.54.0-win32-x64\jre\21.0.10-win32-x86_64\bin\zip.dll
0x00007fff0da20000 - 0x00007fff0da30000 	C:\Users\ASUS\.cursor\extensions\redhat.java-1.54.0-win32-x64\jre\21.0.10-win32-x86_64\bin\net.dll
0x00007fff14680000 - 0x00007fff1479e000 	C:\WINDOWS\SYSTEM32\WINHTTP.dll
0x00007fff25770000 - 0x00007fff257da000 	C:\WINDOWS\system32\mswsock.dll
0x00007fff08f50000 - 0x00007fff08f66000 	C:\Users\ASUS\.cursor\extensions\redhat.java-1.54.0-win32-x64\jre\21.0.10-win32-x86_64\bin\nio.dll
0x00007fff098e0000 - 0x00007fff098f0000 	C:\Users\ASUS\.cursor\extensions\redhat.java-1.54.0-win32-x64\jre\21.0.10-win32-x86_64\bin\verify.dll
0x00007ffef9590000 - 0x00007ffef95b7000 	C:\Users\ASUS\.gradle\native\1def1411415f61bf3af743bc5b6707747c0891f09f0c88961ee8f79bc544acac\windows-amd64\native-platform.dll
0x00007ffee1140000 - 0x00007ffee11b8000 	C:\Users\ASUS\.gradle\native\0.2.7\x86_64-windows-gnu\gradle-fileevents.dll
0x00007fff084a0000 - 0x00007fff084aa000 	C:\Users\ASUS\.cursor\extensions\redhat.java-1.54.0-win32-x64\jre\21.0.10-win32-x86_64\bin\management.dll
0x00007fff07130000 - 0x00007fff0713c000 	C:\Users\ASUS\.cursor\extensions\redhat.java-1.54.0-win32-x64\jre\21.0.10-win32-x86_64\bin\management_ext.dll
0x00007fff28b90000 - 0x00007fff28b98000 	C:\WINDOWS\System32\PSAPI.DLL
0x00007fff24ce0000 - 0x00007fff24d13000 	C:\WINDOWS\SYSTEM32\IPHLPAPI.DLL
0x00007fff27100000 - 0x00007fff2710a000 	C:\WINDOWS\System32\NSI.dll
0x00007fff0a3e0000 - 0x00007fff0a3e9000 	C:\Users\ASUS\.cursor\extensions\redhat.java-1.54.0-win32-x64\jre\21.0.10-win32-x86_64\bin\extnet.dll
0x00007fff25a10000 - 0x00007fff25a2c000 	C:\WINDOWS\SYSTEM32\CRYPTSP.dll
0x00007fff251b0000 - 0x00007fff251ea000 	C:\WINDOWS\system32\rsaenh.dll
0x00007fff25810000 - 0x00007fff2583b000 	C:\WINDOWS\SYSTEM32\USERENV.dll
0x00007fff25c50000 - 0x00007fff25c76000 	C:\WINDOWS\SYSTEM32\bcrypt.dll
0x00007fff25a30000 - 0x00007fff25a3c000 	C:\WINDOWS\SYSTEM32\CRYPTBASE.dll
0x00007fff0a990000 - 0x00007fff0a99e000 	C:\Users\ASUS\.cursor\extensions\redhat.java-1.54.0-win32-x64\jre\21.0.10-win32-x86_64\bin\sunmscapi.dll
0x00007fff26eb0000 - 0x00007fff27027000 	C:\WINDOWS\System32\CRYPT32.dll
0x00007fff25c10000 - 0x00007fff25c40000 	C:\WINDOWS\SYSTEM32\ncrypt.dll
0x00007fff25bc0000 - 0x00007fff25bff000 	C:\WINDOWS\SYSTEM32\NTASN1.dll
0x00007ffec9120000 - 0x00007ffec9128000 	C:\WINDOWS\system32\wshunix.dll
0x00007ffef95d0000 - 0x00007ffef95e8000 	C:\WINDOWS\system32\napinsp.dll
0x00007fff24d20000 - 0x00007fff24e45000 	C:\WINDOWS\SYSTEM32\DNSAPI.dll
0x00007ffef9560000 - 0x00007ffef9572000 	C:\WINDOWS\System32\winrnr.dll
0x00007ffef9520000 - 0x00007ffef9550000 	C:\WINDOWS\system32\nlansp_c.dll
0x00007fff12fa0000 - 0x00007fff12fb6000 	C:\WINDOWS\system32\wshbth.dll
0x00007fff12f20000 - 0x00007fff12f2b000 	C:\Windows\System32\rasadhlp.dll
0x00007fff1b490000 - 0x00007fff1b515000 	C:\WINDOWS\System32\fwpuclnt.dll

JVMTI agents:
C:\Users\ASUS\.gradle\wrapper\dists\gradle-8.14-bin\38aieal9i53h9rfe7vjup95b9\gradle-8.14\lib\agents\gradle-instrumentation-agent-8.14.jar path:C:\Users\ASUS\.cursor\extensions\redhat.java-1.54.0-win32-x64\jre\21.0.10-win32-x86_64\bin\instrument.dll, loaded, initialized, instrumentlib options:none

dbghelp: loaded successfully - version: 4.0.5 - missing functions: none
symbol engine: initialized successfully - sym options: 0x614 - pdb path: .;C:\Users\ASUS\.cursor\extensions\redhat.java-1.54.0-win32-x64\jre\21.0.10-win32-x86_64\bin;C:\WINDOWS\SYSTEM32;C:\WINDOWS\WinSxS\amd64_microsoft.windows.common-controls_6595b64144ccf1df_6.0.26100.3575_none_3e0d5430e32ff727;C:\Users\ASUS\.cursor\extensions\redhat.java-1.54.0-win32-x64\jre\21.0.10-win32-x86_64\bin\server;C:\Users\ASUS\.gradle\native\1def1411415f61bf3af743bc5b6707747c0891f09f0c88961ee8f79bc544acac\windows-amd64;C:\Users\ASUS\.gradle\native\0.2.7\x86_64-windows-gnu

VM Arguments:
jvm_args: --add-opens=java.base/java.lang=ALL-UNNAMED --add-opens=java.base/java.lang.invoke=ALL-UNNAMED --add-opens=java.base/java.util=ALL-UNNAMED --add-opens=java.prefs/java.util.prefs=ALL-UNNAMED --add-exports=jdk.compiler/com.sun.tools.javac.api=ALL-UNNAMED --add-exports=jdk.compiler/com.sun.tools.javac.util=ALL-UNNAMED --add-opens=java.base/java.util=ALL-UNNAMED --add-opens=java.prefs/java.util.prefs=ALL-UNNAMED --add-opens=java.base/java.nio.charset=ALL-UNNAMED --add-opens=java.base/java.net=ALL-UNNAMED --add-opens=java.base/java.util.concurrent.atomic=ALL-UNNAMED --add-opens=java.xml/javax.xml.namespace=ALL-UNNAMED -Xmx2048m -Dfile.encoding=UTF-8 -Duser.country=US -Duser.language=en -Duser.variant -javaagent:C:\Users\ASUS\.gradle\wrapper\dists\gradle-8.14-bin\38aieal9i53h9rfe7vjup95b9\gradle-8.14\lib\agents\gradle-instrumentation-agent-8.14.jar 
java_command: org.gradle.launcher.daemon.bootstrap.GradleDaemon 8.14
java_class_path (initial): C:\Users\ASUS\.gradle\wrapper\dists\gradle-8.14-bin\38aieal9i53h9rfe7vjup95b9\gradle-8.14\lib\gradle-daemon-main-8.14.jar
Launcher Type: SUN_STANDARD

[Global flags]
     intx CICompilerCount                          = 3                                         {product} {ergonomic}
     uint ConcGCThreads                            = 1                                         {product} {ergonomic}
     uint G1ConcRefinementThreads                  = 4                                         {product} {ergonomic}
   size_t G1HeapRegionSize                         = 1048576                                   {product} {ergonomic}
    uintx GCDrainStackTargetSize                   = 64                                        {product} {ergonomic}
   size_t InitialHeapSize                          = 331350016                                 {product} {ergonomic}
   size_t MarkStackSize                            = 4194304                                   {product} {ergonomic}
   size_t MaxHeapSize                              = 2147483648                                {product} {command line}
   size_t MaxNewSize                               = 1287651328                                {product} {ergonomic}
   size_t MinHeapDeltaBytes                        = 1048576                                   {product} {ergonomic}
   size_t MinHeapSize                              = 8388608                                   {product} {ergonomic}
    uintx NonNMethodCodeHeapSize                   = 5832780                                {pd product} {ergonomic}
    uintx NonProfiledCodeHeapSize                  = 122912730                              {pd product} {ergonomic}
    uintx ProfiledCodeHeapSize                     = 122912730                              {pd product} {ergonomic}
    uintx ReservedCodeCacheSize                    = 251658240                              {pd product} {ergonomic}
     bool SegmentedCodeCache                       = true                                      {product} {ergonomic}
   size_t SoftMaxHeapSize                          = 2147483648                             {manageable} {ergonomic}
     bool UseCompressedOops                        = true                           {product lp64_product} {ergonomic}
     bool UseG1GC                                  = true                                      {product} {ergonomic}
     bool UseLargePagesIndividualAllocation        = false                                  {pd product} {ergonomic}

Logging:
Log output configuration:
 #0: stdout all=warning uptime,level,tags foldmultilines=false
 #1: stderr all=off uptime,level,tags foldmultilines=false

Release file:
JAVA_VERSION="21.0.10" 
MODULES="java.base java.compiler java.datatransfer java.xml java.prefs java.desktop java.instrument java.logging java.management java.security.sasl java.naming java.rmi java.management.rmi java.net.http java.scripting java.security.jgss java.transaction.xa java.sql java.sql.rowset java.xml.crypto java.se java.smartcardio jdk.accessibility jdk.internal.jvmstat jdk.attach jdk.charsets jdk.internal.opt jdk.zipfs jdk.compiler jdk.crypto.ec jdk.crypto.cryptoki jdk.crypto.mscapi jdk.dynalink jdk.internal.ed jdk.editpad jdk.hotspot.agent jdk.httpserver jdk.internal.le jdk.internal.vm.ci jdk.internal.vm.compiler jdk.internal.vm.compiler.management jdk.jartool jdk.javadoc jdk.jcmd jdk.management jdk.management.agent jdk.jconsole jdk.jdeps jdk.jdwp.agent jdk.jdi jdk.jfr jdk.jshell jdk.jsobject jdk.jstatd jdk.localedata jdk.management.jfr jdk.naming.dns jdk.naming.rmi jdk.net jdk.nio.mapmode jdk.random jdk.sctp jdk.security.auth jdk.security.jgss jdk.unsupported jdk.unsupported.desktop jdk.xml.dom" 

Environment Variables:
CLASSPATH=C:\Program Files (x86)\Java\jdk1.7.0_51\bin;C:\Program Files (x86)\Java\jre7\bin;
PATH=C:\Program Files\Google\Chrome\Application;C:\Program Files\Common Files\Oracle\Java\javapath;C:\WINDOWS\system32;C:\WINDOWS;C:\WINDOWS\System32\Wbem;C:\WINDOWS\System32\WindowsPowerShell\v1.0\;C:\WINDOWS\System32\OpenSSH\;C:\Program Files\dotnet\;C:\Program Files\nodejs\;C:\Program Files\Git\cmd;C:\Program Files\Cloudflare\Cloudflare WARP\;C:\Program Files\MySQL\MySQL Shell 8.0\bin\;C:\Users\ASUS\AppData\Local\Microsoft\WindowsApps;D:\Microsoft VS Code\bin;C:\MinGW\bin;C:\Program Files\Java\jdk-20\bin;"C:\Users\ASUS\Downloads\flutter_windows_3.13.7-stable.zip\flutter\bin;";C:\Users\ASUS\AppData\Roaming\npm;C:\Program Files\JetBrains\IntelliJ IDEA Community Edition 2023.3.5\bin;;D:\cursor\resources\app\bin;D:\Antigravity\bin
USERNAME=ASUS
OS=Windows_NT
PROCESSOR_IDENTIFIER=Intel64 Family 6 Model 140 Stepping 1, GenuineIntel
TMP=C:\Users\ASUS\AppData\Local\Temp
TEMP=C:\Users\ASUS\AppData\Local\Temp




Periodic native trim disabled

---------------  S Y S T E M  ---------------

OS:
 Windows 11 , 64 bit Build 26100 (10.0.26100.3575)
OS uptime: 5 days 19:53 hours
Hyper-V role detected

CPU: total 4 (initial active 4) (2 cores per cpu, 2 threads per core) family 6 model 140 stepping 1 microcode 0xb6, cx8, cmov, fxsr, ht, mmx, 3dnowpref, sse, sse2, sse3, ssse3, sse4.1, sse4.2, popcnt, lzcnt, tsc, tscinvbit, avx, avx2, aes, erms, clmul, bmi1, bmi2, adx, avx512f, avx512dq, avx512cd, avx512bw, avx512vl, sha, fma, vzeroupper, avx512_vpopcntdq, avx512_vpclmulqdq, avx512_vaes, avx512_vnni, clflush, clflushopt, clwb, avx512_vbmi2, avx512_vbmi, hv, rdtscp, rdpid, fsrm, gfni, avx512_bitalg, f16c, cet_ibt, cet_ss, avx512_ifma
Processor Information for the first 4 processors :
  Max Mhz: 2995, Current Mhz: 2995, Mhz Limit: 2995

Memory: 4k page, system-wide physical 20174M (1838M free)
TotalPageFile size 28366M (AvailPageFile size 5M)
current process WorkingSet (physical memory assigned to process): 473M, peak: 473M
current process commit charge ("private bytes"): 499M, peak: 500M

vm_info: OpenJDK 64-Bit Server VM (21.0.10+7-LTS) for windows-amd64 JRE (21.0.10+7-LTS), built on 2026-01-20T00:00:00Z by "admin" with MS VC++ 17.12 (VS2022)

END.
