#
# There is insufficient memory for the Java Runtime Environment to continue.
# Native memory allocation (malloc) failed to allocate 1802896 bytes. Error detail: Chunk::new
# Possible reasons:
#   The system is out of physical RAM or swap space
#   This process is running with CompressedOops enabled, and the Java Heap may be blocking the growth of the native heap
# Possible solutions:
#   Reduce memory load on the system
#   Increase physical memory or swap space
#   Check if swap backing store is full
#   Decrease Java heap size (-Xmx/-Xms)
#   Decrease number of Java threads
#   Decrease Java thread stack sizes (-Xss)
#   Set larger code cache with -XX:ReservedCodeCacheSize=
#   JVM is running with Unscaled Compressed Oops mode in which the Java heap is
#     placed in the first 4GB address space. The Java Heap base address is the
#     maximum limit for the native heap growth. Please use -XX:HeapBaseMinAddress
#     to set the Java Heap base and to place the Java Heap above 4GB virtual address.
# This output file may be truncated or incomplete.
#
#  Out of Memory Error (arena.cpp:168), pid=6228, tid=3796
#
# JRE version: OpenJDK Runtime Environment (21.0.8) (build 21.0.8+-14196175-b1038.72)
# Java VM: OpenJDK 64-Bit Server VM (21.0.8+-14196175-b1038.72, mixed mode, tiered, compressed oops, compressed class ptrs, g1 gc, windows-amd64)
# No core dump will be written. Minidumps are not enabled by default on client versions of Windows
#

---------------  S U M M A R Y ------------

Command Line: --add-opens=java.base/java.lang=ALL-UNNAMED --add-opens=java.base/java.lang.invoke=ALL-UNNAMED --add-opens=java.base/java.util=ALL-UNNAMED --add-opens=java.prefs/java.util.prefs=ALL-UNNAMED --add-exports=jdk.compiler/com.sun.tools.javac.api=ALL-UNNAMED --add-exports=jdk.compiler/com.sun.tools.javac.util=ALL-UNNAMED --add-opens=java.base/java.util=ALL-UNNAMED --add-opens=java.prefs/java.util.prefs=ALL-UNNAMED --add-opens=java.base/java.nio.charset=ALL-UNNAMED --add-opens=java.base/java.net=ALL-UNNAMED --add-opens=java.base/java.util.concurrent.atomic=ALL-UNNAMED --add-opens=java.xml/javax.xml.namespace=ALL-UNNAMED -Xmx2048m -Dfile.encoding=UTF-8 -Duser.country=US -Duser.language=en -Duser.variant -javaagent:C:\Users\ASUS\.gradle\wrapper\dists\gradle-8.14-bin\38aieal9i53h9rfe7vjup95b9\gradle-8.14\lib\agents\gradle-instrumentation-agent-8.14.jar org.gradle.launcher.daemon.bootstrap.GradleDaemon 8.14

Host: 11th Gen Intel(R) Core(TM) i3-1115G4 @ 3.00GHz, 4 cores, 19G,  Windows 11 , 64 bit Build 26100 (10.0.26100.3575)
Time: Mon May 11 01:26:39 2026 India Standard Time elapsed time: 9.238567 seconds (0d 0h 0m 9s)

---------------  T H R E A D  ---------------

Current thread (0x0000021688198f80):  JavaThread "C2 CompilerThread1" daemon [_thread_in_native, id=3796, stack(0x0000003d9e500000,0x0000003d9e600000) (1024K)]


Current CompileTask:
C2:9238 6269 %     4       org.objectweb.asm.ClassReader::readCode @ 2037 (5117 bytes)

Stack: [0x0000003d9e500000,0x0000003d9e600000]
Native frames: (J=compiled Java code, j=interpreted, Vv=VM code, C=native code)
V  [jvm.dll+0x6d68d9]
V  [jvm.dll+0x866693]
V  [jvm.dll+0x868c4e]
V  [jvm.dll+0x869333]
V  [jvm.dll+0x280566]
V  [jvm.dll+0xc07cd]
V  [jvm.dll+0xc0d03]
V  [jvm.dll+0x3b95e1]
V  [jvm.dll+0x385507]
V  [jvm.dll+0x38497a]
V  [jvm.dll+0x249252]
V  [jvm.dll+0x248821]
V  [jvm.dll+0x1c73a4]
V  [jvm.dll+0x257f9e]
V  [jvm.dll+0x2564e6]
V  [jvm.dll+0x3f4696]
V  [jvm.dll+0x80eac8]
V  [jvm.dll+0x6d512d]
C  [ucrtbase.dll+0x37b0]
C  [KERNEL32.DLL+0x2e8d7]
C  [ntdll.dll+0xb14fc]


---------------  P R O C E S S  ---------------

Threads class SMR info:
_java_thread_list=0x000002168bb96b20, length=41, elements={
0x00000216ecba1190, 0x00000216ffb1c490, 0x00000216ffb23fc0, 0x00000216ffb20d80,
0x00000216ffb500b0, 0x00000216ffb50b10, 0x00000216ffb51570, 0x00000216ffb3ae00,
0x00000216ffb3cba0, 0x00000216ffb55c70, 0x000002168807b420, 0x0000021689a09380,
0x0000021689a485e0, 0x0000021689a717c0, 0x00000216898f3f60, 0x00000216899062e0,
0x0000021689ac68a0, 0x0000021689abf570, 0x0000021689abfc00, 0x0000021689abd4a0,
0x0000021689abe1c0, 0x0000021689ac0290, 0x0000021689abeee0, 0x0000021689abce10,
0x0000021689abe850, 0x000002168ad27250, 0x000002168ad23dd0, 0x000002168ad278e0,
0x000002168ad24460, 0x000002168ad27f70, 0x000002168ad24af0, 0x000002168ad28600,
0x0000021688198f80, 0x000002168ad25180, 0x000002168ad28c90, 0x000002168ad25ea0,
0x000002168ad29320, 0x000002168ad26530, 0x000002168ad2a6d0, 0x000002168ad2ad60,
0x000002168ad2a040
}

Java Threads: ( => current thread )
  0x00000216ecba1190 JavaThread "main"                              [_thread_blocked, id=18652, stack(0x0000003d9bb00000,0x0000003d9bc00000) (1024K)]
  0x00000216ffb1c490 JavaThread "Common-Cleaner"             daemon [_thread_blocked, id=24164, stack(0x0000003d9c300000,0x0000003d9c400000) (1024K)]
  0x00000216ffb23fc0 JavaThread "Reference Handler"          daemon [_thread_blocked, id=19336, stack(0x0000003d9c400000,0x0000003d9c500000) (1024K)]
  0x00000216ffb20d80 JavaThread "Finalizer"                  daemon [_thread_blocked, id=24288, stack(0x0000003d9c500000,0x0000003d9c600000) (1024K)]
  0x00000216ffb500b0 JavaThread "Signal Dispatcher"          daemon [_thread_blocked, id=6736, stack(0x0000003d9c600000,0x0000003d9c700000) (1024K)]
  0x00000216ffb50b10 JavaThread "Attach Listener"            daemon [_thread_blocked, id=22720, stack(0x0000003d9c700000,0x0000003d9c800000) (1024K)]
  0x00000216ffb51570 JavaThread "Service Thread"             daemon [_thread_blocked, id=24456, stack(0x0000003d9c800000,0x0000003d9c900000) (1024K)]
  0x00000216ffb3ae00 JavaThread "Monitor Deflation Thread"   daemon [_thread_blocked, id=8328, stack(0x0000003d9c900000,0x0000003d9ca00000) (1024K)]
  0x00000216ffb3cba0 JavaThread "C2 CompilerThread0"         daemon [_thread_in_native, id=12920, stack(0x0000003d9ca00000,0x0000003d9cb00000) (1024K)]
  0x00000216ffb55c70 JavaThread "C1 CompilerThread0"         daemon [_thread_blocked, id=15320, stack(0x0000003d9cb00000,0x0000003d9cc00000) (1024K)]
  0x000002168807b420 JavaThread "Notification Thread"        daemon [_thread_blocked, id=21276, stack(0x0000003d9cc00000,0x0000003d9cd00000) (1024K)]
  0x0000021689a09380 JavaThread "Daemon health stats"               [_thread_blocked, id=17832, stack(0x0000003d9d100000,0x0000003d9d200000) (1024K)]
  0x0000021689a485e0 JavaThread "Incoming local TCP Connector on port 5764"        [_thread_in_native, id=23924, stack(0x0000003d9d200000,0x0000003d9d300000) (1024K)]
  0x0000021689a717c0 JavaThread "Daemon periodic checks"            [_thread_blocked, id=9168, stack(0x0000003d9d300000,0x0000003d9d400000) (1024K)]
  0x00000216898f3f60 JavaThread "Daemon"                            [_thread_blocked, id=19428, stack(0x0000003d9d400000,0x0000003d9d500000) (1024K)]
  0x00000216899062e0 JavaThread "Handler for socket connection from /127.0.0.1:5764 to /127.0.0.1:5765"        [_thread_in_native, id=17292, stack(0x0000003d9d500000,0x0000003d9d600000) (1024K)]
  0x0000021689ac68a0 JavaThread "Cancel handler"                    [_thread_blocked, id=13192, stack(0x0000003d9d600000,0x0000003d9d700000) (1024K)]
  0x0000021689abf570 JavaThread "Daemon worker"                     [_thread_in_Java, id=19780, stack(0x0000003d9d700000,0x0000003d9d800000) (1024K)]
  0x0000021689abfc00 JavaThread "Asynchronous log dispatcher for DefaultDaemonConnection: socket connection from /127.0.0.1:5764 to /127.0.0.1:5765"        [_thread_blocked, id=23572, stack(0x0000003d9d800000,0x0000003d9d900000) (1024K)]
  0x0000021689abd4a0 JavaThread "Stdin handler"                     [_thread_blocked, id=24608, stack(0x0000003d9d900000,0x0000003d9da00000) (1024K)]
  0x0000021689abe1c0 JavaThread "Daemon client event forwarder"        [_thread_blocked, id=23464, stack(0x0000003d9da00000,0x0000003d9db00000) (1024K)]
  0x0000021689ac0290 JavaThread "Cache worker for journal cache (C:\Users\ASUS\.gradle\caches\journal-1)"        [_thread_blocked, id=25296, stack(0x0000003d9db00000,0x0000003d9dc00000) (1024K)]
  0x0000021689abeee0 JavaThread "File lock request listener"        [_thread_in_native, id=12472, stack(0x0000003d9dc00000,0x0000003d9dd00000) (1024K)]
  0x0000021689abce10 JavaThread "Cache worker for file hash cache (C:\Users\ASUS\.gradle\caches\8.14\fileHashes)"        [_thread_in_native, id=23564, stack(0x0000003d9dd00000,0x0000003d9de00000) (1024K)]
  0x0000021689abe850 JavaThread "Cache worker for file hash cache (C:\Users\ASUS\AndroidStudioProjects\ShreeGanesh\.gradle\8.14\fileHashes)"        [_thread_blocked, id=13148, stack(0x0000003d9de00000,0x0000003d9df00000) (1024K)]
  0x000002168ad27250 JavaThread "Cache worker for Build Output Cleanup Cache (C:\Users\ASUS\AndroidStudioProjects\ShreeGanesh\.gradle\buildOutputCleanup)"        [_thread_blocked, id=20664, stack(0x0000003d9df00000,0x0000003d9e000000) (1024K)]
  0x000002168ad23dd0 JavaThread "File watcher server"        daemon [_thread_in_native, id=24312, stack(0x0000003d9e000000,0x0000003d9e100000) (1024K)]
  0x000002168ad278e0 JavaThread "File watcher consumer"      daemon [_thread_blocked, id=23048, stack(0x0000003d9e100000,0x0000003d9e200000) (1024K)]
  0x000002168ad24460 JavaThread "jar transforms"                    [_thread_blocked, id=20676, stack(0x0000003d9cd00000,0x0000003d9ce00000) (1024K)]
  0x000002168ad27f70 JavaThread "jar transforms Thread 2"           [_thread_blocked, id=14612, stack(0x0000003d9e200000,0x0000003d9e300000) (1024K)]
  0x000002168ad24af0 JavaThread "jar transforms Thread 3"           [_thread_blocked, id=16728, stack(0x0000003d9e300000,0x0000003d9e400000) (1024K)]
  0x000002168ad28600 JavaThread "jar transforms Thread 4"           [_thread_blocked, id=23544, stack(0x0000003d9e400000,0x0000003d9e500000) (1024K)]
=>0x0000021688198f80 JavaThread "C2 CompilerThread1"         daemon [_thread_in_native, id=3796, stack(0x0000003d9e500000,0x0000003d9e600000) (1024K)]
  0x000002168ad25180 JavaThread "Cache worker for checksums cache (C:\Users\ASUS\AndroidStudioProjects\ShreeGanesh\.gradle\8.14\checksums)"        [_thread_blocked, id=23972, stack(0x0000003d9e600000,0x0000003d9e700000) (1024K)]
  0x000002168ad28c90 JavaThread "Cache worker for file content cache (C:\Users\ASUS\.gradle\caches\8.14\fileContent)"        [_thread_blocked, id=24948, stack(0x0000003d9e700000,0x0000003d9e800000) (1024K)]
  0x000002168ad25ea0 JavaThread "Cache worker for cache directory md-supplier (C:\Users\ASUS\.gradle\caches\8.14\md-supplier)"        [_thread_blocked, id=13208, stack(0x0000003d9e800000,0x0000003d9e900000) (1024K)]
  0x000002168ad29320 JavaThread "Cache worker for cache directory md-rule (C:\Users\ASUS\.gradle\caches\8.14\md-rule)"        [_thread_blocked, id=16364, stack(0x0000003d9e900000,0x0000003d9ea00000) (1024K)]
  0x000002168ad26530 JavaThread "Unconstrained build operations"        [_thread_blocked, id=22684, stack(0x0000003d9ea00000,0x0000003d9eb00000) (1024K)]
  0x000002168ad2a6d0 JavaThread "Unconstrained build operations Thread 2"        [_thread_blocked, id=20320, stack(0x0000003d9eb00000,0x0000003d9ec00000) (1024K)]
  0x000002168ad2ad60 JavaThread "Unconstrained build operations Thread 3"        [_thread_blocked, id=8832, stack(0x0000003d9ec00000,0x0000003d9ed00000) (1024K)]
  0x000002168ad2a040 JavaThread "Unconstrained build operations Thread 4"        [_thread_blocked, id=14312, stack(0x0000003d9ed00000,0x0000003d9ee00000) (1024K)]
Total: 41

Other Threads:
  0x00000216ffaad6a0 VMThread "VM Thread"                           [id=17656, stack(0x0000003d9c200000,0x0000003d9c300000) (1024K)]
  0x00000216ffaa1ba0 WatcherThread "VM Periodic Task Thread"        [id=21568, stack(0x0000003d9c100000,0x0000003d9c200000) (1024K)]
  0x00000216ea8adf90 WorkerThread "GC Thread#0"                     [id=20024, stack(0x0000003d9bc00000,0x0000003d9bd00000) (1024K)]
  0x00000216881dec20 WorkerThread "GC Thread#1"                     [id=3108, stack(0x0000003d9ce00000,0x0000003d9cf00000) (1024K)]
  0x00000216881defc0 WorkerThread "GC Thread#2"                     [id=16584, stack(0x0000003d9cf00000,0x0000003d9d000000) (1024K)]
  0x00000216881df360 WorkerThread "GC Thread#3"                     [id=23884, stack(0x0000003d9d000000,0x0000003d9d100000) (1024K)]
  0x00000216ecc04be0 ConcurrentGCThread "G1 Main Marker"            [id=22788, stack(0x0000003d9bd00000,0x0000003d9be00000) (1024K)]
  0x00000216ecc054f0 WorkerThread "G1 Conc#0"                       [id=16864, stack(0x0000003d9be00000,0x0000003d9bf00000) (1024K)]
  0x00000216ff9047d0 ConcurrentGCThread "G1 Refine#0"               [id=11964, stack(0x0000003d9bf00000,0x0000003d9c000000) (1024K)]
  0x00000216ff905250 ConcurrentGCThread "G1 Service"                [id=23696, stack(0x0000003d9c000000,0x0000003d9c100000) (1024K)]
Total: 10

Threads with active compile tasks:
C2 CompilerThread0  9269 6395       4       org.gradle.internal.classpath.transforms.InstrumentingBackwardsCompatibilityVisitor$BackwardCompatibilityMethodVisitor::visitMethodInsn (26 bytes)
C2 CompilerThread1  9269 6269 %     4       org.objectweb.asm.ClassReader::readCode @ 2037 (5117 bytes)
Total: 2

VM state: not at safepoint (normal execution)

VM Mutex/Monitor currently owned by a thread: None

Heap address: 0x0000000080000000, size: 2048 MB, Compressed Oops mode: 32-bit

CDS archive(s) not mapped
Compressed class space mapped at: 0x0000000100000000-0x0000000140000000, reserved size: 1073741824
Narrow klass base: 0x0000000000000000, Narrow klass shift: 3, Narrow klass range: 0x140000000

GC Precious Log:
 CardTable entry size: 512
 Card Set container configuration: InlinePtr #cards 5 size 8 Array Of Cards #cards 12 size 40 Howl #buckets 4 coarsen threshold 1843 Howl Bitmap #cards 512 size 80 coarsen threshold 460 Card regions per heap region 1 cards per card region 2048
 CPUs: 4 total, 4 available
 Memory: 20174M
 Large Page Support: Disabled
 NUMA Support: Disabled
 Compressed Oops: Enabled (32-bit)
 Heap Region Size: 1M
 Heap Min Capacity: 8M
 Heap Initial Capacity: 316M
 Heap Max Capacity: 2G
 Pre-touch: Disabled
 Parallel Workers: 4
 Concurrent Workers: 1
 Concurrent Refinement Workers: 4
 Periodic GC: Disabled

Heap:
 garbage-first heap   total 201728K, used 164864K [0x0000000080000000, 0x0000000100000000)
  region size 1024K, 92 young (94208K), 14 survivors (14336K)
 Metaspace       used 59822K, committed 61312K, reserved 1114112K
  class space    used 8435K, committed 9152K, reserved 1048576K

Heap Regions: E=young(eden), S=young(survivor), O=old, HS=humongous(starts), HC=humongous(continues), CS=collection set, F=free, TAMS=top-at-mark-start, PB=parsable bottom
|   0|0x0000000080000000, 0x0000000080100000, 0x0000000080100000|100%|HS|  |TAMS 0x0000000080000000| PB 0x0000000080000000| Complete 
|   1|0x0000000080100000, 0x0000000080200000, 0x0000000080200000|100%|HC|  |TAMS 0x0000000080100000| PB 0x0000000080100000| Complete 
|   2|0x0000000080200000, 0x0000000080300000, 0x0000000080300000|100%|HC|  |TAMS 0x0000000080200000| PB 0x0000000080200000| Complete 
|   3|0x0000000080300000, 0x0000000080400000, 0x0000000080400000|100%| O|  |TAMS 0x0000000080300000| PB 0x0000000080300000| Untracked 
|   4|0x0000000080400000, 0x0000000080500000, 0x0000000080500000|100%| O|  |TAMS 0x0000000080400000| PB 0x0000000080400000| Untracked 
|   5|0x0000000080500000, 0x0000000080600000, 0x0000000080600000|100%| O|  |TAMS 0x0000000080500000| PB 0x0000000080500000| Untracked 
|   6|0x0000000080600000, 0x0000000080700000, 0x0000000080700000|100%| O|  |TAMS 0x0000000080600000| PB 0x0000000080600000| Untracked 
|   7|0x0000000080700000, 0x0000000080800000, 0x0000000080800000|100%|HS|  |TAMS 0x0000000080700000| PB 0x0000000080700000| Complete 
|   8|0x0000000080800000, 0x0000000080900000, 0x0000000080900000|100%| O|  |TAMS 0x0000000080800000| PB 0x0000000080800000| Untracked 
|   9|0x0000000080900000, 0x0000000080a00000, 0x0000000080a00000|100%| O|  |TAMS 0x0000000080900000| PB 0x0000000080900000| Untracked 
|  10|0x0000000080a00000, 0x0000000080b00000, 0x0000000080b00000|100%| O|  |TAMS 0x0000000080a00000| PB 0x0000000080a00000| Untracked 
|  11|0x0000000080b00000, 0x0000000080c00000, 0x0000000080c00000|100%| O|  |TAMS 0x0000000080b00000| PB 0x0000000080b00000| Untracked 
|  12|0x0000000080c00000, 0x0000000080d00000, 0x0000000080d00000|100%| O|  |TAMS 0x0000000080c00000| PB 0x0000000080c00000| Untracked 
|  13|0x0000000080d00000, 0x0000000080e00000, 0x0000000080e00000|100%| O|  |TAMS 0x0000000080d00000| PB 0x0000000080d00000| Untracked 
|  14|0x0000000080e00000, 0x0000000080f00000, 0x0000000080f00000|100%| O|  |TAMS 0x0000000080e00000| PB 0x0000000080e00000| Untracked 
|  15|0x0000000080f00000, 0x0000000081000000, 0x0000000081000000|100%| O|  |TAMS 0x0000000080f00000| PB 0x0000000080f00000| Untracked 
|  16|0x0000000081000000, 0x0000000081100000, 0x0000000081100000|100%| O|  |TAMS 0x0000000081000000| PB 0x0000000081000000| Untracked 
|  17|0x0000000081100000, 0x0000000081200000, 0x0000000081200000|100%| O|  |TAMS 0x0000000081100000| PB 0x0000000081100000| Untracked 
|  18|0x0000000081200000, 0x0000000081300000, 0x0000000081300000|100%| O|  |TAMS 0x0000000081200000| PB 0x0000000081200000| Untracked 
|  19|0x0000000081300000, 0x0000000081400000, 0x0000000081400000|100%| O|  |TAMS 0x0000000081300000| PB 0x0000000081300000| Untracked 
|  20|0x0000000081400000, 0x0000000081500000, 0x0000000081500000|100%| O|  |TAMS 0x0000000081400000| PB 0x0000000081400000| Untracked 
|  21|0x0000000081500000, 0x0000000081600000, 0x0000000081600000|100%| O|  |TAMS 0x0000000081500000| PB 0x0000000081500000| Untracked 
|  22|0x0000000081600000, 0x0000000081700000, 0x0000000081700000|100%| O|  |TAMS 0x0000000081600000| PB 0x0000000081600000| Untracked 
|  23|0x0000000081700000, 0x0000000081800000, 0x0000000081800000|100%| O|  |TAMS 0x0000000081700000| PB 0x0000000081700000| Untracked 
|  24|0x0000000081800000, 0x0000000081900000, 0x0000000081900000|100%|HS|  |TAMS 0x0000000081800000| PB 0x0000000081800000| Complete 
|  25|0x0000000081900000, 0x0000000081a00000, 0x0000000081a00000|100%|HC|  |TAMS 0x0000000081900000| PB 0x0000000081900000| Complete 
|  26|0x0000000081a00000, 0x0000000081b00000, 0x0000000081b00000|100%|HC|  |TAMS 0x0000000081a00000| PB 0x0000000081a00000| Complete 
|  27|0x0000000081b00000, 0x0000000081c00000, 0x0000000081c00000|100%|HC|  |TAMS 0x0000000081b00000| PB 0x0000000081b00000| Complete 
|  28|0x0000000081c00000, 0x0000000081d00000, 0x0000000081d00000|100%|HC|  |TAMS 0x0000000081c00000| PB 0x0000000081c00000| Complete 
|  29|0x0000000081d00000, 0x0000000081e00000, 0x0000000081e00000|100%|HC|  |TAMS 0x0000000081d00000| PB 0x0000000081d00000| Complete 
|  30|0x0000000081e00000, 0x0000000081f00000, 0x0000000081f00000|100%|HS|  |TAMS 0x0000000081e00000| PB 0x0000000081e00000| Complete 
|  31|0x0000000081f00000, 0x0000000082000000, 0x0000000082000000|100%|HS|  |TAMS 0x0000000081f00000| PB 0x0000000081f00000| Complete 
|  32|0x0000000082000000, 0x0000000082100000, 0x0000000082100000|100%|HC|  |TAMS 0x0000000082000000| PB 0x0000000082000000| Complete 
|  33|0x0000000082100000, 0x0000000082200000, 0x0000000082200000|100%|HS|  |TAMS 0x0000000082100000| PB 0x0000000082100000| Complete 
|  34|0x0000000082200000, 0x0000000082300000, 0x0000000082300000|100%|HC|  |TAMS 0x0000000082200000| PB 0x0000000082200000| Complete 
|  35|0x0000000082300000, 0x0000000082400000, 0x0000000082400000|100%|HC|  |TAMS 0x0000000082300000| PB 0x0000000082300000| Complete 
|  36|0x0000000082400000, 0x0000000082500000, 0x0000000082500000|100%|HC|  |TAMS 0x0000000082400000| PB 0x0000000082400000| Complete 
|  37|0x0000000082500000, 0x0000000082600000, 0x0000000082600000|100%|HS|  |TAMS 0x0000000082500000| PB 0x0000000082500000| Complete 
|  38|0x0000000082600000, 0x0000000082700000, 0x0000000082700000|100%|HS|  |TAMS 0x0000000082600000| PB 0x0000000082600000| Complete 
|  39|0x0000000082700000, 0x0000000082800000, 0x0000000082800000|100%|HC|  |TAMS 0x0000000082700000| PB 0x0000000082700000| Complete 
|  40|0x0000000082800000, 0x0000000082900000, 0x0000000082900000|100%|HC|  |TAMS 0x0000000082800000| PB 0x0000000082800000| Complete 
|  41|0x0000000082900000, 0x0000000082a00000, 0x0000000082a00000|100%|HC|  |TAMS 0x0000000082900000| PB 0x0000000082900000| Complete 
|  42|0x0000000082a00000, 0x0000000082b00000, 0x0000000082b00000|100%|HC|  |TAMS 0x0000000082a00000| PB 0x0000000082a00000| Complete 
|  43|0x0000000082b00000, 0x0000000082c00000, 0x0000000082c00000|100%|HC|  |TAMS 0x0000000082b00000| PB 0x0000000082b00000| Complete 
|  44|0x0000000082c00000, 0x0000000082d00000, 0x0000000082d00000|100%|HS|  |TAMS 0x0000000082c00000| PB 0x0000000082c00000| Complete 
|  45|0x0000000082d00000, 0x0000000082e00000, 0x0000000082e00000|100%|HS|  |TAMS 0x0000000082d00000| PB 0x0000000082d00000| Complete 
|  46|0x0000000082e00000, 0x0000000082f00000, 0x0000000082f00000|100%|HC|  |TAMS 0x0000000082e00000| PB 0x0000000082e00000| Complete 
|  47|0x0000000082f00000, 0x0000000083000000, 0x0000000083000000|100%|HS|  |TAMS 0x0000000082f00000| PB 0x0000000082f00000| Complete 
|  48|0x0000000083000000, 0x0000000083100000, 0x0000000083100000|100%|HC|  |TAMS 0x0000000083000000| PB 0x0000000083000000| Complete 
|  49|0x0000000083100000, 0x0000000083200000, 0x0000000083200000|100%|HC|  |TAMS 0x0000000083100000| PB 0x0000000083100000| Complete 
|  50|0x0000000083200000, 0x0000000083300000, 0x0000000083300000|100%|HC|  |TAMS 0x0000000083200000| PB 0x0000000083200000| Complete 
|  51|0x0000000083300000, 0x0000000083400000, 0x0000000083400000|100%|HS|  |TAMS 0x0000000083300000| PB 0x0000000083300000| Complete 
|  52|0x0000000083400000, 0x0000000083500000, 0x0000000083500000|100%| O|  |TAMS 0x0000000083400000| PB 0x0000000083400000| Untracked 
|  53|0x0000000083500000, 0x0000000083600000, 0x0000000083600000|100%| O|  |TAMS 0x0000000083500000| PB 0x0000000083500000| Untracked 
|  54|0x0000000083600000, 0x0000000083700000, 0x0000000083700000|100%| O|  |TAMS 0x0000000083600000| PB 0x0000000083600000| Untracked 
|  55|0x0000000083700000, 0x0000000083800000, 0x0000000083800000|100%| O|  |TAMS 0x0000000083700000| PB 0x0000000083700000| Untracked 
|  56|0x0000000083800000, 0x0000000083900000, 0x0000000083900000|100%| O|  |TAMS 0x0000000083800000| PB 0x0000000083800000| Untracked 
|  57|0x0000000083900000, 0x0000000083a00000, 0x0000000083a00000|100%| O|  |TAMS 0x0000000083900000| PB 0x0000000083900000| Untracked 
|  58|0x0000000083a00000, 0x0000000083b00000, 0x0000000083b00000|100%| O|  |TAMS 0x0000000083a00000| PB 0x0000000083a00000| Untracked 
|  59|0x0000000083b00000, 0x0000000083c00000, 0x0000000083c00000|100%| O|  |TAMS 0x0000000083b00000| PB 0x0000000083b00000| Untracked 
|  60|0x0000000083c00000, 0x0000000083d00000, 0x0000000083d00000|100%| O|  |TAMS 0x0000000083c00000| PB 0x0000000083c00000| Untracked 
|  61|0x0000000083d00000, 0x0000000083e00000, 0x0000000083e00000|100%| O|  |TAMS 0x0000000083d00000| PB 0x0000000083d00000| Untracked 
|  62|0x0000000083e00000, 0x0000000083f00000, 0x0000000083f00000|100%| O|  |TAMS 0x0000000083e00000| PB 0x0000000083e00000| Untracked 
|  63|0x0000000083f00000, 0x0000000083f00000, 0x0000000084000000|  0%| F|  |TAMS 0x0000000083f00000| PB 0x0000000083f00000| Untracked 
|  64|0x0000000084000000, 0x0000000084000000, 0x0000000084100000|  0%| F|  |TAMS 0x0000000084000000| PB 0x0000000084000000| Untracked 
|  65|0x0000000084100000, 0x0000000084100000, 0x0000000084200000|  0%| F|  |TAMS 0x0000000084100000| PB 0x0000000084100000| Untracked 
|  66|0x0000000084200000, 0x0000000084200000, 0x0000000084300000|  0%| F|  |TAMS 0x0000000084200000| PB 0x0000000084200000| Untracked 
|  67|0x0000000084300000, 0x0000000084300000, 0x0000000084400000|  0%| F|  |TAMS 0x0000000084300000| PB 0x0000000084300000| Untracked 
|  68|0x0000000084400000, 0x0000000084400000, 0x0000000084500000|  0%| F|  |TAMS 0x0000000084400000| PB 0x0000000084400000| Untracked 
|  69|0x0000000084500000, 0x0000000084600000, 0x0000000084600000|100%| S|CS|TAMS 0x0000000084500000| PB 0x0000000084500000| Complete 
|  70|0x0000000084600000, 0x0000000084700000, 0x0000000084700000|100%| S|CS|TAMS 0x0000000084600000| PB 0x0000000084600000| Complete 
|  71|0x0000000084700000, 0x0000000084800000, 0x0000000084800000|100%| S|CS|TAMS 0x0000000084700000| PB 0x0000000084700000| Complete 
|  72|0x0000000084800000, 0x0000000084900000, 0x0000000084900000|100%| S|CS|TAMS 0x0000000084800000| PB 0x0000000084800000| Complete 
|  73|0x0000000084900000, 0x0000000084a00000, 0x0000000084a00000|100%| O|  |TAMS 0x0000000084900000| PB 0x0000000084900000| Untracked 
|  74|0x0000000084a00000, 0x0000000084b00000, 0x0000000084b00000|100%| S|CS|TAMS 0x0000000084a00000| PB 0x0000000084a00000| Complete 
|  75|0x0000000084b00000, 0x0000000084c00000, 0x0000000084c00000|100%| S|CS|TAMS 0x0000000084b00000| PB 0x0000000084b00000| Complete 
|  76|0x0000000084c00000, 0x0000000084d00000, 0x0000000084d00000|100%| S|CS|TAMS 0x0000000084c00000| PB 0x0000000084c00000| Complete 
|  77|0x0000000084d00000, 0x0000000084e00000, 0x0000000084e00000|100%| S|CS|TAMS 0x0000000084d00000| PB 0x0000000084d00000| Complete 
|  78|0x0000000084e00000, 0x0000000084f00000, 0x0000000084f00000|100%| S|CS|TAMS 0x0000000084e00000| PB 0x0000000084e00000| Complete 
|  79|0x0000000084f00000, 0x0000000085000000, 0x0000000085000000|100%| S|CS|TAMS 0x0000000084f00000| PB 0x0000000084f00000| Complete 
|  80|0x0000000085000000, 0x0000000085100000, 0x0000000085100000|100%| S|CS|TAMS 0x0000000085000000| PB 0x0000000085000000| Complete 
|  81|0x0000000085100000, 0x0000000085200000, 0x0000000085200000|100%| S|CS|TAMS 0x0000000085100000| PB 0x0000000085100000| Complete 
|  82|0x0000000085200000, 0x0000000085300000, 0x0000000085300000|100%| S|CS|TAMS 0x0000000085200000| PB 0x0000000085200000| Complete 
|  83|0x0000000085300000, 0x0000000085400000, 0x0000000085400000|100%| S|CS|TAMS 0x0000000085300000| PB 0x0000000085300000| Complete 
|  84|0x0000000085400000, 0x0000000085400000, 0x0000000085500000|  0%| F|  |TAMS 0x0000000085400000| PB 0x0000000085400000| Untracked 
|  85|0x0000000085500000, 0x0000000085500000, 0x0000000085600000|  0%| F|  |TAMS 0x0000000085500000| PB 0x0000000085500000| Untracked 
|  86|0x0000000085600000, 0x0000000085600000, 0x0000000085700000|  0%| F|  |TAMS 0x0000000085600000| PB 0x0000000085600000| Untracked 
|  87|0x0000000085700000, 0x0000000085700000, 0x0000000085800000|  0%| F|  |TAMS 0x0000000085700000| PB 0x0000000085700000| Untracked 
|  88|0x0000000085800000, 0x0000000085800000, 0x0000000085900000|  0%| F|  |TAMS 0x0000000085800000| PB 0x0000000085800000| Untracked 
|  89|0x0000000085900000, 0x0000000085900000, 0x0000000085a00000|  0%| F|  |TAMS 0x0000000085900000| PB 0x0000000085900000| Untracked 
|  90|0x0000000085a00000, 0x0000000085a00000, 0x0000000085b00000|  0%| F|  |TAMS 0x0000000085a00000| PB 0x0000000085a00000| Untracked 
|  91|0x0000000085b00000, 0x0000000085b00000, 0x0000000085c00000|  0%| F|  |TAMS 0x0000000085b00000| PB 0x0000000085b00000| Untracked 
|  92|0x0000000085c00000, 0x0000000085c00000, 0x0000000085d00000|  0%| F|  |TAMS 0x0000000085c00000| PB 0x0000000085c00000| Untracked 
|  93|0x0000000085d00000, 0x0000000085d00000, 0x0000000085e00000|  0%| F|  |TAMS 0x0000000085d00000| PB 0x0000000085d00000| Untracked 
|  94|0x0000000085e00000, 0x0000000085e00000, 0x0000000085f00000|  0%| F|  |TAMS 0x0000000085e00000| PB 0x0000000085e00000| Untracked 
|  95|0x0000000085f00000, 0x0000000085f00000, 0x0000000086000000|  0%| F|  |TAMS 0x0000000085f00000| PB 0x0000000085f00000| Untracked 
|  96|0x0000000086000000, 0x0000000086000000, 0x0000000086100000|  0%| F|  |TAMS 0x0000000086000000| PB 0x0000000086000000| Untracked 
|  97|0x0000000086100000, 0x0000000086100000, 0x0000000086200000|  0%| F|  |TAMS 0x0000000086100000| PB 0x0000000086100000| Untracked 
|  98|0x0000000086200000, 0x0000000086200000, 0x0000000086300000|  0%| F|  |TAMS 0x0000000086200000| PB 0x0000000086200000| Untracked 
|  99|0x0000000086300000, 0x0000000086300000, 0x0000000086400000|  0%| F|  |TAMS 0x0000000086300000| PB 0x0000000086300000| Untracked 
| 100|0x0000000086400000, 0x0000000086400000, 0x0000000086500000|  0%| F|  |TAMS 0x0000000086400000| PB 0x0000000086400000| Untracked 
| 101|0x0000000086500000, 0x0000000086500000, 0x0000000086600000|  0%| F|  |TAMS 0x0000000086500000| PB 0x0000000086500000| Untracked 
| 102|0x0000000086600000, 0x0000000086600000, 0x0000000086700000|  0%| F|  |TAMS 0x0000000086600000| PB 0x0000000086600000| Untracked 
| 103|0x0000000086700000, 0x0000000086700000, 0x0000000086800000|  0%| F|  |TAMS 0x0000000086700000| PB 0x0000000086700000| Untracked 
| 104|0x0000000086800000, 0x0000000086800000, 0x0000000086900000|  0%| F|  |TAMS 0x0000000086800000| PB 0x0000000086800000| Untracked 
| 105|0x0000000086900000, 0x0000000086900000, 0x0000000086a00000|  0%| F|  |TAMS 0x0000000086900000| PB 0x0000000086900000| Untracked 
| 106|0x0000000086a00000, 0x0000000086a00000, 0x0000000086b00000|  0%| F|  |TAMS 0x0000000086a00000| PB 0x0000000086a00000| Untracked 
| 107|0x0000000086b00000, 0x0000000086b00000, 0x0000000086c00000|  0%| F|  |TAMS 0x0000000086b00000| PB 0x0000000086b00000| Untracked 
| 108|0x0000000086c00000, 0x0000000086c00000, 0x0000000086d00000|  0%| F|  |TAMS 0x0000000086c00000| PB 0x0000000086c00000| Untracked 
| 109|0x0000000086d00000, 0x0000000086d00000, 0x0000000086e00000|  0%| F|  |TAMS 0x0000000086d00000| PB 0x0000000086d00000| Untracked 
| 110|0x0000000086e00000, 0x0000000086e00000, 0x0000000086f00000|  0%| F|  |TAMS 0x0000000086e00000| PB 0x0000000086e00000| Untracked 
| 111|0x0000000086f00000, 0x0000000086f8a730, 0x0000000087000000| 54%| E|  |TAMS 0x0000000086f00000| PB 0x0000000086f00000| Complete 
| 112|0x0000000087000000, 0x0000000087100000, 0x0000000087100000|100%| E|CS|TAMS 0x0000000087000000| PB 0x0000000087000000| Complete 
| 113|0x0000000087100000, 0x0000000087200000, 0x0000000087200000|100%| E|CS|TAMS 0x0000000087100000| PB 0x0000000087100000| Complete 
| 114|0x0000000087200000, 0x0000000087300000, 0x0000000087300000|100%| E|CS|TAMS 0x0000000087200000| PB 0x0000000087200000| Complete 
| 115|0x0000000087300000, 0x0000000087400000, 0x0000000087400000|100%| E|CS|TAMS 0x0000000087300000| PB 0x0000000087300000| Complete 
| 116|0x0000000087400000, 0x0000000087500000, 0x0000000087500000|100%| E|  |TAMS 0x0000000087400000| PB 0x0000000087400000| Complete 
| 117|0x0000000087500000, 0x0000000087600000, 0x0000000087600000|100%| E|CS|TAMS 0x0000000087500000| PB 0x0000000087500000| Complete 
| 118|0x0000000087600000, 0x0000000087700000, 0x0000000087700000|100%| E|CS|TAMS 0x0000000087600000| PB 0x0000000087600000| Complete 
| 119|0x0000000087700000, 0x0000000087800000, 0x0000000087800000|100%| E|CS|TAMS 0x0000000087700000| PB 0x0000000087700000| Complete 
| 120|0x0000000087800000, 0x0000000087900000, 0x0000000087900000|100%| E|CS|TAMS 0x0000000087800000| PB 0x0000000087800000| Complete 
| 121|0x0000000087900000, 0x0000000087a00000, 0x0000000087a00000|100%| E|CS|TAMS 0x0000000087900000| PB 0x0000000087900000| Complete 
| 122|0x0000000087a00000, 0x0000000087b00000, 0x0000000087b00000|100%| E|CS|TAMS 0x0000000087a00000| PB 0x0000000087a00000| Complete 
| 123|0x0000000087b00000, 0x0000000087c00000, 0x0000000087c00000|100%| E|CS|TAMS 0x0000000087b00000| PB 0x0000000087b00000| Complete 
| 124|0x0000000087c00000, 0x0000000087d00000, 0x0000000087d00000|100%| E|CS|TAMS 0x0000000087c00000| PB 0x0000000087c00000| Complete 
| 125|0x0000000087d00000, 0x0000000087e00000, 0x0000000087e00000|100%| E|CS|TAMS 0x0000000087d00000| PB 0x0000000087d00000| Complete 
| 126|0x0000000087e00000, 0x0000000087f00000, 0x0000000087f00000|100%| E|CS|TAMS 0x0000000087e00000| PB 0x0000000087e00000| Complete 
| 127|0x0000000087f00000, 0x0000000088000000, 0x0000000088000000|100%| E|CS|TAMS 0x0000000087f00000| PB 0x0000000087f00000| Complete 
| 128|0x0000000088000000, 0x0000000088100000, 0x0000000088100000|100%| E|CS|TAMS 0x0000000088000000| PB 0x0000000088000000| Complete 
| 129|0x0000000088100000, 0x0000000088200000, 0x0000000088200000|100%| E|CS|TAMS 0x0000000088100000| PB 0x0000000088100000| Complete 
| 130|0x0000000088200000, 0x0000000088300000, 0x0000000088300000|100%| E|CS|TAMS 0x0000000088200000| PB 0x0000000088200000| Complete 
| 131|0x0000000088300000, 0x0000000088400000, 0x0000000088400000|100%| E|CS|TAMS 0x0000000088300000| PB 0x0000000088300000| Complete 
| 132|0x0000000088400000, 0x0000000088500000, 0x0000000088500000|100%| E|CS|TAMS 0x0000000088400000| PB 0x0000000088400000| Complete 
| 133|0x0000000088500000, 0x0000000088600000, 0x0000000088600000|100%| E|CS|TAMS 0x0000000088500000| PB 0x0000000088500000| Complete 
| 134|0x0000000088600000, 0x0000000088700000, 0x0000000088700000|100%| E|CS|TAMS 0x0000000088600000| PB 0x0000000088600000| Complete 
| 135|0x0000000088700000, 0x0000000088800000, 0x0000000088800000|100%| E|CS|TAMS 0x0000000088700000| PB 0x0000000088700000| Complete 
| 136|0x0000000088800000, 0x0000000088900000, 0x0000000088900000|100%| E|CS|TAMS 0x0000000088800000| PB 0x0000000088800000| Complete 
| 137|0x0000000088900000, 0x0000000088a00000, 0x0000000088a00000|100%| E|CS|TAMS 0x0000000088900000| PB 0x0000000088900000| Complete 
| 138|0x0000000088a00000, 0x0000000088b00000, 0x0000000088b00000|100%| E|CS|TAMS 0x0000000088a00000| PB 0x0000000088a00000| Complete 
| 139|0x0000000088b00000, 0x0000000088c00000, 0x0000000088c00000|100%| E|CS|TAMS 0x0000000088b00000| PB 0x0000000088b00000| Complete 
| 140|0x0000000088c00000, 0x0000000088d00000, 0x0000000088d00000|100%| E|CS|TAMS 0x0000000088c00000| PB 0x0000000088c00000| Complete 
| 141|0x0000000088d00000, 0x0000000088e00000, 0x0000000088e00000|100%| E|CS|TAMS 0x0000000088d00000| PB 0x0000000088d00000| Complete 
| 142|0x0000000088e00000, 0x0000000088f00000, 0x0000000088f00000|100%| E|CS|TAMS 0x0000000088e00000| PB 0x0000000088e00000| Complete 
| 143|0x0000000088f00000, 0x0000000089000000, 0x0000000089000000|100%| E|CS|TAMS 0x0000000088f00000| PB 0x0000000088f00000| Complete 
| 144|0x0000000089000000, 0x0000000089100000, 0x0000000089100000|100%| E|CS|TAMS 0x0000000089000000| PB 0x0000000089000000| Complete 
| 145|0x0000000089100000, 0x0000000089200000, 0x0000000089200000|100%| E|CS|TAMS 0x0000000089100000| PB 0x0000000089100000| Complete 
| 146|0x0000000089200000, 0x0000000089300000, 0x0000000089300000|100%| E|CS|TAMS 0x0000000089200000| PB 0x0000000089200000| Complete 
| 147|0x0000000089300000, 0x0000000089400000, 0x0000000089400000|100%| E|CS|TAMS 0x0000000089300000| PB 0x0000000089300000| Complete 
| 148|0x0000000089400000, 0x0000000089500000, 0x0000000089500000|100%| E|CS|TAMS 0x0000000089400000| PB 0x0000000089400000| Complete 
| 149|0x0000000089500000, 0x0000000089600000, 0x0000000089600000|100%| E|CS|TAMS 0x0000000089500000| PB 0x0000000089500000| Complete 
| 150|0x0000000089600000, 0x0000000089700000, 0x0000000089700000|100%| E|CS|TAMS 0x0000000089600000| PB 0x0000000089600000| Complete 
| 151|0x0000000089700000, 0x0000000089800000, 0x0000000089800000|100%| E|CS|TAMS 0x0000000089700000| PB 0x0000000089700000| Complete 
| 152|0x0000000089800000, 0x0000000089900000, 0x0000000089900000|100%| E|CS|TAMS 0x0000000089800000| PB 0x0000000089800000| Complete 
| 153|0x0000000089900000, 0x0000000089a00000, 0x0000000089a00000|100%| E|CS|TAMS 0x0000000089900000| PB 0x0000000089900000| Complete 
| 154|0x0000000089a00000, 0x0000000089b00000, 0x0000000089b00000|100%| E|CS|TAMS 0x0000000089a00000| PB 0x0000000089a00000| Complete 
| 155|0x0000000089b00000, 0x0000000089c00000, 0x0000000089c00000|100%| E|CS|TAMS 0x0000000089b00000| PB 0x0000000089b00000| Complete 
| 156|0x0000000089c00000, 0x0000000089d00000, 0x0000000089d00000|100%| E|CS|TAMS 0x0000000089c00000| PB 0x0000000089c00000| Complete 
| 157|0x0000000089d00000, 0x0000000089e00000, 0x0000000089e00000|100%| E|CS|TAMS 0x0000000089d00000| PB 0x0000000089d00000| Complete 
| 158|0x0000000089e00000, 0x0000000089f00000, 0x0000000089f00000|100%| E|CS|TAMS 0x0000000089e00000| PB 0x0000000089e00000| Complete 
| 159|0x0000000089f00000, 0x000000008a000000, 0x000000008a000000|100%| E|CS|TAMS 0x0000000089f00000| PB 0x0000000089f00000| Complete 
| 160|0x000000008a000000, 0x000000008a100000, 0x000000008a100000|100%| E|CS|TAMS 0x000000008a000000| PB 0x000000008a000000| Complete 
| 161|0x000000008a100000, 0x000000008a200000, 0x000000008a200000|100%| E|CS|TAMS 0x000000008a100000| PB 0x000000008a100000| Complete 
| 162|0x000000008a200000, 0x000000008a300000, 0x000000008a300000|100%| E|CS|TAMS 0x000000008a200000| PB 0x000000008a200000| Complete 
| 163|0x000000008a300000, 0x000000008a400000, 0x000000008a400000|100%| E|CS|TAMS 0x000000008a300000| PB 0x000000008a300000| Complete 
| 164|0x000000008a400000, 0x000000008a500000, 0x000000008a500000|100%| E|CS|TAMS 0x000000008a400000| PB 0x000000008a400000| Complete 
| 165|0x000000008a500000, 0x000000008a600000, 0x000000008a600000|100%| E|CS|TAMS 0x000000008a500000| PB 0x000000008a500000| Complete 
| 166|0x000000008a600000, 0x000000008a700000, 0x000000008a700000|100%| E|CS|TAMS 0x000000008a600000| PB 0x000000008a600000| Complete 
| 167|0x000000008a700000, 0x000000008a800000, 0x000000008a800000|100%| E|CS|TAMS 0x000000008a700000| PB 0x000000008a700000| Complete 
| 168|0x000000008a800000, 0x000000008a900000, 0x000000008a900000|100%| E|CS|TAMS 0x000000008a800000| PB 0x000000008a800000| Complete 
| 169|0x000000008a900000, 0x000000008aa00000, 0x000000008aa00000|100%| E|CS|TAMS 0x000000008a900000| PB 0x000000008a900000| Complete 
| 170|0x000000008aa00000, 0x000000008ab00000, 0x000000008ab00000|100%| E|CS|TAMS 0x000000008aa00000| PB 0x000000008aa00000| Complete 
| 171|0x000000008ab00000, 0x000000008ac00000, 0x000000008ac00000|100%| E|CS|TAMS 0x000000008ab00000| PB 0x000000008ab00000| Complete 
| 172|0x000000008ac00000, 0x000000008ad00000, 0x000000008ad00000|100%| E|CS|TAMS 0x000000008ac00000| PB 0x000000008ac00000| Complete 
| 173|0x000000008ad00000, 0x000000008ae00000, 0x000000008ae00000|100%| E|CS|TAMS 0x000000008ad00000| PB 0x000000008ad00000| Complete 
| 174|0x000000008ae00000, 0x000000008af00000, 0x000000008af00000|100%| E|CS|TAMS 0x000000008ae00000| PB 0x000000008ae00000| Complete 
| 175|0x000000008af00000, 0x000000008b000000, 0x000000008b000000|100%| E|CS|TAMS 0x000000008af00000| PB 0x000000008af00000| Complete 
| 176|0x000000008b000000, 0x000000008b100000, 0x000000008b100000|100%| E|CS|TAMS 0x000000008b000000| PB 0x000000008b000000| Complete 
| 177|0x000000008b100000, 0x000000008b200000, 0x000000008b200000|100%| E|CS|TAMS 0x000000008b100000| PB 0x000000008b100000| Complete 
| 210|0x000000008d200000, 0x000000008d300000, 0x000000008d300000|100%| O|  |TAMS 0x000000008d200000| PB 0x000000008d200000| Untracked 
| 211|0x000000008d300000, 0x000000008d400000, 0x000000008d400000|100%| O|  |TAMS 0x000000008d300000| PB 0x000000008d300000| Untracked 
| 212|0x000000008d400000, 0x000000008d500000, 0x000000008d500000|100%| E|CS|TAMS 0x000000008d400000| PB 0x000000008d400000| Complete 
| 213|0x000000008d500000, 0x000000008d600000, 0x000000008d600000|100%| E|CS|TAMS 0x000000008d500000| PB 0x000000008d500000| Complete 
| 214|0x000000008d600000, 0x000000008d700000, 0x000000008d700000|100%| E|CS|TAMS 0x000000008d600000| PB 0x000000008d600000| Complete 
| 215|0x000000008d700000, 0x000000008d800000, 0x000000008d800000|100%| E|CS|TAMS 0x000000008d700000| PB 0x000000008d700000| Complete 
| 216|0x000000008d800000, 0x000000008d900000, 0x000000008d900000|100%| E|CS|TAMS 0x000000008d800000| PB 0x000000008d800000| Complete 
| 217|0x000000008d900000, 0x000000008da00000, 0x000000008da00000|100%| E|CS|TAMS 0x000000008d900000| PB 0x000000008d900000| Complete 
| 218|0x000000008da00000, 0x000000008db00000, 0x000000008db00000|100%| E|CS|TAMS 0x000000008da00000| PB 0x000000008da00000| Complete 
| 219|0x000000008db00000, 0x000000008dc00000, 0x000000008dc00000|100%| E|CS|TAMS 0x000000008db00000| PB 0x000000008db00000| Complete 
| 220|0x000000008dc00000, 0x000000008dd00000, 0x000000008dd00000|100%| E|CS|TAMS 0x000000008dc00000| PB 0x000000008dc00000| Complete 
| 221|0x000000008dd00000, 0x000000008de00000, 0x000000008de00000|100%| E|CS|TAMS 0x000000008dd00000| PB 0x000000008dd00000| Complete 
| 314|0x0000000093a00000, 0x0000000093b00000, 0x0000000093b00000|100%| E|CS|TAMS 0x0000000093a00000| PB 0x0000000093a00000| Complete 
| 315|0x0000000093b00000, 0x0000000093c00000, 0x0000000093c00000|100%| E|CS|TAMS 0x0000000093b00000| PB 0x0000000093b00000| Complete 
|2043|0x00000000ffb00000, 0x00000000ffc00000, 0x00000000ffc00000|100%| O|  |TAMS 0x00000000ffb00000| PB 0x00000000ffb00000| Untracked 
|2044|0x00000000ffc00000, 0x00000000ffd00000, 0x00000000ffd00000|100%| O|  |TAMS 0x00000000ffc00000| PB 0x00000000ffc00000| Untracked 
|2045|0x00000000ffd00000, 0x00000000ffe00000, 0x00000000ffe00000|100%| O|  |TAMS 0x00000000ffd00000| PB 0x00000000ffd00000| Untracked 
|2046|0x00000000ffe00000, 0x00000000fff00000, 0x00000000fff00000|100%| O|  |TAMS 0x00000000ffe00000| PB 0x00000000ffe00000| Untracked 
|2047|0x00000000fff00000, 0x0000000100000000, 0x0000000100000000|100%| O|  |TAMS 0x00000000fff00000| PB 0x00000000fff00000| Untracked 

Card table byte_map: [0x00000216ff0f0000,0x00000216ff4f0000] _byte_map_base: 0x00000216fecf0000

Marking Bits: (CMBitMap*) 0x00000216ea8ae5a0
 Bits: [0x0000021680000000, 0x0000021682000000)

Polling page: 0x00000216ea9b0000

Metaspace:

Usage:
  Non-class:     50.18 MB used.
      Class:      8.24 MB used.
       Both:     58.42 MB used.

Virtual space:
  Non-class space:       64.00 MB reserved,      50.94 MB ( 80%) committed,  1 nodes.
      Class space:        1.00 GB reserved,       8.94 MB ( <1%) committed,  1 nodes.
             Both:        1.06 GB reserved,      59.88 MB (  6%) committed. 

Chunk freelists:
   Non-Class:  12.19 MB
       Class:  6.88 MB
        Both:  19.06 MB

MaxMetaspaceSize: unlimited
CompressedClassSpaceSize: 1.00 GB
Initial GC threshold: 21.00 MB
Current GC threshold: 65.62 MB
CDS: off
 - commit_granule_bytes: 65536.
 - commit_granule_words: 8192.
 - virtual_space_node_default_size: 8388608.
 - enlarge_chunks_in_place: 1.
 - use_allocation_guard: 0.


Internal statistics:

num_allocs_failed_limit: 6.
num_arena_births: 2800.
num_arena_deaths: 0.
num_vsnodes_births: 2.
num_vsnodes_deaths: 0.
num_space_committed: 958.
num_space_uncommitted: 0.
num_chunks_returned_to_freelist: 6.
num_chunks_taken_from_freelist: 5218.
num_chunk_merges: 6.
num_chunk_splits: 3324.
num_chunks_enlarged: 1972.
num_inconsistent_stats: 0.

CodeHeap 'non-profiled nmethods': size=120000Kb used=4058Kb max_used=4058Kb free=115941Kb
 bounds [0x00000216f77c0000, 0x00000216f7bc0000, 0x00000216fecf0000]
CodeHeap 'profiled nmethods': size=120000Kb used=11102Kb max_used=11102Kb free=108897Kb
 bounds [0x00000216efcf0000, 0x00000216f07d0000, 0x00000216f7220000]
CodeHeap 'non-nmethods': size=5760Kb used=2933Kb max_used=3014Kb free=2826Kb
 bounds [0x00000216f7220000, 0x00000216f7520000, 0x00000216f77c0000]
CodeCache: size=245760Kb, used=18093Kb, max_used=18174Kb, free=227664Kb
 total_blobs=6748, nmethods=5891, adapters=760, full_count=0
Compilation: enabled, stopped_count=0, restarted_count=0

Compilation events (20 events):
Event: 9.196 Thread 0x00000216ffb55c70 nmethod 6420 0x00000216f07ab990 code [0x00000216f07abbc0, 0x00000216f07ac198]
Event: 9.196 Thread 0x00000216ffb3cba0 nmethod 6411 0x00000216f7bb0a10 code [0x00000216f7bb0be0, 0x00000216f7bb0fe8]
Event: 9.196 Thread 0x00000216ffb3cba0 6415       4       org.objectweb.asm.SymbolTable::addConstantUtf8 (98 bytes)
Event: 9.200 Thread 0x00000216ffb55c70 6421       2       org.apache.commons.compress.archivers.zip.ZipArchiveOutputStream::closeArchiveEntry (85 bytes)
Event: 9.201 Thread 0x00000216ffb55c70 nmethod 6421 0x00000216f07ac510 code [0x00000216f07ac740, 0x00000216f07accd0]
Event: 9.201 Thread 0x00000216ffb55c70 6422       2       org.gradle.internal.classpath.InPlaceClasspathBuilder$ZipEntryBuilder::dir (42 bytes)
Event: 9.201 Thread 0x00000216ffb55c70 nmethod 6422 0x00000216f07ad210 code [0x00000216f07ad400, 0x00000216f07ad690]
Event: 9.201 Thread 0x00000216ffb55c70 6423       2       org.apache.commons.compress.archivers.zip.ZipArchiveEntry::<init> (79 bytes)
Event: 9.202 Thread 0x00000216ffb55c70 nmethod 6423 0x00000216f07ad890 code [0x00000216f07ada80, 0x00000216f07adf48]
Event: 9.202 Thread 0x00000216ffb55c70 6424       2       org.apache.commons.compress.archivers.zip.ZipArchiveEntry::setName (35 bytes)
Event: 9.202 Thread 0x00000216ffb55c70 nmethod 6424 0x00000216f07ae110 code [0x00000216f07ae2c0, 0x00000216f07ae4d8]
Event: 9.202 Thread 0x00000216ffb55c70 6425       2       org.apache.commons.compress.archivers.zip.ZipArchiveEntry::setTime (39 bytes)
Event: 9.202 Thread 0x00000216ffb55c70 nmethod 6425 0x00000216f07ae610 code [0x00000216f07ae820, 0x00000216f07aeaf8]
Event: 9.202 Thread 0x00000216ffb55c70 6426       2       org.apache.commons.compress.archivers.zip.ZipUtil::isDosTime (33 bytes)
Event: 9.202 Thread 0x00000216ffb55c70 nmethod 6426 0x00000216f07aec90 code [0x00000216f07aee40, 0x00000216f07aef88]
Event: 9.203 Thread 0x00000216ffb55c70 6428       2       org.apache.commons.compress.archivers.zip.ZipArchiveOutputStream::putArchiveEntry (7 bytes)
Event: 9.203 Thread 0x00000216ffb55c70 nmethod 6428 0x00000216f07af010 code [0x00000216f07af1c0, 0x00000216f07af2e8]
Event: 9.210 Thread 0x00000216ffb55c70 6429   !   2       java.lang.Class::getEnumConstantsShared (71 bytes)
Event: 9.236 Thread 0x00000216ffb55c70 nmethod 6429 0x00000216f07af390 code [0x00000216f07af600, 0x00000216f07afd88]
Event: 9.236 Thread 0x00000216ffb55c70 6430       2       java.util.RegularEnumSet::<init> (12 bytes)

GC Heap History (20 events):
Event: 3.197 GC heap before
{Heap before GC invocations=4 (full 0):
 garbage-first heap   total 68608K, used 48257K [0x0000000080000000, 0x0000000100000000)
  region size 1024K, 40 young (40960K), 12 survivors (12288K)
 Metaspace       used 26363K, committed 26816K, reserved 1114112K
  class space    used 3309K, committed 3520K, reserved 1048576K
}
Event: 3.208 GC heap after
{Heap after GC invocations=5 (full 0):
 garbage-first heap   total 68608K, used 21966K [0x0000000080000000, 0x0000000100000000)
  region size 1024K, 2 young (2048K), 2 survivors (2048K)
 Metaspace       used 26363K, committed 26816K, reserved 1114112K
  class space    used 3309K, committed 3520K, reserved 1048576K
}
Event: 3.686 GC heap before
{Heap before GC invocations=5 (full 0):
 garbage-first heap   total 68608K, used 52686K [0x0000000080000000, 0x0000000100000000)
  region size 1024K, 33 young (33792K), 2 survivors (2048K)
 Metaspace       used 30791K, committed 31360K, reserved 1114112K
  class space    used 4119K, committed 4416K, reserved 1048576K
}
Event: 3.690 GC heap after
{Heap after GC invocations=6 (full 0):
 garbage-first heap   total 68608K, used 24519K [0x0000000080000000, 0x0000000100000000)
  region size 1024K, 4 young (4096K), 4 survivors (4096K)
 Metaspace       used 30791K, committed 31360K, reserved 1114112K
  class space    used 4119K, committed 4416K, reserved 1048576K
}
Event: 4.096 GC heap before
{Heap before GC invocations=6 (full 0):
 garbage-first heap   total 68608K, used 55239K [0x0000000080000000, 0x0000000100000000)
  region size 1024K, 35 young (35840K), 4 survivors (4096K)
 Metaspace       used 35121K, committed 35968K, reserved 1114112K
  class space    used 4873K, committed 5248K, reserved 1048576K
}
Event: 4.101 GC heap after
{Heap after GC invocations=7 (full 0):
 garbage-first heap   total 68608K, used 26671K [0x0000000080000000, 0x0000000100000000)
  region size 1024K, 5 young (5120K), 5 survivors (5120K)
 Metaspace       used 35121K, committed 35968K, reserved 1114112K
  class space    used 4873K, committed 5248K, reserved 1048576K
}
Event: 4.107 GC heap before
{Heap before GC invocations=7 (full 0):
 garbage-first heap   total 68608K, used 26671K [0x0000000080000000, 0x0000000100000000)
  region size 1024K, 6 young (6144K), 5 survivors (5120K)
 Metaspace       used 35173K, committed 35968K, reserved 1114112K
  class space    used 4882K, committed 5248K, reserved 1048576K
}
Event: 4.112 GC heap after
{Heap after GC invocations=8 (full 0):
 garbage-first heap   total 68608K, used 27196K [0x0000000080000000, 0x0000000100000000)
  region size 1024K, 3 young (3072K), 3 survivors (3072K)
 Metaspace       used 35173K, committed 35968K, reserved 1114112K
  class space    used 4882K, committed 5248K, reserved 1048576K
}
Event: 5.385 GC heap before
{Heap before GC invocations=9 (full 0):
 garbage-first heap   total 68608K, used 67132K [0x0000000080000000, 0x0000000100000000)
  region size 1024K, 20 young (20480K), 3 survivors (3072K)
 Metaspace       used 36743K, committed 37568K, reserved 1114112K
  class space    used 5163K, committed 5568K, reserved 1048576K
}
Event: 5.390 GC heap after
{Heap after GC invocations=10 (full 0):
 garbage-first heap   total 75776K, used 55149K [0x0000000080000000, 0x0000000100000000)
  region size 1024K, 5 young (5120K), 5 survivors (5120K)
 Metaspace       used 36743K, committed 37568K, reserved 1114112K
  class space    used 5163K, committed 5568K, reserved 1048576K
}
Event: 5.552 GC heap before
{Heap before GC invocations=10 (full 0):
 garbage-first heap   total 75776K, used 70509K [0x0000000080000000, 0x0000000100000000)
  region size 1024K, 15 young (15360K), 5 survivors (5120K)
 Metaspace       used 38015K, committed 38912K, reserved 1114112K
  class space    used 5342K, committed 5760K, reserved 1048576K
}
Event: 5.556 GC heap after
{Heap after GC invocations=11 (full 0):
 garbage-first heap   total 78848K, used 61437K [0x0000000080000000, 0x0000000100000000)
  region size 1024K, 2 young (2048K), 2 survivors (2048K)
 Metaspace       used 38015K, committed 38912K, reserved 1114112K
  class space    used 5342K, committed 5760K, reserved 1048576K
}
Event: 5.666 GC heap before
{Heap before GC invocations=11 (full 0):
 garbage-first heap   total 78848K, used 70653K [0x0000000080000000, 0x0000000100000000)
  region size 1024K, 11 young (11264K), 2 survivors (2048K)
 Metaspace       used 39147K, committed 40000K, reserved 1114112K
  class space    used 5511K, committed 5888K, reserved 1048576K
}
Event: 5.668 GC heap after
{Heap after GC invocations=12 (full 0):
 garbage-first heap   total 201728K, used 61860K [0x0000000080000000, 0x0000000100000000)
  region size 1024K, 1 young (1024K), 1 survivors (1024K)
 Metaspace       used 39147K, committed 40000K, reserved 1114112K
  class space    used 5511K, committed 5888K, reserved 1048576K
}
Event: 7.159 GC heap before
{Heap before GC invocations=13 (full 0):
 garbage-first heap   total 201728K, used 184740K [0x0000000080000000, 0x0000000100000000)
  region size 1024K, 117 young (119808K), 1 survivors (1024K)
 Metaspace       used 54494K, committed 55936K, reserved 1114112K
  class space    used 7571K, committed 8256K, reserved 1048576K
}
Event: 7.172 GC heap after
{Heap after GC invocations=14 (full 0):
 garbage-first heap   total 201728K, used 71112K [0x0000000080000000, 0x0000000100000000)
  region size 1024K, 10 young (10240K), 10 survivors (10240K)
 Metaspace       used 54494K, committed 55936K, reserved 1114112K
  class space    used 7571K, committed 8256K, reserved 1048576K
}
Event: 7.764 GC heap before
{Heap before GC invocations=14 (full 0):
 garbage-first heap   total 201728K, used 174536K [0x0000000080000000, 0x0000000100000000)
  region size 1024K, 111 young (113664K), 10 survivors (10240K)
 Metaspace       used 58151K, committed 59520K, reserved 1114112K
  class space    used 8240K, committed 8896K, reserved 1048576K
}
Event: 7.778 GC heap after
{Heap after GC invocations=15 (full 0):
 garbage-first heap   total 201728K, used 75627K [0x0000000080000000, 0x0000000100000000)
  region size 1024K, 5 young (5120K), 5 survivors (5120K)
 Metaspace       used 58151K, committed 59520K, reserved 1114112K
  class space    used 8240K, committed 8896K, reserved 1048576K
}
Event: 8.283 GC heap before
{Heap before GC invocations=15 (full 0):
 garbage-first heap   total 201728K, used 179051K [0x0000000080000000, 0x0000000100000000)
  region size 1024K, 106 young (108544K), 5 survivors (5120K)
 Metaspace       used 58410K, committed 59904K, reserved 1114112K
  class space    used 8273K, committed 9024K, reserved 1048576K
}
Event: 8.297 GC heap after
{Heap after GC invocations=16 (full 0):
 garbage-first heap   total 201728K, used 87040K [0x0000000080000000, 0x0000000100000000)
  region size 1024K, 14 young (14336K), 14 survivors (14336K)
 Metaspace       used 58410K, committed 59904K, reserved 1114112K
  class space    used 8273K, committed 9024K, reserved 1048576K
}

Dll operation events (3 events):
Event: 0.011 Loaded shared library C:\Program Files\Android\Android Studio\jbr\bin\java.dll
Event: 0.021 Loaded shared library C:\Program Files\Android\Android Studio\jbr\bin\zip.dll
Event: 0.552 Loaded shared library C:\Program Files\Android\Android Studio\jbr\bin\verify.dll

Deoptimization events (20 events):
Event: 9.104 Thread 0x0000021689abf570 Uncommon trap: trap_request=0xffffff45 fr.pc=0x00000216f7a9dd40 relative=0x0000000000000dc0
Event: 9.104 Thread 0x0000021689abf570 Uncommon trap: reason=unstable_if action=reinterpret pc=0x00000216f7a9dd40 method=org.objectweb.asm.SymbolTable.addConstantUtf8(Ljava/lang/String;)I @ 40 c2
Event: 9.104 Thread 0x0000021689abf570 DEOPT PACKING pc=0x00000216f7a9dd40 sp=0x0000003d9d7f2f20
Event: 9.104 Thread 0x0000021689abf570 DEOPT UNPACKING pc=0x00000216f7277da2 sp=0x0000003d9d7f2f00 mode 2
Event: 9.106 Thread 0x000002168ad2ad60 Uncommon trap: trap_request=0xffffff3d fr.pc=0x00000216f79860b0 relative=0x0000000000000250
Event: 9.106 Thread 0x000002168ad2ad60 Uncommon trap: reason=unstable_fused_if action=reinterpret pc=0x00000216f79860b0 method=org.objectweb.asm.ByteVector.putUTF8(Ljava/lang/String;)Lorg/objectweb/asm/ByteVector; @ 93 c2
Event: 9.106 Thread 0x000002168ad2ad60 DEOPT PACKING pc=0x00000216f79860b0 sp=0x0000003d9ecf9fe0
Event: 9.106 Thread 0x000002168ad2ad60 DEOPT UNPACKING pc=0x00000216f7277da2 sp=0x0000003d9ecf9f70 mode 2
Event: 9.150 Thread 0x000002168ad2ad60 DEOPT PACKING pc=0x00000216f07145a8 sp=0x0000003d9ecfa480
Event: 9.150 Thread 0x000002168ad2ad60 DEOPT UNPACKING pc=0x00000216f72788e2 sp=0x0000003d9ecf9988 mode 0
Event: 9.150 Thread 0x0000021689abf570 DEOPT PACKING pc=0x00000216f079da7d sp=0x0000003d9d7f2df0
Event: 9.151 Thread 0x0000021689abf570 DEOPT UNPACKING pc=0x00000216f72788e2 sp=0x0000003d9d7f22f0 mode 0
Event: 9.195 Thread 0x000002168ad2ad60 Uncommon trap: trap_request=0xffffff45 fr.pc=0x00000216f7b7775c relative=0x000000000000085c
Event: 9.195 Thread 0x000002168ad2ad60 Uncommon trap: reason=unstable_if action=reinterpret pc=0x00000216f7b7775c method=java.lang.StringUTF16.compress([CII)[B @ 13 c2
Event: 9.195 Thread 0x000002168ad2ad60 DEOPT PACKING pc=0x00000216f7b7775c sp=0x0000003d9ecf9fd0
Event: 9.195 Thread 0x000002168ad2ad60 DEOPT UNPACKING pc=0x00000216f7277da2 sp=0x0000003d9ecf9d60 mode 2
Event: 9.195 Thread 0x000002168ad2ad60 Uncommon trap: trap_request=0xffffff45 fr.pc=0x00000216f7a86c94 relative=0x0000000000001854
Event: 9.195 Thread 0x000002168ad2ad60 Uncommon trap: reason=unstable_if action=reinterpret pc=0x00000216f7a86c94 method=org.objectweb.asm.ByteVector.putUTF8(Ljava/lang/String;)Lorg/objectweb/asm/ByteVector; @ 100 c2
Event: 9.195 Thread 0x000002168ad2ad60 DEOPT PACKING pc=0x00000216f7a86c94 sp=0x0000003d9ecf9d80
Event: 9.195 Thread 0x000002168ad2ad60 DEOPT UNPACKING pc=0x00000216f7277da2 sp=0x0000003d9ecf9c68 mode 2

Classes loaded (20 events):
Event: 7.523 Loading class java/util/zip/ZipInputStream
Event: 7.523 Loading class java/util/zip/ZipInputStream done
Event: 7.584 Loading class java/util/DualPivotQuicksort
Event: 7.584 Loading class java/util/DualPivotQuicksort done
Event: 7.640 Loading class java/nio/file/StandardCopyOption
Event: 7.640 Loading class java/nio/file/StandardCopyOption done
Event: 7.640 Loading class sun/nio/fs/WindowsFileCopy
Event: 7.640 Loading class sun/nio/fs/WindowsFileCopy done
Event: 8.459 Loading class java/nio/charset/UnsupportedCharsetException
Event: 8.459 Loading class java/nio/charset/UnsupportedCharsetException done
Event: 8.461 Loading class java/util/Collections$UnmodifiableSortedMap
Event: 8.461 Loading class java/util/Collections$UnmodifiableSortedMap done
Event: 8.461 Loading class java/util/zip/Deflater
Event: 8.462 Loading class java/util/zip/Deflater done
Event: 8.463 Loading class java/util/zip/Deflater$DeflaterZStreamRef
Event: 8.463 Loading class java/util/zip/Deflater$DeflaterZStreamRef done
Event: 8.544 Loading class java/nio/StringCharBuffer
Event: 8.544 Loading class java/nio/StringCharBuffer done
Event: 8.848 Loading class java/security/Key
Event: 8.848 Loading class java/security/Key done

Classes unloaded (0 events):
No events

Classes redefined (0 events):
No events

Internal exceptions (20 events):
Event: 7.252 Thread 0x0000021689abf570 Exception <a 'java/lang/ClassNotFoundException'{0x000000008dacdf78}: org/gradle/api/internal/artifacts/dsl/dependencies/DefaultDependencyHandlerBeanInfo> (0x000000008dacdf78) 
thrown [s\src\hotspot\share\classfile\systemDictionary.cpp, line 312]
Event: 7.252 Thread 0x0000021689abf570 Exception <a 'java/lang/ClassNotFoundException'{0x000000008dae3ff8}: org/gradle/api/internal/artifacts/dsl/dependencies/DefaultDependencyHandlerCustomizer> (0x000000008dae3ff8) 
thrown [s\src\hotspot\share\classfile\systemDictionary.cpp, line 312]
Event: 7.256 Thread 0x0000021689abf570 Exception <a 'java/lang/ClassNotFoundException'{0x000000008d92f6c8}: org/gradle/api/internal/artifacts/dsl/dependencies/DefaultDependencyHandler_DecoratedCustomizer> (0x000000008d92f6c8) 
thrown [s\src\hotspot\share\classfile\systemDictionary.cpp, line 312]
Event: 7.260 Thread 0x0000021689abf570 Exception <a 'java/lang/ClassNotFoundException'{0x000000008d970c18}: sync_studio_tooling9_1877vn8n2vul8wybkd2jkbaou$_run_closure1BeanInfo> (0x000000008d970c18) 
thrown [s\src\hotspot\share\classfile\systemDictionary.cpp, line 312]
Event: 7.260 Thread 0x0000021689abf570 Exception <a 'java/lang/ClassNotFoundException'{0x000000008d978de0}: sync_studio_tooling9_1877vn8n2vul8wybkd2jkbaou$_run_closure1Customizer> (0x000000008d978de0) 
thrown [s\src\hotspot\share\classfile\systemDictionary.cpp, line 312]
Event: 7.296 Thread 0x0000021689abf570 Exception <a 'java/lang/NoSuchMethodError'{0x000000008d651180}: 'java.lang.Object java.lang.invoke.DirectMethodHandle$Holder.newInvokeSpecial(java.lang.Object, int, java.lang.Object)'> (0x000000008d651180) 
thrown [s\src\hotspot\share\interpreter\linkResolver.cpp, line 784]
Event: 7.390 Thread 0x0000021689abf570 Exception <a 'java/lang/NoSuchMethodError'{0x000000008ab0be00}: 'java.lang.Object java.lang.invoke.DirectMethodHandle$Holder.invokeSpecial(java.lang.Object, java.lang.Object, long, java.lang.Object, java.lang.Object)'> (0x000000008ab0be00) 
thrown [s\src\hotspot\share\interpreter\linkResolver.cpp, line 784]
Event: 7.401 Thread 0x0000021689abf570 Exception <a 'java/lang/NoSuchMethodError'{0x000000008abe7190}: 'java.lang.Object java.lang.invoke.DirectMethodHandle$Holder.newInvokeSpecial(java.lang.Object, java.lang.Object, java.lang.Object, int, java.lang.Object)'> (0x000000008abe7190) 
thrown [s\src\hotspot\share\interpreter\linkResolver.cpp, line 784]
Event: 7.401 Thread 0x0000021689abf570 Exception <a 'java/lang/NoSuchMethodError'{0x000000008abeb908}: 'java.lang.Object java.lang.invoke.Invokers$Holder.linkToTargetMethod(java.lang.Object, java.lang.Object, int, java.lang.Object, java.lang.Object)'> (0x000000008abeb908) 
thrown [s\src\hotspot\share\interpreter\linkResolver.cpp, line 784]
Event: 7.441 Thread 0x0000021689abf570 Exception <a 'java/lang/NoSuchMethodError'{0x000000008a723a98}: 'int java.lang.invoke.DirectMethodHandle$Holder.invokeInterface(java.lang.Object, java.lang.Object, java.lang.Object, java.lang.Object, java.lang.Object)'> (0x000000008a723a98) 
thrown [s\src\hotspot\share\interpreter\linkResolver.cpp, line 784]
Event: 7.457 Thread 0x0000021689abf570 Exception <a 'java/lang/NoSuchMethodError'{0x000000008a63fca8}: 'java.lang.Object java.lang.invoke.DirectMethodHandle$Holder.newInvokeSpecial(java.lang.Object, java.lang.Object, java.lang.Object, java.lang.Object, int, java.lang.Object)'> (0x000000008a63fca8) 
thrown [s\src\hotspot\share\interpreter\linkResolver.cpp, line 784]
Event: 7.457 Thread 0x0000021689abf570 Exception <a 'java/lang/NoSuchMethodError'{0x000000008a6484e8}: 'java.lang.Object java.lang.invoke.Invokers$Holder.linkToTargetMethod(java.lang.Object, java.lang.Object, java.lang.Object, int, java.lang.Object, java.lang.Object)'> (0x000000008a6484e8) 
thrown [s\src\hotspot\share\interpreter\linkResolver.cpp, line 784]
Event: 7.482 Thread 0x000002168ad26530 Exception <a 'java/lang/IncompatibleClassChangeError'{0x000000008a4c9c98}: Found class java.lang.Object, but interface was expected> (0x000000008a4c9c98) 
thrown [s\src\hotspot\share\interpreter\linkResolver.cpp, line 851]
Event: 7.482 Thread 0x0000021689abf570 Exception <a 'java/lang/IncompatibleClassChangeError'{0x000000008a5f0500}: Found class java.lang.Object, but interface was expected> (0x000000008a5f0500) 
thrown [s\src\hotspot\share\interpreter\linkResolver.cpp, line 851]
Event: 7.521 Thread 0x000002168ad26530 Implicit null exception at 0x00000216f79946e6 to 0x00000216f7995294
Event: 7.900 Thread 0x0000021689abf570 Implicit null exception at 0x00000216f7acf62f to 0x00000216f7ad0cf0
Event: 8.072 Thread 0x0000021689abf570 Exception <a 'java/lang/NoSuchMethodError'{0x0000000086ceb4d0}: 'java.lang.Object java.lang.invoke.DirectMethodHandle$Holder.invokeSpecialIFC(java.lang.Object, java.lang.Object, java.lang.Object)'> (0x0000000086ceb4d0) 
thrown [s\src\hotspot\share\interpreter\linkResolver.cpp, line 784]
Event: 8.381 Thread 0x000002168ad2ad60 Exception <a 'java/lang/NoSuchMethodError'{0x000000008ad0fb08}: 'void java.lang.invoke.DirectMethodHandle$Holder.invokeStaticInit(java.lang.Object, java.lang.Object, java.lang.Object, java.lang.Object, java.lang.Object, java.lang.Object, java.lang.Object, int)'> (0x000000008ad0fb08) 
thrown [s\src\hotspot\share\interpreter\linkResolver.cpp, line 784]
Event: 8.431 Thread 0x000002168ad2ad60 Exception <a 'sun/nio/fs/WindowsException'{0x000000008a771bd8}> (0x000000008a771bd8) 
thrown [s\src\hotspot\share\prims\jni.cpp, line 537]
Event: 8.836 Thread 0x0000021689abf570 Exception <a 'sun/nio/fs/WindowsException'{0x0000000088813888}> (0x0000000088813888) 
thrown [s\src\hotspot\share\prims\jni.cpp, line 537]

ZGC Phase Switch (0 events):
No events

VM Operations (20 events):
Event: 7.091 Executing VM operation: HandshakeAllThreads (Deoptimize)
Event: 7.091 Executing VM operation: HandshakeAllThreads (Deoptimize) done
Event: 7.159 Executing VM operation: G1CollectForAllocation (G1 Evacuation Pause)
Event: 7.172 Executing VM operation: G1CollectForAllocation (G1 Evacuation Pause) done
Event: 7.372 Executing VM operation: HandshakeAllThreads (Deoptimize)
Event: 7.372 Executing VM operation: HandshakeAllThreads (Deoptimize) done
Event: 7.444 Executing VM operation: HandshakeAllThreads (Deoptimize)
Event: 7.444 Executing VM operation: HandshakeAllThreads (Deoptimize) done
Event: 7.764 Executing VM operation: G1CollectForAllocation (G1 Evacuation Pause)
Event: 7.778 Executing VM operation: G1CollectForAllocation (G1 Evacuation Pause) done
Event: 8.283 Executing VM operation: G1CollectForAllocation (G1 Evacuation Pause)
Event: 8.297 Executing VM operation: G1CollectForAllocation (G1 Evacuation Pause) done
Event: 8.487 Executing VM operation: HandshakeAllThreads (Deoptimize)
Event: 8.489 Executing VM operation: HandshakeAllThreads (Deoptimize) done
Event: 8.545 Executing VM operation: HandshakeAllThreads (Deoptimize)
Event: 8.547 Executing VM operation: HandshakeAllThreads (Deoptimize) done
Event: 8.730 Executing VM operation: ICBufferFull
Event: 8.730 Executing VM operation: ICBufferFull done
Event: 9.111 Executing VM operation: ICBufferFull
Event: 9.125 Executing VM operation: ICBufferFull done

Memory protections (0 events):
No events

Nmethod flushes (20 events):
Event: 5.699 Thread 0x00000216ffaad6a0 flushing  nmethod 0x00000216efedff90
Event: 5.699 Thread 0x00000216ffaad6a0 flushing  nmethod 0x00000216efee0c90
Event: 5.699 Thread 0x00000216ffaad6a0 flushing  nmethod 0x00000216eff36a10
Event: 5.699 Thread 0x00000216ffaad6a0 flushing  nmethod 0x00000216effd9910
Event: 5.699 Thread 0x00000216ffaad6a0 flushing  nmethod 0x00000216effdbd90
Event: 5.699 Thread 0x00000216ffaad6a0 flushing  nmethod 0x00000216effdd110
Event: 5.699 Thread 0x00000216ffaad6a0 flushing  nmethod 0x00000216f0010590
Event: 5.699 Thread 0x00000216ffaad6a0 flushing  nmethod 0x00000216f0082990
Event: 5.699 Thread 0x00000216ffaad6a0 flushing  nmethod 0x00000216f0085210
Event: 5.699 Thread 0x00000216ffaad6a0 flushing  nmethod 0x00000216f0086490
Event: 5.699 Thread 0x00000216ffaad6a0 flushing  nmethod 0x00000216f0086a10
Event: 5.699 Thread 0x00000216ffaad6a0 flushing  nmethod 0x00000216f0088910
Event: 5.699 Thread 0x00000216ffaad6a0 flushing  nmethod 0x00000216f0089010
Event: 5.699 Thread 0x00000216ffaad6a0 flushing  nmethod 0x00000216f00bb990
Event: 5.699 Thread 0x00000216ffaad6a0 flushing  nmethod 0x00000216f00bc310
Event: 5.699 Thread 0x00000216ffaad6a0 flushing  nmethod 0x00000216f00c1090
Event: 5.699 Thread 0x00000216ffaad6a0 flushing  nmethod 0x00000216f0124890
Event: 5.699 Thread 0x00000216ffaad6a0 flushing  nmethod 0x00000216f01b4510
Event: 5.699 Thread 0x00000216ffaad6a0 flushing  nmethod 0x00000216f01b9790
Event: 5.699 Thread 0x00000216ffaad6a0 flushing  nmethod 0x00000216f02cfc10

Events (20 events):
Event: 3.091 Thread 0x0000021689abf570 Thread added: 0x0000021689abeee0
Event: 3.133 Thread 0x0000021689abf570 Thread added: 0x0000021689abce10
Event: 3.922 Thread 0x0000021689abf570 Thread added: 0x0000021689abe850
Event: 3.932 Thread 0x0000021689abf570 Thread added: 0x000002168ad27250
Event: 4.086 Thread 0x0000021689abf570 Thread added: 0x000002168ad23dd0
Event: 4.092 Thread 0x0000021689abf570 Thread added: 0x000002168ad278e0
Event: 4.523 Thread 0x0000021688198f80 Thread exited: 0x0000021688198f80
Event: 5.157 Thread 0x0000021689abf570 Thread added: 0x000002168ad24460
Event: 5.157 Thread 0x0000021689abf570 Thread added: 0x000002168ad27f70
Event: 5.157 Thread 0x0000021689abf570 Thread added: 0x000002168ad24af0
Event: 5.157 Thread 0x0000021689abf570 Thread added: 0x000002168ad28600
Event: 5.248 Thread 0x00000216ffb55c70 Thread added: 0x0000021688198f80
Event: 6.395 Thread 0x0000021689abf570 Thread added: 0x000002168ad25180
Event: 6.428 Thread 0x0000021689abf570 Thread added: 0x000002168ad28c90
Event: 6.859 Thread 0x0000021689abf570 Thread added: 0x000002168ad25ea0
Event: 6.895 Thread 0x0000021689abf570 Thread added: 0x000002168ad29320
Event: 7.471 Thread 0x0000021689abf570 Thread added: 0x000002168ad26530
Event: 7.472 Thread 0x0000021689abf570 Thread added: 0x000002168ad2a6d0
Event: 8.073 Thread 0x0000021689abf570 Thread added: 0x000002168ad2ad60
Event: 8.075 Thread 0x0000021689abf570 Thread added: 0x000002168ad2a040


Dynamic libraries:
0x00007ff724310000 - 0x00007ff72431a000 	C:\Program Files\Android\Android Studio\jbr\bin\java.exe
0x00007fff29260000 - 0x00007fff294c0000 	C:\WINDOWS\SYSTEM32\ntdll.dll
0x00007fff284d0000 - 0x00007fff28597000 	C:\WINDOWS\System32\KERNEL32.DLL
0x00007fff26590000 - 0x00007fff2695a000 	C:\WINDOWS\System32\KERNELBASE.dll
0x00007fff26ad0000 - 0x00007fff26c1b000 	C:\WINDOWS\System32\ucrtbase.dll
0x00007fff141d0000 - 0x00007fff141eb000 	C:\Program Files\Android\Android Studio\jbr\bin\VCRUNTIME140.dll
0x00007fff06fb0000 - 0x00007fff06fc8000 	C:\Program Files\Android\Android Studio\jbr\bin\jli.dll
0x00007fff27dc0000 - 0x00007fff27f8c000 	C:\WINDOWS\System32\USER32.dll
0x00007fff27030000 - 0x00007fff27057000 	C:\WINDOWS\System32\win32u.dll
0x00007fff0a620000 - 0x00007fff0a8b9000 	C:\WINDOWS\WinSxS\amd64_microsoft.windows.common-controls_6595b64144ccf1df_6.0.26100.3575_none_3e0d5430e32ff727\COMCTL32.dll
0x00007fff28630000 - 0x00007fff286d9000 	C:\WINDOWS\System32\msvcrt.dll
0x00007fff270d0000 - 0x00007fff270fa000 	C:\WINDOWS\System32\GDI32.dll
0x00007fff26d70000 - 0x00007fff26ea1000 	C:\WINDOWS\System32\gdi32full.dll
0x00007fff26440000 - 0x00007fff264e3000 	C:\WINDOWS\System32\msvcp_win.dll
0x00007fff28130000 - 0x00007fff2815f000 	C:\WINDOWS\System32\IMM32.DLL
0x00007fff1e340000 - 0x00007fff1e34c000 	C:\Program Files\Android\Android Studio\jbr\bin\vcruntime140_1.dll
0x00007ffee1410000 - 0x00007ffee149d000 	C:\Program Files\Android\Android Studio\jbr\bin\msvcp140.dll
0x00007ffe98240000 - 0x00007ffe98ed6000 	C:\Program Files\Android\Android Studio\jbr\bin\server\jvm.dll
0x00007fff27130000 - 0x00007fff271e2000 	C:\WINDOWS\System32\ADVAPI32.dll
0x00007fff289c0000 - 0x00007fff28a66000 	C:\WINDOWS\System32\sechost.dll
0x00007fff28a70000 - 0x00007fff28b86000 	C:\WINDOWS\System32\RPCRT4.dll
0x00007fff283a0000 - 0x00007fff28414000 	C:\WINDOWS\System32\WS2_32.dll
0x00007fff262c0000 - 0x00007fff2631e000 	C:\WINDOWS\SYSTEM32\POWRPROF.dll
0x00007fff1c070000 - 0x00007fff1c0a6000 	C:\WINDOWS\SYSTEM32\WINMM.dll
0x00007fff12f10000 - 0x00007fff12f1b000 	C:\WINDOWS\SYSTEM32\VERSION.dll
0x00007fff262a0000 - 0x00007fff262b4000 	C:\WINDOWS\SYSTEM32\UMPDC.dll
0x00007fff25250000 - 0x00007fff2526a000 	C:\WINDOWS\SYSTEM32\kernel.appcore.dll
0x00007fff1e2e0000 - 0x00007fff1e2ea000 	C:\Program Files\Android\Android Studio\jbr\bin\jimage.dll
0x00007fff23dc0000 - 0x00007fff24001000 	C:\WINDOWS\SYSTEM32\DBGHELP.DLL
0x00007fff28be0000 - 0x00007fff28f63000 	C:\WINDOWS\System32\combase.dll
0x00007fff28170000 - 0x00007fff28246000 	C:\WINDOWS\System32\OLEAUT32.dll
0x00007ffefe9c0000 - 0x00007ffefe9f9000 	C:\WINDOWS\SYSTEM32\dbgcore.DLL
0x00007fff264f0000 - 0x00007fff26589000 	C:\WINDOWS\System32\bcryptPrimitives.dll
0x00007fff08f50000 - 0x00007fff08f5e000 	C:\Program Files\Android\Android Studio\jbr\bin\instrument.dll
0x00007fff0dce0000 - 0x00007fff0dd00000 	C:\Program Files\Android\Android Studio\jbr\bin\java.dll
0x00007fff098a0000 - 0x00007fff098b8000 	C:\Program Files\Android\Android Studio\jbr\bin\zip.dll
0x00007fff27200000 - 0x00007fff27929000 	C:\WINDOWS\System32\SHELL32.dll
0x00007fff26960000 - 0x00007fff26ac8000 	C:\WINDOWS\System32\wintypes.dll
0x00007fff240b0000 - 0x00007fff24903000 	C:\WINDOWS\SYSTEM32\windows.storage.dll
0x00007fff28fd0000 - 0x00007fff290bd000 	C:\WINDOWS\System32\SHCORE.dll
0x00007fff27060000 - 0x00007fff270c5000 	C:\WINDOWS\System32\shlwapi.dll
0x00007fff26350000 - 0x00007fff2637f000 	C:\WINDOWS\SYSTEM32\profapi.dll
0x00007fff141c0000 - 0x00007fff141d0000 	C:\Program Files\Android\Android Studio\jbr\bin\net.dll
0x00007fff14680000 - 0x00007fff1479e000 	C:\WINDOWS\SYSTEM32\WINHTTP.dll
0x00007fff25770000 - 0x00007fff257da000 	C:\WINDOWS\system32\mswsock.dll
0x00007fff09860000 - 0x00007fff09876000 	C:\Program Files\Android\Android Studio\jbr\bin\nio.dll
0x00007fff08f60000 - 0x00007fff08f70000 	C:\Program Files\Android\Android Studio\jbr\bin\verify.dll
0x00007ffee3d50000 - 0x00007ffee3d77000 	C:\Users\ASUS\.gradle\native\1def1411415f61bf3af743bc5b6707747c0891f09f0c88961ee8f79bc544acac\windows-amd64\native-platform.dll
0x00007ffecace0000 - 0x00007ffecad58000 	C:\Users\ASUS\.gradle\native\0.2.7\x86_64-windows-gnu\gradle-fileevents.dll
0x00007fff0a990000 - 0x00007fff0a999000 	C:\Program Files\Android\Android Studio\jbr\bin\management.dll
0x00007fff0a3e0000 - 0x00007fff0a3eb000 	C:\Program Files\Android\Android Studio\jbr\bin\management_ext.dll
0x00007fff28b90000 - 0x00007fff28b98000 	C:\WINDOWS\System32\PSAPI.DLL
0x00007fff24ce0000 - 0x00007fff24d13000 	C:\WINDOWS\SYSTEM32\IPHLPAPI.DLL
0x00007fff27100000 - 0x00007fff2710a000 	C:\WINDOWS\System32\NSI.dll
0x00007fff0da40000 - 0x00007fff0da49000 	C:\Program Files\Android\Android Studio\jbr\bin\extnet.dll
0x00007fff25a10000 - 0x00007fff25a2c000 	C:\WINDOWS\SYSTEM32\CRYPTSP.dll
0x00007fff251b0000 - 0x00007fff251ea000 	C:\WINDOWS\system32\rsaenh.dll
0x00007fff25810000 - 0x00007fff2583b000 	C:\WINDOWS\SYSTEM32\USERENV.dll
0x00007fff25c50000 - 0x00007fff25c76000 	C:\WINDOWS\SYSTEM32\bcrypt.dll
0x00007fff25a30000 - 0x00007fff25a3c000 	C:\WINDOWS\SYSTEM32\CRYPTBASE.dll
0x00007ffec9120000 - 0x00007ffec9128000 	C:\WINDOWS\system32\wshunix.dll

JVMTI agents:
C:\Users\ASUS\.gradle\wrapper\dists\gradle-8.14-bin\38aieal9i53h9rfe7vjup95b9\gradle-8.14\lib\agents\gradle-instrumentation-agent-8.14.jar path:C:\Program Files\Android\Android Studio\jbr\bin\instrument.dll, loaded, initialized, instrumentlib options:none

dbghelp: loaded successfully - version: 4.0.5 - missing functions: none
symbol engine: initialized successfully - sym options: 0x614 - pdb path: .;C:\Program Files\Android\Android Studio\jbr\bin;C:\WINDOWS\SYSTEM32;C:\WINDOWS\WinSxS\amd64_microsoft.windows.common-controls_6595b64144ccf1df_6.0.26100.3575_none_3e0d5430e32ff727;C:\Program Files\Android\Android Studio\jbr\bin\server;C:\Users\ASUS\.gradle\native\1def1411415f61bf3af743bc5b6707747c0891f09f0c88961ee8f79bc544acac\windows-amd64;C:\Users\ASUS\.gradle\native\0.2.7\x86_64-windows-gnu

VM Arguments:
jvm_args: --add-opens=java.base/java.lang=ALL-UNNAMED --add-opens=java.base/java.lang.invoke=ALL-UNNAMED --add-opens=java.base/java.util=ALL-UNNAMED --add-opens=java.prefs/java.util.prefs=ALL-UNNAMED --add-exports=jdk.compiler/com.sun.tools.javac.api=ALL-UNNAMED --add-exports=jdk.compiler/com.sun.tools.javac.util=ALL-UNNAMED --add-opens=java.base/java.util=ALL-UNNAMED --add-opens=java.prefs/java.util.prefs=ALL-UNNAMED --add-opens=java.base/java.nio.charset=ALL-UNNAMED --add-opens=java.base/java.net=ALL-UNNAMED --add-opens=java.base/java.util.concurrent.atomic=ALL-UNNAMED --add-opens=java.xml/javax.xml.namespace=ALL-UNNAMED -Xmx2048m -Dfile.encoding=UTF-8 -Duser.country=US -Duser.language=en -Duser.variant -javaagent:C:\Users\ASUS\.gradle\wrapper\dists\gradle-8.14-bin\38aieal9i53h9rfe7vjup95b9\gradle-8.14\lib\agents\gradle-instrumentation-agent-8.14.jar 
java_command: org.gradle.launcher.daemon.bootstrap.GradleDaemon 8.14
java_class_path (initial): C:\Users\ASUS\.gradle\wrapper\dists\gradle-8.14-bin\38aieal9i53h9rfe7vjup95b9\gradle-8.14\lib\gradle-daemon-main-8.14.jar
Launcher Type: SUN_STANDARD

[Global flags]
     intx CICompilerCount                          = 3                                         {product} {ergonomic}
     uint ConcGCThreads                            = 1                                         {product} {ergonomic}
     uint G1ConcRefinementThreads                  = 4                                         {product} {ergonomic}
   size_t G1HeapRegionSize                         = 1048576                                   {product} {ergonomic}
    uintx GCDrainStackTargetSize                   = 64                                        {product} {ergonomic}
   size_t InitialHeapSize                          = 331350016                                 {product} {ergonomic}
   size_t MarkStackSize                            = 4194304                                   {product} {ergonomic}
   size_t MaxHeapSize                              = 2147483648                                {product} {command line}
   size_t MaxNewSize                               = 1287651328                                {product} {ergonomic}
   size_t MinHeapDeltaBytes                        = 1048576                                   {product} {ergonomic}
   size_t MinHeapSize                              = 8388608                                   {product} {ergonomic}
    uintx NonNMethodCodeHeapSize                   = 5832780                                {pd product} {ergonomic}
    uintx NonProfiledCodeHeapSize                  = 122912730                              {pd product} {ergonomic}
    uintx ProfiledCodeHeapSize                     = 122912730                              {pd product} {ergonomic}
    uintx ReservedCodeCacheSize                    = 251658240                              {pd product} {ergonomic}
     bool SegmentedCodeCache                       = true                                      {product} {ergonomic}
   size_t SoftMaxHeapSize                          = 2147483648                             {manageable} {ergonomic}
     bool UseCompressedOops                        = true                           {product lp64_product} {ergonomic}
     bool UseG1GC                                  = true                                      {product} {ergonomic}
     bool UseLargePagesIndividualAllocation        = false                                  {pd product} {ergonomic}

Logging:
Log output configuration:
 #0: stdout all=warning uptime,level,tags foldmultilines=false
 #1: stderr all=off uptime,level,tags foldmultilines=false

Environment Variables:
CLASSPATH=C:\Program Files (x86)\Java\jdk1.7.0_51\bin;C:\Program Files (x86)\Java\jre7\bin;
PATH=C:\Program Files\Common Files\Oracle\Java\javapath;C:\WINDOWS\system32;C:\WINDOWS;C:\WINDOWS\System32\Wbem;C:\WINDOWS\System32\WindowsPowerShell\v1.0\;C:\WINDOWS\System32\OpenSSH\;C:\Program Files\dotnet\;C:\Program Files\nodejs\;C:\Program Files\Git\cmd;C:\Program Files\Cloudflare\Cloudflare WARP\;C:\Program Files\MySQL\MySQL Shell 8.0\bin\;C:\Users\ASUS\AppData\Local\Microsoft\WindowsApps;D:\Microsoft VS Code\bin;C:\MinGW\bin;C:\Program Files\Java\jdk-20\bin;"C:\Users\ASUS\Downloads\flutter_windows_3.13.7-stable.zip\flutter\bin;";C:\Users\ASUS\AppData\Roaming\npm;C:\Program Files\JetBrains\IntelliJ IDEA Community Edition 2023.3.5\bin;;D:\cursor\resources\app\bin;D:\Antigravity\bin
USERNAME=ASUS
OS=Windows_NT
PROCESSOR_IDENTIFIER=Intel64 Family 6 Model 140 Stepping 1, GenuineIntel
TMP=C:\Users\ASUS\AppData\Local\Temp
TEMP=C:\Users\ASUS\AppData\Local\Temp




Periodic native trim disabled

JNI global refs:
JNI global refs: 28, weak refs: 15

JNI global refs memory usage: 835, weak refs: 833

Process memory usage:
Resident Set Size: 405988K (1% of 20658660K total physical memory with 1611204K free physical memory)

OOME stack traces (most recent first):
Classloader memory used:
Loader org.gradle.internal.classloader.VisitableURLClassLoader                         : 28681K
Loader bootstrap                                                                       : 22717K
Loader org.gradle.initialization.MixInLegacyTypesClassLoader                           : 6697K
Loader org.gradle.internal.classloader.VisitableURLClassLoader                         : 756K
Loader jdk.internal.loader.ClassLoaders$PlatformClassLoader                            : 501K
Loader jdk.internal.loader.ClassLoaders$AppClassLoader                                 : 235K
Loader jdk.internal.reflect.DelegatingClassLoader                                      : 188K
Loader org.gradle.groovy.scripts.internal.DefaultScriptCompilationHandler$ScriptClassLoader: 37720B
Loader org.codehaus.groovy.runtime.callsite.CallSiteClassLoader                        : 7232B

Classes loaded by more than one classloader:
Class org.gradle.internal.IoActions                                                   : loaded 3 times (x 71B)
Class org.gradle.api.Action                                                           : loaded 3 times (x 70B)
Class org.gradle.api.GradleException                                                  : loaded 3 times (x 82B)
Class org.gradle.api.UncheckedIOException                                             : loaded 3 times (x 82B)
Class org.gradle.internal.operations.MultipleBuildOperationFailures                   : loaded 2 times (x 95B)
Class org.gradle.internal.classloader.DefaultClassLoaderFactory                       : loaded 2 times (x 82B)
Class kotlin.collections.AbstractList$Companion                                       : loaded 2 times (x 71B)
Class org.gradle.internal.classloader.ClassLoaderVisitor                              : loaded 2 times (x 76B)
Class org.gradle.api.internal.classpath.EffectiveClassPath                            : loaded 2 times (x 90B)
Class org.gradle.api.internal.DefaultClassPathProvider                                : loaded 2 times (x 76B)
Class [Lorg.gradle.api.internal.ClassPathProvider;                                    : loaded 2 times (x 69B)
Class org.gradle.api.internal.ClassPathProvider                                       : loaded 2 times (x 70B)
Class org.gradle.internal.service.UnknownServiceException                             : loaded 2 times (x 83B)
Class org.gradle.internal.classpath.TransformedClassPath                              : loaded 2 times (x 96B)
Class org.gradle.internal.classloader.InstrumentingClassLoader                        : loaded 2 times (x 70B)
Class kotlin.enums.EnumEntriesList                                                    : loaded 2 times (x 223B)
Class org.gradle.internal.service.ServiceLocator                                      : loaded 2 times (x 70B)
Class org.gradle.internal.InternalTransformer                                         : loaded 2 times (x 70B)
Class org.gradle.internal.time.DefaultTimer                                           : loaded 2 times (x 80B)
Class org.gradle.internal.classloader.ClasspathUtil$1                                 : loaded 2 times (x 76B)
Class org.gradle.api.internal.classpath.DefaultModuleRegistry$DefaultModule           : loaded 2 times (x 86B)
Class org.gradle.internal.time.DefaultCountdownTimer                                  : loaded 2 times (x 88B)
Class kotlin.Function                                                                 : loaded 2 times (x 70B)
Class org.gradle.api.internal.classpath.Module                                        : loaded 2 times (x 70B)
Class org.gradle.api.internal.classpath.UnknownModuleException                        : loaded 2 times (x 82B)
Class org.gradle.api.internal.DefaultClassPathRegistry                                : loaded 2 times (x 76B)
Class org.gradle.api.internal.ClassPathRegistry                                       : loaded 2 times (x 70B)
Class org.gradle.internal.classpath.DefaultClassPath$ImmutableUniqueList              : loaded 2 times (x 199B)
Class org.gradle.api.internal.classpath.ManifestUtil                                  : loaded 2 times (x 71B)
Class org.gradle.internal.classloader.ClassLoaderHierarchy                            : loaded 2 times (x 70B)
Class kotlin.UninitializedPropertyAccessException                                     : loaded 2 times (x 82B)
Class org.gradle.internal.installation.GradleInstallation$1                           : loaded 2 times (x 75B)
Class org.gradle.api.internal.classpath.ModuleRegistry                                : loaded 2 times (x 70B)
Class org.gradle.api.internal.classpath.DefaultModuleRegistry                         : loaded 2 times (x 86B)
Class org.gradle.util.internal.DefaultGradleVersion$Stage                             : loaded 2 times (x 75B)
Class org.gradle.internal.time.MonotonicClock                                         : loaded 2 times (x 77B)
Class org.gradle.internal.service.ServiceLookupException                              : loaded 2 times (x 82B)
Class org.gradle.internal.classloader.ClassLoaderFactory                              : loaded 2 times (x 70B)
Class org.gradle.internal.service.CachingServiceLocator                               : loaded 2 times (x 82B)
Class org.gradle.internal.time.TimeSource                                             : loaded 2 times (x 70B)
Class kotlin.enums.EnumEntries                                                        : loaded 2 times (x 70B)
Class org.gradle.internal.exceptions.ResolutionProvider                               : loaded 2 times (x 70B)
Class org.gradle.internal.classloader.ClasspathUtil                                   : loaded 2 times (x 71B)
Class org.gradle.internal.time.TimeSource$1                                           : loaded 2 times (x 77B)
Class org.gradle.api.specs.Spec                                                       : loaded 2 times (x 70B)
Class org.gradle.internal.time.Clock                                                  : loaded 2 times (x 70B)
Class kotlin.collections.AbstractList                                                 : loaded 2 times (x 197B)
Class kotlin.collections.AbstractCollection                                           : loaded 2 times (x 117B)
Class org.gradle.internal.classloader.VisitableURLClassLoader$InstrumentingVisitableURLClassLoader: loaded 2 times (x 123B)
Class org.gradle.internal.classloader.VisitableURLClassLoader$Spec                    : loaded 2 times (x 74B)
Class org.gradle.internal.classpath.DefaultClassPath                                  : loaded 2 times (x 90B)
Class org.gradle.util.internal.DefaultGradleVersion                                   : loaded 2 times (x 80B)
Class org.gradle.internal.classloader.ClassLoaderSpec                                 : loaded 2 times (x 71B)
Class org.gradle.internal.classloader.VisitableURLClassLoader                         : loaded 2 times (x 117B)
Class org.gradle.internal.classloader.FilteringClassLoader                            : loaded 2 times (x 105B)
Class org.gradle.internal.Cast                                                        : loaded 2 times (x 71B)
Class kotlin.jvm.functions.Function1                                                  : loaded 2 times (x 70B)
Class org.gradle.internal.classpath.DefaultClassPath$ImmutableUniqueList$Builder      : loaded 2 times (x 75B)
Class org.gradle.internal.classpath.ClassPath                                         : loaded 2 times (x 70B)
Class org.gradle.internal.exceptions.NonGradleCauseExceptionsHolder                   : loaded 2 times (x 70B)
Class kotlin.NotImplementedError                                                      : loaded 2 times (x 82B)
Class kotlin.enums.EnumEntriesKt                                                      : loaded 2 times (x 71B)
Class org.gradle.internal.classloader.SystemClassLoaderSpec                           : loaded 2 times (x 71B)
Class org.gradle.internal.exceptions.MultiCauseException                              : loaded 2 times (x 70B)
Class org.gradle.internal.time.CountdownTimer                                         : loaded 2 times (x 70B)
Class kotlin.jvm.internal.Intrinsics                                                  : loaded 2 times (x 71B)
Class org.gradle.tooling.model.ProjectModel                                           : loaded 2 times (x 70B)
Class kotlin.KotlinNullPointerException                                               : loaded 2 times (x 83B)
Class org.gradle.internal.exceptions.DefaultMultiCauseException                       : loaded 2 times (x 95B)
Class org.gradle.internal.time.Time                                                   : loaded 2 times (x 71B)
Class org.gradle.api.internal.classpath.GlobalCacheRootsProvider                      : loaded 2 times (x 70B)
Class org.gradle.internal.time.Timer                                                  : loaded 2 times (x 70B)
Class kotlin.jvm.internal.markers.KMappedMarker                                       : loaded 2 times (x 70B)
Class org.gradle.internal.installation.CurrentGradleInstallationLocator               : loaded 2 times (x 71B)
Class org.gradle.internal.service.DefaultServiceLocator                               : loaded 2 times (x 83B)
Class org.gradle.util.GradleVersion                                                   : loaded 2 times (x 79B)
Class org.gradle.internal.installation.CurrentGradleInstallation                      : loaded 2 times (x 73B)
Class org.gradle.util.internal.GUtil                                                  : loaded 2 times (x 71B)
Class org.gradle.internal.installation.GradleInstallation                             : loaded 2 times (x 75B)

---------------  S Y S T E M  ---------------

OS:
 Windows 11 , 64 bit Build 26100 (10.0.26100.3575)
OS uptime: 5 days 7:27 hours
Hyper-V role detected

CPU: total 4 (initial active 4) (2 cores per cpu, 2 threads per core) family 6 model 140 stepping 1 microcode 0xb6, cx8, cmov, fxsr, ht, mmx, 3dnowpref, sse, sse2, sse3, ssse3, sse4.1, sse4.2, popcnt, lzcnt, tsc, tscinvbit, avx, avx2, aes, erms, clmul, bmi1, bmi2, adx, avx512f, avx512dq, avx512cd, avx512bw, avx512vl, sha, fma, vzeroupper, avx512_vpopcntdq, avx512_vpclmulqdq, avx512_vaes, avx512_vnni, clflush, clflushopt, clwb, avx512_vbmi2, avx512_vbmi, hv, rdtscp, rdpid, fsrm, gfni, avx512_bitalg, f16c, cet_ibt, cet_ss, avx512_ifma
Processor Information for the first 4 processors :
  Max Mhz: 2995, Current Mhz: 2995, Mhz Limit: 2995

Memory: 4k page, system-wide physical 20174M (1573M free)
TotalPageFile size 28366M (AvailPageFile size 5M)
current process WorkingSet (physical memory assigned to process): 396M, peak: 399M
current process commit charge ("private bytes"): 422M, peak: 435M

vm_info: OpenJDK 64-Bit Server VM (21.0.8+-14196175-b1038.72) for windows-amd64 JRE (21.0.8+-14196175-b1038.72), built on 2025-10-01T10:24:33Z by "builder" with MS VC++ 16.10 / 16.11 (VS2019)

END.
