#
# There is insufficient memory for the Java Runtime Environment to continue.
# Native memory allocation (mmap) failed to map 331350016 bytes for G1 virtual space
# Possible reasons:
#   The system is out of physical RAM or swap space
#   The process is running with CompressedOops enabled, and the Java Heap may be blocking the growth of the native heap
# Possible solutions:
#   Reduce memory load on the system
#   Increase physical memory or swap space
#   Check if swap backing store is full
#   Decrease Java heap size (-Xmx/-Xms)
#   Decrease number of Java threads
#   Decrease Java thread stack sizes (-Xss)
#   Set larger code cache with -XX:ReservedCodeCacheSize=
#   JVM is running with Zero Based Compressed Oops mode in which the Java heap is
#     placed in the first 32GB address space. The Java Heap base address is the
#     maximum limit for the native heap growth. Please use -XX:HeapBaseMinAddress
#     to set the Java Heap base and to place the Java Heap above 32GB virtual address.
# This output file may be truncated or incomplete.
#
#  Out of Memory Error (os_windows.cpp:3528), pid=12752, tid=17436
#
# JRE version:  (20.0.2+9) (build )
# Java VM: Java HotSpot(TM) 64-Bit Server VM (20.0.2+9-78, mixed mode, sharing, tiered, compressed oops, compressed class ptrs, g1 gc, windows-amd64)
# No core dump will be written. Minidumps are not enabled by default on client versions of Windows
#

---------------  S U M M A R Y ------------

Command Line: org.jetbrains.kotlin.cli.jvm.K2JVMCompiler @D:\ShreeGanesh\app\build\20260511_1464437708532686618.compiler.options

Host: 11th Gen Intel(R) Core(TM) i3-1115G4 @ 3.00GHz, 4 cores, 19G,  Windows 11 , 64 bit Build 26100 (10.0.26100.3575)
Time: Mon May 11 13:38:42 2026 India Standard Time elapsed time: 0.041196 seconds (0d 0h 0m 0s)

---------------  T H R E A D  ---------------

Current thread (0x000001f1a477dad0):  JavaThread "Unknown thread" [_thread_in_vm, id=17436, stack(0x000000e8e2700000,0x000000e8e2800000)]

Stack: [0x000000e8e2700000,0x000000e8e2800000]
Native frames: (J=compiled Java code, j=interpreted, Vv=VM code, C=native code)
V  [jvm.dll+0x6bc25a]
V  [jvm.dll+0x84971a]
V  [jvm.dll+0x84b315]
V  [jvm.dll+0x84ba13]
V  [jvm.dll+0x280e4f]
V  [jvm.dll+0x6b8fe9]
V  [jvm.dll+0x6adbca]
V  [jvm.dll+0x35b165]
V  [jvm.dll+0x363386]
V  [jvm.dll+0x3b400e]
V  [jvm.dll+0x3b4295]
V  [jvm.dll+0x32b86a]
V  [jvm.dll+0x32c68b]
V  [jvm.dll+0x8123df]
V  [jvm.dll+0x3c1261]
V  [jvm.dll+0x7fe103]
V  [jvm.dll+0x44ccaf]
V  [jvm.dll+0x44e621]
C  [jli.dll+0x5287]
C  [ucrtbase.dll+0x37b0]
C  [KERNEL32.DLL+0x2e8d7]
C  [ntdll.dll+0xb14fc]


---------------  P R O C E S S  ---------------

Threads class SMR info:
_java_thread_list=0x00007ffe7bbcb118, length=0, elements={
}

Java Threads: ( => current thread )

Other Threads:
  0x000001f1a47f9040 WorkerThread "GC Thread#0" [stack: 0x000000e8e2800000,0x000000e8e2900000] [id=3040]
  0x000001f1a4804cf0 ConcurrentGCThread "G1 Main Marker" [stack: 0x000000e8e2900000,0x000000e8e2a00000] [id=15748]
  0x000001f1a4806d30 WorkerThread "G1 Conc#0" [stack: 0x000000e8e2a00000,0x000000e8e2b00000] [id=23924]

[error occurred during error reporting (printing all threads), id 0xc0000005, EXCEPTION_ACCESS_VIOLATION (0xc0000005) at pc=0x00007ffe7b3aeea7]
VM state: not at safepoint (not fully initialized)

VM Mutex/Monitor currently owned by a thread:  ([mutex/lock_event])
[0x000001f1a477bf60] Heap_lock - owner thread: 0x000001f1a477dad0

Heap address: 0x00000006c4c00000, size: 5044 MB, Compressed Oops mode: Zero based, Oop shift amount: 3

CDS archive(s) mapped at: [0x0000000000000000-0x0000000000000000-0x0000000000000000), size 0, SharedBaseAddress: 0x0000000800000000, ArchiveRelocationMode: 1.
Narrow klass base: 0x0000000000000000, Narrow klass shift: 0, Narrow klass range: 0x0

GC Precious Log:
 CardTable entry size: 512
 Card Set container configuration: InlinePtr #cards 4 size 8 Array Of Cards #cards 32 size 80 Howl #buckets 8 coarsen threshold 7372 Howl Bitmap #cards 1024 size 144 coarsen threshold 921 Card regions per heap region 1 cards per card region 8192

Heap:
 garbage-first heap   total 0K, used 0K [0x00000006c4c00000, 0x0000000800000000)
  region size 4096K, 0 young (0K), 0 survivors (0K)

[error occurred during error reporting (printing heap information), id 0xc0000005, EXCEPTION_ACCESS_VIOLATION (0xc0000005) at pc=0x00007ffe7b7847b9]
GC Heap History (0 events):
No events

Dll operation events (1 events):
Event: 0.015 Loaded shared library C:\Program Files\Java\jdk-20\bin\java.dll

Deoptimization events (0 events):
No events

Classes loaded (0 events):
No events

Classes unloaded (0 events):
No events

Classes redefined (0 events):
No events

Internal exceptions (0 events):
No events

VM Operations (0 events):
No events

Events (0 events):
No events


Dynamic libraries:
0x00007ff7ca8e0000 - 0x00007ff7ca8f0000 	C:\Program Files\Java\jdk-20\bin\java.exe
0x00007fff29260000 - 0x00007fff294c0000 	C:\WINDOWS\SYSTEM32\ntdll.dll
0x00007fff284d0000 - 0x00007fff28597000 	C:\WINDOWS\System32\KERNEL32.DLL
0x00007fff26590000 - 0x00007fff2695a000 	C:\WINDOWS\System32\KERNELBASE.dll
0x00007fff26ad0000 - 0x00007fff26c1b000 	C:\WINDOWS\System32\ucrtbase.dll
0x00007fff06fb0000 - 0x00007fff06fc9000 	C:\Program Files\Java\jdk-20\bin\jli.dll
0x00007fff27130000 - 0x00007fff271e2000 	C:\WINDOWS\System32\ADVAPI32.dll
0x00007fff28630000 - 0x00007fff286d9000 	C:\WINDOWS\System32\msvcrt.dll
0x00007fff289c0000 - 0x00007fff28a66000 	C:\WINDOWS\System32\sechost.dll
0x00007fff28a70000 - 0x00007fff28b86000 	C:\WINDOWS\System32\RPCRT4.dll
0x00007fff27dc0000 - 0x00007fff27f8c000 	C:\WINDOWS\System32\USER32.dll
0x00007fff27030000 - 0x00007fff27057000 	C:\WINDOWS\System32\win32u.dll
0x00007fff270d0000 - 0x00007fff270fa000 	C:\WINDOWS\System32\GDI32.dll
0x00007fff26d70000 - 0x00007fff26ea1000 	C:\WINDOWS\System32\gdi32full.dll
0x00007fff26440000 - 0x00007fff264e3000 	C:\WINDOWS\System32\msvcp_win.dll
0x00007fff01c40000 - 0x00007fff01c5b000 	C:\Program Files\Java\jdk-20\bin\VCRUNTIME140.dll
0x00007fff0a620000 - 0x00007fff0a8b9000 	C:\WINDOWS\WinSxS\amd64_microsoft.windows.common-controls_6595b64144ccf1df_6.0.26100.3575_none_3e0d5430e32ff727\COMCTL32.dll
0x00007fff12f10000 - 0x00007fff12f1b000 	C:\WINDOWS\SYSTEM32\VERSION.dll
0x00007fff28130000 - 0x00007fff2815f000 	C:\WINDOWS\System32\IMM32.DLL
0x00007fff067f0000 - 0x00007fff067fc000 	C:\Program Files\Java\jdk-20\bin\vcruntime140_1.dll
0x00007ffed09f0000 - 0x00007ffed0a7e000 	C:\Program Files\Java\jdk-20\bin\msvcp140.dll
0x00007ffe7b070000 - 0x00007ffe7bd08000 	C:\Program Files\Java\jdk-20\bin\server\jvm.dll
0x00007fff14060000 - 0x00007fff1406a000 	C:\WINDOWS\SYSTEM32\WSOCK32.dll
0x00007fff283a0000 - 0x00007fff28414000 	C:\WINDOWS\System32\WS2_32.dll
0x00007fff1c070000 - 0x00007fff1c0a6000 	C:\WINDOWS\SYSTEM32\WINMM.dll
0x00007fff25250000 - 0x00007fff2526a000 	C:\WINDOWS\SYSTEM32\kernel.appcore.dll
0x00007fff01c30000 - 0x00007fff01c3a000 	C:\Program Files\Java\jdk-20\bin\jimage.dll
0x00007fff23dc0000 - 0x00007fff24001000 	C:\WINDOWS\SYSTEM32\DBGHELP.DLL
0x00007fff28be0000 - 0x00007fff28f63000 	C:\WINDOWS\System32\combase.dll
0x00007fff28170000 - 0x00007fff28246000 	C:\WINDOWS\System32\OLEAUT32.dll
0x00007ffefe9c0000 - 0x00007ffefe9f9000 	C:\WINDOWS\SYSTEM32\dbgcore.DLL
0x00007fff264f0000 - 0x00007fff26589000 	C:\WINDOWS\System32\bcryptPrimitives.dll
0x00007ffefb8e0000 - 0x00007ffefb906000 	C:\Program Files\Java\jdk-20\bin\java.dll

dbghelp: loaded successfully - version: 4.0.5 - missing functions: none
symbol engine: initialized successfully - sym options: 0x614 - pdb path: .;C:\Program Files\Java\jdk-20\bin;C:\WINDOWS\SYSTEM32;C:\WINDOWS\WinSxS\amd64_microsoft.windows.common-controls_6595b64144ccf1df_6.0.26100.3575_none_3e0d5430e32ff727;C:\Program Files\Java\jdk-20\bin\server

VM Arguments:
java_command: org.jetbrains.kotlin.cli.jvm.K2JVMCompiler @D:\ShreeGanesh\app\build\20260511_1464437708532686618.compiler.options
java_class_path (initial): C:\Users\ASUS\.gradle\caches\modules-2\files-2.1\org.jetbrains.kotlin\kotlin-compiler-embeddable\2.0.21\79346ed53db48b18312a472602eb5c057070c54d\kotlin-compiler-embeddable-2.0.21.jar;C:\Users\ASUS\.gradle\caches\modules-2\files-2.1\org.jetbrains.kotlin\kotlin-stdlib\2.0.21\618b539767b4899b4660a83006e052b63f1db551\kotlin-stdlib-2.0.21.jar;C:\Users\ASUS\.gradle\caches\modules-2\files-2.1\org.jetbrains.kotlin\kotlin-script-runtime\2.0.21\c9b044380ad41f89aa89aa896c2d32a8c0b2129d\kotlin-script-runtime-2.0.21.jar;C:\Users\ASUS\.gradle\caches\modules-2\files-2.1\org.jetbrains.kotlin\kotlin-reflect\1.6.10\1cbe9c92c12a94eea200d23c2bbaedaf3daf5132\kotlin-reflect-1.6.10.jar;C:\Users\ASUS\.gradle\caches\modules-2\files-2.1\org.jetbrains.kotlin\kotlin-daemon-embeddable\2.0.21\c9e933b23287de9b5a17e2116b4657bb91aea72c\kotlin-daemon-embeddable-2.0.21.jar;C:\Users\ASUS\.gradle\caches\modules-2\files-2.1\org.jetbrains.intellij.deps\trove4j\1.0.20200330\3afb14d5f9ceb459d724e907a21145e8ff394f02\trove4j-1.0.20200330.jar;C:\Users\ASUS\.gradle\caches\modules-2\files-2.1\org.jetbrains.kotlinx\kotlinx-coroutines-core-jvm\1.6.4\2c997cd1c0ef33f3e751d3831929aeff1390cb30\kotlinx-coroutines-core-jvm-1.6.4.jar;C:\Users\ASUS\.gradle\caches\modules-2\files-2.1\org.jetbrains\annotations\13.0\919f0dfe192fb4e063e7dacadee7f8bb9a2672a9\annotations-13.0.jar
Launcher Type: SUN_STANDARD

[Global flags]
     intx CICompilerCount                          = 3                                         {product} {ergonomic}
     uint ConcGCThreads                            = 1                                         {product} {ergonomic}
     uint G1ConcRefinementThreads                  = 4                                         {product} {ergonomic}
   size_t G1HeapRegionSize                         = 4194304                                   {product} {ergonomic}
    uintx GCDrainStackTargetSize                   = 64                                        {product} {ergonomic}
   size_t InitialHeapSize                          = 331350016                                 {product} {ergonomic}
   size_t MarkStackSize                            = 4194304                                   {product} {ergonomic}
   size_t MaxHeapSize                              = 5289017344                                {product} {ergonomic}
   size_t MinHeapDeltaBytes                        = 4194304                                   {product} {ergonomic}
   size_t MinHeapSize                              = 8388608                                   {product} {ergonomic}
    uintx NonNMethodCodeHeapSize                   = 5832780                                {pd product} {ergonomic}
    uintx NonProfiledCodeHeapSize                  = 122912730                              {pd product} {ergonomic}
    uintx ProfiledCodeHeapSize                     = 122912730                              {pd product} {ergonomic}
    uintx ReservedCodeCacheSize                    = 251658240                              {pd product} {ergonomic}
     bool SegmentedCodeCache                       = true                                      {product} {ergonomic}
   size_t SoftMaxHeapSize                          = 5289017344                             {manageable} {ergonomic}
     bool UseCompressedClassPointers               = true                           {product lp64_product} {ergonomic}
     bool UseCompressedOops                        = true                           {product lp64_product} {ergonomic}
     bool UseG1GC                                  = true                                      {product} {ergonomic}
     bool UseLargePagesIndividualAllocation        = false                                  {pd product} {ergonomic}

Logging:
Log output configuration:
 #0: stdout all=warning uptime,level,tags foldmultilines=false
 #1: stderr all=off uptime,level,tags foldmultilines=false

Environment Variables:
CLASSPATH=D:\ShreeGanesh\\gradle\wrapper\gradle-wrapper.jar
PATH=C:\Program Files\Google\Chrome\Application;C:\Program Files\Common Files\Oracle\Java\javapath;C:\WINDOWS\system32;C:\WINDOWS;C:\WINDOWS\System32\Wbem;C:\WINDOWS\System32\WindowsPowerShell\v1.0\;C:\WINDOWS\System32\OpenSSH\;C:\Program Files\dotnet\;C:\Program Files\nodejs\;C:\Program Files\Git\cmd;C:\Program Files\Cloudflare\Cloudflare WARP\;C:\Program Files\MySQL\MySQL Shell 8.0\bin\;C:\Users\ASUS\AppData\Local\Microsoft\WindowsApps;D:\Microsoft VS Code\bin;C:\MinGW\bin;C:\Program Files\Java\jdk-20\bin;"C:\Users\ASUS\Downloads\flutter_windows_3.13.7-stable.zip\flutter\bin;";C:\Users\ASUS\AppData\Roaming\npm;C:\Program Files\JetBrains\IntelliJ IDEA Community Edition 2023.3.5\bin;;D:\cursor\resources\app\bin;D:\Antigravity\bin
USERNAME=ASUS
TERM=dumb
OS=Windows_NT
PROCESSOR_IDENTIFIER=Intel64 Family 6 Model 140 Stepping 1, GenuineIntel
TMP=C:\Users\ASUS\AppData\Local\Temp
TEMP=C:\Users\ASUS\AppData\Local\Temp




---------------  S Y S T E M  ---------------

OS:
 Windows 11 , 64 bit Build 26100 (10.0.26100.3575)
OS uptime: 5 days 19:39 hours
Hyper-V role detected

CPU: total 4 (initial active 4) (2 cores per cpu, 2 threads per core) family 6 model 140 stepping 1 microcode 0xb6, cx8, cmov, fxsr, ht, mmx, 3dnowpref, sse, sse2, sse3, ssse3, sse4.1, sse4.2, popcnt, lzcnt, tsc, tscinvbit, avx, avx2, aes, erms, clmul, bmi1, bmi2, adx, avx512f, avx512dq, avx512cd, avx512bw, avx512vl, sha, fma, vzeroupper, avx512_vpopcntdq, avx512_vpclmulqdq, avx512_vaes, avx512_vnni, clflush, clflushopt, clwb, avx512_vbmi2, avx512_vbmi, hv, rdtscp, rdpid, fsrm, gfni, avx512_bitalg, f16c, cet_ibt, cet_ss, avx512_ifma

Memory: 4k page, system-wide physical 20174M (1871M free)
TotalPageFile size 28359M (AvailPageFile size 96M)
current process WorkingSet (physical memory assigned to process): 12M, peak: 12M
current process commit charge ("private bytes"): 52M, peak: 368M

vm_info: Java HotSpot(TM) 64-Bit Server VM (20.0.2+9-78) for windows-amd64 JRE (20.0.2+9-78), built on 2023-06-14T10:08:48Z by "mach5one" with MS VC++ 17.1 (VS2022)

END.
